8,0:mohels=60
8,0:oleums=57
5,3:mudholes=32
5,3:mudhole=30
8,2:hums=26
5,3:modules=26
5,0:mushed=26
8,1:helms=25
8,2:hems=25
8,1:holms=25
8,2:housel=25
8,2:mouse=25
5,5:devels=24
8,2:lums=24
5,0:moshed=24
5,1:moulds=24
8,3:mush=24
8,5:slum=24
8,2:house=23
7,3:hovels=23
8,2:mels=23
8,2:mhos=23
8,2:mols=23
8,2:ohms=23
7,2:shovel=23
5,5:devel=22
8,2:elms=22
5,1:homed=22
7,3:hovel=22
8,3:lush=22
5,0:lushed=22
8,3:mesh=22
8,3:mosh=22
5,1:mould=22
5,0:moused=22
7,3:moves=22
5,1:muled=22
8,1:mules=22
5,4:odeums=22
8,5:shmo=22
5,0:should=22
8,5:shul=22
8,5:solum=22
8,2:hols=21
8,1:homes=21
8,2:louse=21
8,1:meous=21
2,6:mohel=21
8,5:sheol=21
5,5:dholes=20
5,5:doums=20
8,2:emus=20
5,0:housed=20
8,2:hues=20
8,1:moles=20
8,1:moues=20
8,3:muse=20
5,1:mused=20
7,4:ovum=20
8,5:sumo=20
8,3:ems=19
8,1:helos=19
8,2:hoes=19
8,1:holes=19
8,3:hosel=19
7,3:move=19
2,6:mules=19
8,3:oms=19
8,3:ousel=19
8,5:shoe=19
7,5:volume=19
7,5:vum=19
5,5:demos=18
5,5:dhole=18
5,5:domes=18
5,1:holed=18
2,6:homes=18
5,0:loused=18
8,2:lues=18
2,6:moles=18
2,6:moues=18
8,3:mus=18
8,5:slue=18
8,5:some=18
8,5:soul=18
5,0:souled=18
8,5:sum=18
7,5:velum=18
8,3:hose=17
2,6:hosel=17
1,6:housel=17
8,3:ohs=17
8,5:she=17
7,2:shove=17
8,5:sloe=17
5,5:duels=16
5,5:dulse=16
2,6:helos=16
4,6:hem=16
4,4:hem=16
2,6:holes=16
5,1:hosed=16
7,3:hove=16
8,3:lose=16
7,3:loves=16
6,2:mohels=16
8,3:mos=16
2,6:mule=16
2,4:mule=16
8,2:oles=16
7,4:ovules=16
8,5:sh=16
5,1:shoed=16
5,1:slued=16
8,5:sole=16
8,5:som=16
8,4:use=16
8,3:els=15
8,3:hes=15
2,6:home=15
2,4:home=15
8,3:hos=15
6,2:mohel=15
2,6:mole=15
2,4:mole=15
2,4:moue=15
2,6:moue=15
2,4:muse=15
2,6:muse=15
7,4:ovule=15
2,6:sheol=15
8,5:sue=15
5,5:doles=14
5,5:douse=14
8,3:les=14
7,3:luvs=14
3,6:mhos=14
6,2:mules=14
8,4:ose=14
2,6:ousel=14
8,5:sel=14
8,5:sol=14
5,1:soled=14
4,4:som=14
4,6:som=14
8,5:sou=14
8,4:us=14
7,5:voles=14
5,4:em=13
5,6:em=13
2,4:helo=13
2,6:helo=13
6,2:hemes=13
2,6:hole=13
2,4:hole=13
6,2:homes=13
7,3:levo=13
7,3:love=13
7,3:luv=13
4,6:mel=13
4,6:mol=13
6,2:moles=13
6,2:moues=13
1,6:mouse=13
1,4:mouse=13
6,2:mule=13
8,3:oes=13
5,6:om=13
5,4:om=13
2,6:shmo=13
2,4:shmo=13
7,5:vole=13
8,4:es=12
6,4:helms=12
6,2:heme=12
6,2:home=12
2,4:hose=12
2,6:hose=12
1,6:house=12
1,4:house=12
3,6:hues=12
7,3:lev=12
5,3:module=12
6,2:mole=12
6,2:moue=12
6,2:muse=12
6,3:oleums=12
8,4:os=12
8,5:so=12
7,2:solve=12
2,4:sumo=12
2,6:sumo=12
5,6:eh=11
5,4:eh=11
6,5:emeus=11
6,4:hemes=11
3,6:hoes=11
6,2:holes=11
6,2:hosel=11
6,1:housel=11
1,6:louse=11
1,4:louse=11
3,6:lues=11
3,6:mho=11
3,4:mho=11
5,3:models=11
4,6:mos=11
5,6:oh=11
5,4:oh=11
5,2:seldom=11
2,4:some=11
2,6:some=11
6,5:emeu=10
6,4:helm=10
4,6:hes=10
6,2:hole=10
4,6:hos=10
2,6:lose=10
2,4:lose=10
5,2:melds=10
6,4:meous=10
5,3:model=10
5,3:modus=10
5,2:molds=10
6,1:mouse=10
5,4:odeum=10
3,6:oles=10
6,3:oleum=10
5,3:sedum=10
4,6:sel=10
2,4:shoe=10
2,6:shoe=10
2,4:slue=10
2,6:slue=10
4,6:sol=10
7,5:voes=10
5,5:devs=9
5,5:doum=9
5,6:el=9
6,5:elms=9
6,3:emeus=9
6,5:emus=9
6,4:heels=9
6,4:helos=9
6,4:heme=9
6,4:hems=9
5,2:holds=9
6,2:hose=9
6,1:house=9
3,6:hue=9
3,4:hue=9
4,6:les=9
5,2:meld=9
6,4:mesh=9
5,3:modes=9
5,2:mold=9
5,3:muds=9
2,6:sloe=9
2,4:sloe=9
2,6:sole=9
2,4:sole=9
7,5:voe=9
5,5:demo=8
5,5:dome=8
5,5:doms=8
6,5:emes=8
6,3:emeu=8
6,3:heels=8
5,2:held=8
6,4:hem=8
3,4:hoe=8
3,6:hoe=8
5,2:hold=8
5,2:hued=8
5,2:leuds=8
6,1:louse=8
5,3:ludes=8
4,6:me=8
4,4:me=8
5,3:meds=8
6,4:mels=8
6,4:meou=8
4,4:mo=8
4,6:mo=8
5,3:mode=8
5,3:mods=8
5,3:mud=8
4,6:oes=8
6,2:ousel=8
6,2:seme=8
3,4:she=8
3,6:she=8
6,3:sheol=8
6,2:some=8
5,5:dom=7
5,5:duel=7
5,5:duh=7
5,4:edhs=7
6,5:elm=7
6,3:emes=7
6,5:emu=7
5,6:es=7
4,6:he=7
4,4:he=7
6,3:heel=7
6,4:heel=7
6,4:helo=7
4,6:ho=7
4,4:ho=7
5,3:hods=7
5,2:hoed=7
6,3:hues=7
5,2:leud=7
5,3:lodes=7
6,2:lose=7
5,2:loud=7
5,3:lude=7
5,3:med=7
6,4:mel=7
5,3:mod=7
5,2:ohed=7
3,6:ole=7
3,4:ole=7
5,6:os=7
6,4:seem=7
6,3:seem=7
6,4:seme=7
5,2:shed=7
5,2:shod=7
6,2:shoe=7
6,2:slue=7
3,4:sue=7
3,6:sue=7
3,6:use=7
3,4:use=7
5,5:dels=6
5,5:dole=6
5,5:dols=6
5,5:dues=6
5,5:duos=6
5,4:edh=6
6,5:eels=6
5,3:elds=6
6,5:else=6
6,2:else=6
6,5:eme=6
6,3:eme=6
6,5:ems=6
5,3:hod=6
6,3:hoes=6
6,3:hue=6
4,4:lo=6
4,6:lo=6
5,3:lode=6
6,3:lues=6
5,3:olds=6
3,6:ose=6
3,4:ose=6
5,3:ouds=6
5,2:sled=6
6,2:sloe=6
5,2:sold=6
6,2:sole=6
5,2:sued=6
5,4:udos=6
5,2:used=6
5,5:del=5
5,5:does=5
5,5:dol=5
5,5:dose=5
5,5:due=5
5,5:duo=5
6,4:eels=5
5,3:eld=5
6,5:em=5
6,4:hes=5
6,3:hoe=5
5,3:led=5
6,3:lees=5
6,4:lees=5
6,4:leu=5
6,4:me=5
5,4:odes=5
4,4:oe=5
4,6:oe=5
5,3:old=5
6,3:oles=5
5,3:oud=5
6,4:seel=5
6,3:seel=5
6,3:she=5
4,6:so=5
4,4:so=5
5,4:udo=5
5,5:doe=4
5,5:dos=4
5,4:eds=4
6,5:eel=4
6,4:eel=4
6,5:eh=4
6,5:els=4
6,4:he=4
6,3:lee=4
6,4:lee=4
6,4:les=4
5,4:ode=4
5,4:ods=4
6,3:ole=4
6,4:sel=4
5,3:sod=4
6,3:sue=4
6,3:use=4
5,5:de=3
5,5:do=3
5,4:ed=3
6,5:el=3
5,4:od=3
6,4:oes=3
6,3:ose=3
6,3:see=3
6,4:see=3
6,5:es=2
6,4:oe=2
