 48 10,6  | FOGEY
 45  9,7  | HEDGY
 36 10,6  | GOOEY
 36 10,6  | HOOEY
 36 10,6  | YOGEE
 32  8,10 - FEH
 32  8,10 - FOH
 32  6,11 - HOOEY
 32  6,11 - HOOF
 30  8,8  - GEY
 30  8,8  - GOOF
 30  8,8  - GOY
 30  8,8  - HEY
 30  8,8  - HOOF
 30  8,8  - HOY
 27  9,8  | EDGY
 27  2,6  | FE
 26  8,8  - GOO
 24 10,2  | COHOG
 23  9,10 - EF
 23  2,6  | GO
 23  8,8  - GO
 23  2,6  | HE
 23  8,8  - HE
 23  2,6  | HO
 23  8,8  - HO
 23  9,10 - OF
 23  2,6  | YE
 23  2,6  | YO
 21  9,9  | DEF
 21  9,10 - OHO
 20 10,2  | COOEY
 20 10,10 - FE
 19  9,10 - EH
 19  9,10 - OH
 18  9,9  | DEY
 18  9,9  | DOG
 18  9,9  | DYE
 18  8,8  - OOH
 18 10,5  | YOGEE
 17  9,4  | GOOFED
 17  9,4  | HOOFED
 17  7,6  | OYEZ
 16 10,8  | FEH
 16 10,8  | FEY
 16  8,8  | FIG
 16  8,6  | FOGIE
 16 10,6  | GHEE
 16 10,7  | GHEE
 16 10,10 - HE
 16 10,10 - HO
 15  7,7  | FEZ
 14  1,6  - EYEN
 14  2,6  - FEN
 14  8,8  | FIE
 14 10,8  | GEY
 14 10,8  | HEY
 14  6,6  - SOOEY
 14 10,8  | YEH
 14  8,6  | YOGI
 13  9,8  - EF
 13  8,10 - FE
 13  8,7  | GHI
 13  9,8  - OF
 13  3,8  - SIGH
 12 10,2  | CHEF
 12  9,9  | DOE
 12 10,8  | FEE
 12  2,6  - GEN
 12  2,6  - HEN
 12  6,11 - HEY
 12  6,11 - HOG
 12  6,11 - HOY
 12 10,6  | OGEE
 12 10,7  | OGEE
 12  9,8  - OHO
 12  9,5  | OOHED
 12  2,6  - YEN
 12  9,7  | YODH
 11  9,8  - EH
 11  9,7  | FED
 11  8,8  | GIE
 11  9,6  | GOODY
 11  8,8  | HIE
 11  9,6  | HOODY
 11  8,8  - OE
 11  9,8  - OH
 11  5,11 - OHO
 11  9,8  - OY
 10 10,2  | COOF
 10 10,9  | EF
 10 10,9  | EGO
 10  5,11 - EH
 10 10,9  | EYE
 10 10,8  - FE
 10 10,8  | GEE
 10  8,8  | GI
 10  8,8  | HI
 10  6,11 - HOE
 10  5,11 - OH
 10  9,6  | OHED
 10  9,8  - OOH
  9 10,2  | COHO
  9  6,8  | FASH
  9  9,6  | FEOD
  9  9,6  | FOOD
  9  9,7  | GED
  9  9,7  | GOD
  9  6,11 - HE
  9  6,11 - HO
  9  9,7  | HOD
  9  9,7  | YOD
  8 10,2  | COG
  8 10,2  | COY
  8 10,9  | EH
  8  6,8  | GASH
  8  1,7  - GHAT
  8  9,6  | GOOD
  8  7,6  | HE
  8 10,8  - HE
  8  7,6  | HO
  8 10,8  - HO
  8  9,6  | HOED
  8  9,6  | HOOD
  8  6,6  - SHOG
  8 10,8  - YE
  8 10,8  - YO
  7  2,7  - FATE
  7  1,7  - FEAT
  7  7,6  | OF
  7 10,8  - OF
  7  6,6  - SHY
  6 10,2  | COO
  6  4,4  - DALE
  6  6,8  | EASY
  6  2,7  - EATH
  6  9,8  | EDH
  6  6,8  | FAS
  6  2,7  - FAT
  6 10,7  | FEE
  6 10,7  | FOE
  6  2,9  | FOR
  6  2,7  - GATE
  6  1,7  - GOAT
  6  2,7  - HATE
  6  1,7  - HEAT
  6  2,7  - OATH
  6  7,6  | OH
  6 10,8  - OH
  6  7,6  | OY
  6 10,8  - OY
  6  6,6  - SEGO
  6  6,6  - SHOE
  6  6,6  - SHOO
  5  6,9  | ASH
  5  8,1  | ETH
  5 10,7  | EYE
  5 10,8  | FE
  5  6,8  | GAS
  5  2,7  - GAT
  5 10,7  | GEE
  5  2,9  | GOR
  5  6,8  | HAS
  5  2,7  - HAT
  5 10,7  | HOE
  5  8,9  | IF
  5  6,6  - SEG
  5  6,6  - SHE
  5  6,6  - SOY
  4 10,8  | HE
  4  9,8  | ODE
  4  7,6  | OE
  4 10,8  - OE
  4  8,8  | OI
  4  6,6  - SH
  4 10,8  | YE
  3  3,7  - ATE
  3  9,9  | DE
  3  9,9  | DO
  3  2,7  - EAT
  3  9,8  | ED
  3  2,7  - OAT
  3  9,8  | OD
  2 10,8  | OE
  2  6,6  - SO
  1  5,10 | tE
  1  5,10 | tO
