 32 11,6  | ADOWN
 32 11,6  | AWNED
 32 11,6  | OWNED
 29  2,3  | DAWN
 29  2,3  | DOWN
 27  8,5  - ANTE
 27  3,7  | YODEL
 27  3,7  | YODLE
 26 11,6  | ALOW
 26 11,6  | ANEW
 26 11,6  | AWED
 26 11,6  | AWOL
 26  3,5  - LAWiNE
 26 11,6  | OLDEN
 26 11,6  | OWED
 24  3,5  - LADiNO
 23 11,6  | ALONE
 23 11,6  | ANODE
 23 11,6  | ANOLE
 23  8,5  - ANT
 23  4,5  - DWiNE
 22  2,4  | AWL
 22  2,4  | AWN
 22  8,4  | JAWED
 22  8,4  | JOWED
 22  8,4  | JOWLED
 22  2,4  | OWL
 22  2,4  | OWN
 21  1,6  - DA
 21  2,3  | DALE
 21  1,6  - DE
 21  1,6  - DO
 21  2,3  | DOLE
 21  2,3  | DONA
 21  2,3  | DONE
 21  2,3  | NODE
 21  5,5  - WiDE
 21  5,5  - WiNE
 21  5,5  - WiNO
 20  4,5  - ALiNE
 20  2,4  | AWE
 20  7,7  | ENDOW
 20  2,3  | NOEL
 20  2,4  | OWE
 19  5,5  - DiNE
 19  5,5  - DiNO
 19  8,5  - EAT
 19  5,5  - LiDO
 19  5,5  - LiNE
 19  5,5  - LiNO
 19  5,5  - NiDE
 19  8,5  - OAT
 18  4,1  | ADOWN
 18  9,6  | ADOWN
 18  7,6  | AEON
 18  5,5  - AiDE
 18  2,3  | DAW
 18  2,3  | DOW
 18  2,3  | NAW
 18  2,3  | NOW
 17 11,6  | AEON
 17 11,6  | ALOE
 17  9,6  | AWNED
 17  9,1  | DOER
 17  7,7  | ELAND
 17  7,7  | ENOW
 17  8,4  | JOWL
 17 11,6  | ODEA
 17 11,6  | OLEA
 17  9,6  | OWNED
 17  6,5  - iDE
 16  4,1  | ALOW
 16  9,6  | ALOW
 16  2,4  | AND
 16  4,1  | ANEW
 16  9,6  | ANEW
 16  9,6  | AWED
 16  3,2  - AWEE
 16  9,6  | AWOL
 16  9,6  | ENOW
 16  2,4  | OLD
 16  9,6  | OWED
 15  7,7  | ELAN
 15  7,7  | ELD
 15  7,7  | END
 15  9,6  | ENDOW
 15  7,7  | ENOL
 15  1,1  | EXILED
 15  8,4  | JAW
 15  8,4  | JOW
 15  3,1  | SAWED
 15  3,1  | SEWAN
 15  3,1  | SOWED
 15  2,5  | WE
 15  4,2  - WEED
 15  4,2  - WEEL
 15  4,2  - WEEN
 15  2,5  | WO
 14  2,4  | ADO
 14  2,4  | ALE
 14  2,4  | ANE
 14  2,3  | DAL
 14  2,3  | DAN
 14  2,3  | DOL
 14  2,3  | DON
 14  9,6  | ELAND
 14  7,7  | EON
 14  8,4  | JADE
 14  8,4  | JANE
 14  8,4  | JEAN
 14  8,4  | JEON
 14  8,4  | JOLE
 14  2,3  | NOD
 14  2,4  | ODA
 14  2,4  | ODE
 14  2,4  | OLE
 14  2,4  | ONE
 13  7,6  | AE
 13  9,6  | ALONE
 13  9,6  | ANODE
 13  9,6  | ANOLE
 13  2,4  | AW
 13  9,6  | AWL
 13  9,6  | AWN
 13  4,3  - DECO
 13  7,7  | EW
 13  1,4  - LAWN
 13  1,4  - LEWD
 13  4,3  - LOCA
 13  1,4  - LOWN
 13  7,6  | OE
 13  9,6  | OLDEN
 13  2,4  | OW
 13  9,6  | OWL
 13  9,6  | OWN
 13  4,2  - WAE
 13  4,2  - WEE
 13  4,2  - WOE
 12  4,1  | ALAND
 12  3,2  - ALEE
 12  3,2  - ALOE
 12  3,2  - AW
 12  9,6  | AWE
 12  4,1  | AWED
 12  4,1  | AWNED
 12  4,1  | AWOL
 12  9,2  | DERE
 12  2,3  | DOE
 12  9,6  | ELAN
 12  9,6  | ENOL
 12  2,5  | EW
 12  8,4  | JOE
 12  2,3  | NAE
 12  3,2  - OW
 12  2,5  | OW
 12  9,6  | OWE
 12  3,1  | SAWN
 12  3,1  | SEWN
 12  3,1  | SOWN
 11  4,1  | ALANE
 11  4,1  | ALONE
 11  4,1  | ANODE
 11  4,1  | ANOLE
 11  9,5  - ATE
 11  9,6  | AW
 11  7,7  | ED
 11  7,7  | EL
 11  7,7  | EN
 11  9,6  | EW
 11  8,4  | JA
 11  8,4  | JE
 11  8,4  | JO
 11  1,4  - LAND
 11  1,4  - LEND
 11  4,2  - NEED
 11  4,2  - NOEL
 11  5,3  - OCA
 11  9,6  | OW
 11  3,1  | SALON
 11  3,1  | SANED
 11  3,1  | SEDAN
 11  3,1  | SOLAN
 11  3,1  | SOLED
 11  3,1  | SWALE
 11  3,5  - WADi
 10  9,6  | AEON
 10  4,1  | ALAN
 10  3,3  - ALEC
 10  9,6  | ALOE
 10  3,5  - ALOiN
 10  4,1  | ANAL
 10 11,1  | ANES
 10  3,5  - ELAiN
 10  3,5  - ELOiN
 10  7,7  | EO
 10  1,9  | GAD
 10  1,9  | GAL
 10  1,9  | GAN
 10  1,9  | GED
 10  1,9  | GEL
 10  1,9  | GEN
 10  1,9  | GOD
 10  1,4  - LEAD
 10  1,4  - LEAL
 10  1,4  - LEAN
 10  1,4  - LOAD
 10  1,4  - LOAN
 10  1,4  - LOWE
 10  9,6  | ODEA
 10 11,1  | ODES
 10  9,6  | OLEA
 10  3,5  - OLEiN
 10 11,1  | ONES
 10  3,1  | SAW
 10  3,1  | SEW
 10  3,1  | SONDE
 10  3,1  | SOW
 10  4,5  - WAiN
  9  2,4  | AD
  9  4,1  | AEON
  9  2,4  | AL
  9  2,4  | AN
  9  9,6  | AND
  9 11,6  | AWL
  9 11,6  | AWN
  9  2,3  | DA
  9  2,5  | DA
  9  2,5  | DE
  9  4,2  - DEE
  9  2,3  | DO
  9  2,5  | DO
  9  4,2  - DOE
  9  9,6  | ELD
  9  9,6  | END
  9  1,5  - ENOW
  9  7,4  | IDE
  9  2,5  | LA
  9  4,2  - LEE
  9  2,5  | LO
  9  3,5  - LWEi
  9  2,3  | NA
  9  2,5  | NA
  9  4,2  - NAE
  9  2,5  | NE
  9  4,2  - NEE
  9  2,3  | NO
  9  2,5  | NO
  9  2,4  | OD
  9  9,6  | OLD
  9  2,4  | ON
  9 11,6  | OWL
  9 11,6  | OWN
  9  3,1  | SLAW
  9  3,1  | SLEW
  9  3,1  | SLOW
  9  3,1  | SNAW
  9  3,1  | SNOW
  9  3,1  | SWAN
  9  5,7  | UhLAN
  9  5,5  - WiN
  8  3,2  - AD
  8  9,6  | ADO
  8  3,2  - AL
  8  9,6  | ALE
  8  3,2  - AN
  8  9,6  | ANE
  8 11,6  | AWE
  8  4,3  - DOC
  8  2,5  | ED
  8  2,5  | EL
  8  2,5  | EN
  8  1,3  - IDLE
  8  4,3  - LAC
  8  1,4  - LADE
  8  1,4  - LANE
  8  4,5  - LAiD
  8  4,5  - LAiN
  8  1,4  - LENO
  8  1,4  - LODE
  8  1,4  - LONE
  8  4,5  | LOOP
  8  4,5  - LOiD
  8  4,5  - LOiN
  8  3,2  - OD
  8  2,5  | OD
  8  9,6  | ODA
  8  9,6  | ODE
  8  9,6  | OLE
  8  3,2  - ON
  8  2,5  | ON
  8  9,6  | ONE
  8 11,6  | OWE
  8  3,1  | SAND
  8  3,1  | SEND
  8  3,1  | SOLD
  8  3,7  - YOUSE
  7  9,6  | AD
  7  2,4  | AE
  7  5,2  - AEON
  7  9,6  | AL
  7  4,1  | ALAE
  7  4,1  | ALOE
  7  9,6  | AN
  7 11,6  | AND
  7  4,1  | ANOA
  7  9,5  - AT
  7 11,6  | AW
  7  4,1  | AWL
  7  4,1  | AWN
  7  3,5  - DELi
  7  3,5  - DENi
  7  5,5  - DiN
  7  9,6  | ED
  7  9,6  | EL
  7  1,5  - ELAN
  7  1,5  - ELD
  7  9,6  | EN
  7  1,5  - END
  7  1,5  - ENOL
  7  9,6  | EON
  7  9,3  | ERA
  7  9,3  | ERE
  7  9,5  - ET
  7  1,5  - EWE
  7  1,9  | GAE
  7  1,9  | GOA
  7  1,3  - IDOL
  7  1,4  - LAW
  7  4,6  | LOP
  7  1,4  - LOW
  7  5,5  - LiD
  7  5,5  - LiN
  7  6,6  - NAW
  7  6,6  - NEONS
  7  6,6  - NEW
  7  6,6  - NODES
  7  3,5  - NODi
  7  6,6  - NOELS
  7  6,6  - NONAS
  7  6,6  - NONES
  7  6,6  - NOW
  7  9,6  | OAD
  7  9,6  | OD
  7  2,4  | OE
  7 11,6  | OLD
  7  9,6  | ON
  7 11,6  | OW
  7  8,6  - OWSE
  7  3,1  | SADE
  7  3,1  | SALE
  7  3,1  | SANE
  7  3,1  | SLED
  7  3,1  | SNED
  7  3,1  | SODA
  7  3,1  | SOLA
  7  3,1  | SOLE
  7  3,1  | SONE
  6 11,6  | ADO
  6  3,2  - AE
  6 11,6  | ALE
  6 11,6  | ANE
  6  4,1  | AWA
  6  4,1  | AWE
  6  5,5  - AiD
  6  5,5  - AiN
  6  5,2  - EEL
  6  1,5  - EEL
  6  5,2  - EEN
  6  1,5  - EEN
  6  2,5  | EO
  6  1,5  - EON
  6  6,2  - EWE
  6  1,3  - IDEA
  6  1,3  - ILEA
  6  1,3  - ION
  6  3,5  - NAOi
  6 11,6  | OAD
  6 11,6  | ODA
  6 11,6  | ODE
  6  3,2  - OE
  6  2,5  | OE
  6 11,6  | OLE
  6 11,6  | ONE
  6  3,1  | SAD
  6  3,1  | SAL
  6  3,1  | SAN
  6  3,1  | SEAL
  6  3,1  | SEL
  6  3,1  | SEN
  6  3,1  | SLOE
  6  3,1  | SOD
  6  3,1  | SOL
  6  3,1  | SON
  6  8,6  - WAS
  6  8,6  - WOS
  5 11,6  | AD
  5  9,6  | AE
  5 11,6  | AL
  5  8,6  - ALSO
  5 11,6  | AN
  5  4,1  | AND
  5  4,1  | AW
  5  8,6  - DOSE
  5  6,2  - ELD
  5  6,2  - END
  5  9,6  | EO
  5 11,3  | ESE
  5  6,2  - EW
  5  1,5  - EW
  5  7,4  | ID
  5  1,3  - IDE
  5  7,4  | IN
  5  1,4  - LAD
  5  8,6  - LASE
  5  1,4  - LED
  5  8,6  - LOSE
  5  9,6  - LSD
  5  6,6  - NAN
  5  6,6  - NED
  5  6,6  - NOD
  5  8,6  - NOSE
  5 11,6  | OD
  5  9,6  | OE
  5 11,6  | ON
  5 10,5  - TE
  5  6,5  - iD
  5  6,5  - iN
  4  4,1  | AAL
  4  4,1  | ADO
  4  8,6  - ADS
  4  5,2  - AE
  4 11,6  | AE
  4  4,1  | ALA
  4  4,1  | ALE
  4  8,6  - ALS
  4  4,1  | ANA
  4  4,1  | ANE
  4  8,6  - DOS
  4  8,6  - EDS
  4  5,2  - EE
  4  6,2  - EEL
  4  6,2  - EEN
  4  8,6  - ELS
  4  8,6  - ENS
  4  6,2  - EON
  4  1,9  | GO
  4  8,6  - LAS
  4  1,4  - LEA
  4  6,6  - NAE
  4  8,6  - NOS
  4  8,6  - ODS
  4  5,2  - OE
  4 11,6  | OE
  4  8,6  - ONS
  4  3,1  | SAE
  4  3,1  | SEA
  4  5,1  | TA
  4  5,1  | TE
  4  5,1  | TO
  3  4,1  | AD
  3  4,1  | AL
  3  4,1  | AN
  3  4,5  - ANi
  3  6,2  - ED
  3  1,5  - ED
  3  6,2  - EL
  3  1,5  - EL
  3  6,2  - EN
  3  1,5  - EN
  3  1,3  - ID
  3  1,3  - IN
  3  1,4  - LA
  3  4,5  - LEi
  3  1,4  - LO
  3  6,6  - NA
  3  6,6  - NE
  3  6,6  - NO
  3  8,6  - OES
  3  9,6  - OSE
  2  4,1  | AA
  2  4,1  | AE
  2  9,6  - AS
  2  5,5  - Di
  2  6,2  - EE
  2  1,5  - EE
  2  6,2  - EO
  2  1,5  - EO
  2  9,6  - ES
  2  5,5  - Li
  2  9,6  - OS
  2  3,1  | SA
  2 10,6  - SA
  2  3,1  | SO
  2 10,6  - SO
  1  5,5  - Ai
  1  5,5  - Oi
