 64  7,5  - MALENESS
 64  7,5  - MANELESS
 61  7,8  - LAMENESS
 61  7,8  - MALENESS
 61  7,8  - MANELESS
 61  7,8  - NAMELESS
 61  7,8  - SALESMEN
 60  7,5  - LAMENESS
 60  7,5  - NAMELESS
 36  9,3  | MENSES
 34  9,3  | LENSES
 34  9,2  | NEEMS
 33  9,3  | MENSE
 33  9,2  | SEEMS
 32  9,3  | LESSEN
 31  9,4  | EMS
 31  9,3  | LENSE
 31  7,1  | MELENA
 31  9,1  | SEMENS
 30  9,3  | SENSE
 29  9,4  | ELSE
 28  7,5  - MANLESS
 28  9,6  | SEMENS
 27  7,2  | ENEMA
 27  9,3  | MELS
 26  5,9  - MENSES
 26  9,2  | NEEM
 26  7,3  | NEMA
 26  9,6  | SEMEN
 26  3,9  - SEMENS
 25  9,3  | LENS
 25  7,5  - MANSES
 25  5,9  - MENSE
 25  9,2  | SEELS
 25  9,2  | SEEM
 25  9,6  | SEMES
 24  9,3  | EELS
 24  6,8  - ENAMELS
 24  7,5  - MALES
 24  7,5  - MANES
 24  7,8  - MANLESS
 24  7,5  - MANSE
 24  3,8  - MELENAS
 24  5,9  - MELS
 24  3,9  - MENSES
 24  8,9  - SEEMS
 24  9,3  | SELS
 24  9,6  | SEME
 23  9,4  | ELS
 23  9,4  | EM
 23  9,4  | ENS
 23  7,5  - MALE
 23  7,5  - MANE
 23  7,5  - MANS
 23  3,9  - MESNES
 23  6,9  - MESNES
 23  9,3  | MESS
 23  5,9  - MESS
 23  8,9  - SEEM
 23  9,1  | SEMEN
 23  8,9  - SEMENS
 22  9,5  | ESES
 22  3,9  - LENSES
 22  5,9  - LENSES
 22  5,9  - LESSEN
 22  6,9  - LESSEN
 22  7,5  - MAN
 22  7,5  - MASSE
 22  6,8  - MEASLES
 22  3,8  - MELENA
 22  4,8  - MENSAL
 22  4,9  - NEEMS
 22  9,6  | SEEMS
 22  8,9  - SEMEN
 21  5,9  - ELMS
 21  9,3  | LEES
 21  5,9  - LENSE
 21  9,3  | LESS
 21  7,5  - MAES
 21  7,5  - MASS
 21  6,9  - MESNE
 21  9,3  | NESS
 21  9,6  | SEEM
 21  4,9  - SEEMS
 21  4,9  - SEMES
 21  8,9  - SEMES
 21  9,6  | SENSE
 21  6,5  - SLAMS
 20  5,9  - EMES
 20  4,8  - ENEMAS
 20  7,5  - LAMES
 20  9,1  | LENES
 20  4,9  - LENES
 20  5,9  - LENS
 20  7,5  - MAE
 20  7,8  - MANSES
 20  7,5  - MAS
 20  4,8  - MENSAE
 20  4,8  - MENSAS
 20  4,8  - MESSAN
 20  7,5  - NAMES
 20  9,6  | SEELS
 20  8,9  - SEELS
 20  9,3  | SEES
 20  9,6  | SELS
 20  8,9  - SEME
 20  9,6  | SENE
 20  6,5  - SLAM
 19  4,9  - ESNES
 19  7,9  - ESNES
 19  9,4  | ESS
 19  7,5  - LAME
 19  7,5  - LAMS
 19  5,9  - LEES
 19  9,1  | LESES
 19  4,9  - LESES
 19  5,9  - LESS
 19  9,3  | MEL
 19  9,3  | MEN
 19  6,9  - MESS
 19  7,5  - NAME
 19  5,9  - NESS
 19  9,6  | SEEL
 19  8,9  - SEEL
 19  4,9  - SEELS
 19  9,6  | SEEN
 19  8,9  - SEEN
 19  9,6  | SEL
 19  9,1  | SEMES
 19  9,6  | SEN
 19  5,9  - SENSE
 19  8,9  - SENSE
 18  8,8  - ALMES
 18  8,8  - AMENS
 18  5,9  - EELS
 18  6,9  - EMS
 18  4,8  - ENEMA
 18  7,5  - LAM
 18  6,9  - LESES
 18  7,5  - MA
 18  7,5  | MA
 18  4,8  - MENSA
 18  6,7  - MEWLS
 18  7,5  - NAM
 18  9,6  | SEES
 18  5,9  - SELS
 18  8,9  - SELS
 18  8,9  - SENE
 17  6,9  - ELSE
 17  9,7  | EMES
 17  5,9  - ESES
 17  7,9  - ESNE
 17  9,1  | ESNES
 17  6,9  - LESS
 17  7,8  | MESNES
 17  9,8  | MESNES
 17  6,7  - MEWL
 17  6,9  - NESS
 17  9,6  | SEE
 17  9,2  | SEEL
 17  9,2  | SEEN
 17  5,9  - SEES
 17  8,9  - SEES
 16  8,8  - ANELES
 16  9,3  | EEL
 16  9,7  | ELMS
 16  6,9  - ELS
 16  9,7  | EME
 16  9,2  | EMES
 16  9,7  | EMS
 16  6,9  - ENS
 16  7,9  - ESES
 16  7,5  - LANES
 16  7,8  | MENSES
 16  9,8  | MENSES
 16  7,8  | MESNE
 16  9,8  | MESNE
 16  6,7  - MEWS
 16  7,8  | NEEMS
 16  9,8  | NEEMS
 16  6,7  - NEWELS
 16  9,3  | SEL
 16  8,9  - SEL
 16  9,3  | SEN
 16  8,9  - SEN
 15  9,4  | EL
 15  9,7  | ELM
 15  9,7  | EM
 15  9,4  | EN
 15  6,9  - ESS
 15  7,9  - ESS
 15  7,5  - LANE
 15  7,8  | MENSE
 15  9,8  | MENSE
 15  6,7  - MEW
 15  7,8  | NEEM
 15  9,8  | NEEM
 15  8,9  - SEE
 14  8,8  - ANELE
 14  7,8  - EASELS
 14  7,9  - ES
 14  9,7  | ESNES
 14  8,4  - FLENSES
 14  7,5  - LASES
 14  9,2  | LEES
 14  6,2  | LESSoN
 14  7,8  | MELS
 14  9,8  | MELS
 14  6,7  - NEWEL
 14  9,8  | SEEMS
 14  7,1  | SEME
 14  9,1  | SEME
 14  6,5  | SoLEMN
 13  8,5  - AMENS
 13  5,6  - CoATLESS
 13  9,7  | ELSE
 13  9,5  | ES
 13  9,2  | ESES
 13  8,4  - FEMES
 13  8,4  - FLENSE
 13  7,5  - LASE
 13  7,5  - LASS
 13  9,3  | LEE
 13  7,8  | MESS
 13  9,8  | MESS
 13  9,3  | NEE
 13  9,8  | SEEM
 13  9,2  | SEES
 13  9,8  | SEMENS
 12  8,5  - AMEN
 12  5,6  | CENSES
 12  9,7  | EELS
 12  9,7  | ELS
 12  7,1  | ELSE
 12  9,1  | ELSE
 12  9,7  | ENS
 12  7,1  | ESNE
 12  9,1  | ESNE
 12  9,7  | ESNE
 12  8,4  | FATWAS
 12  7,5  - LAS
 12  7,8  | LENSES
 12  9,8  | LENSES
 12  7,8  | LESSEN
 12  9,8  | LESSEN
 12  7,8  | MEL
 12  9,8  | MEL
 12  7,8  | MEN
 12  9,8  | MEN
 12  7,5  - NAE
 12  6,7  - NEWS
 12  5,5  | SCENES
 12  9,3  | SEE
 12  9,8  | SEMEN
 12  7,1  | SENE
 12  9,1  | SENE
 12  4,8  - SENSA
 11  8,5  - ALMES
 11  8,5  - ANELES
 11  5,6  | CENSE
 11  5,6  - CoATEES
 11  9,4  | EE
 11  9,7  | EEL
 11  9,7  | EL
 11  9,8  | ELMS
 11  7,2  | EME
 11  9,2  | EME
 11  9,7  | EN
 11  6,8  - ENAMEL
 11  9,4  | ES
 11  9,7  | ESES
 11  8,4  - FEELS
 11  8,4  - FLEES
 11  5,8  - LEMANS
 11  7,8  | LENES
 11  9,8  | LENES
 11  7,8  | LENSE
 11  9,8  | LENSE
 11  6,7  - NEW
 11  5,5  | SCENE
 11  9,8  | SEMES
 11  6,7  - SEWN
 11  8,7  - WEENS
 10  8,5  - ALME
 10  8,5  - ALMS
 10  5,6  | CELS
 10  5,6  - CoATEE
 10  9,8  | EMES
 10  9,7  | ESS
 10  8,4  - FEME
 10  8,4  - FEMS
 10  8,4  - FESSE
 10  7,5  - LA
 10  7,5  | LA
 10  5,8  - LEMAN
 10  6,3  | LEMoNS
 10  7,8  | LENS
 10  9,8  | LENS
 10  7,8  | LESES
 10  9,8  | LESES
 10  7,3  | ME
 10  9,3  | ME
 10  7,8  | ME
 10  9,8  | ME
 10  6,8  - MEASLE
 10  6,3  | MELoNS
 10  7,5  - NA
 10  7,5  | NA
 10  6,8  - SEAMEN
 10  9,8  | SEELS
 10  9,8  | SEME
 10  6,7  - SEWS
 10  8,7  - WEEL
 10  8,7  - WEEN
 10  6,6  | oMENS
  9  8,5  - AM
  9  8,5  - ANELE
  9  5,6  | CEES
  9  5,6  | CESS
  9  9,7  | EE
  9  9,8  | ELM
  9  9,7  | ES
  9  9,8  | ESNES
  9  7,7  - EWES
  9  8,4  - FEM
  9  7,8  - LAMES
  9  7,2  | LEE
  9  9,2  | LEE
  9  7,8  | LEES
  9  9,8  | LEES
  9  6,3  | LEMoN
  9  7,8  | LESS
  9  9,8  | LESS
  9  7,8  - MALES
  9  7,8  - MANES
  9  7,8  - MANSE
  9  6,8  - MEALS
  9  6,8  - MEANS
  9  6,3  | MELoN
  9  6,3  | MESoNS
  9  7,8  - NAMES
  9  7,2  | NEE
  9  9,2  | NEE
  9  5,8  - NEMAS
  9  7,8  | NESS
  9  9,8  | NESS
  9  9,8  | SEEL
  9  9,8  | SEEN
  9  5,4  - SELFS
  9  9,8  | SENSE
  9  5,8  - SESAME
  9  6,7  - SEW
  9  6,8  - SLAMS
  9  8,7  - WENS
  8  8,8  - ALME
  8  8,8  - ALMS
  8  8,8  - AMEN
  8  5,6  | CEL
  8  9,8  | EELS
  8  9,8  | ELSE
  8  9,8  | EME
  8  9,8  | EMS
  8  9,8  | ESNE
  8  7,7  - EWE
  8  8,4  - FEEL
  8  8,4  - FENS
  8  8,4  - FLEE
  8  7,8  - LAME
  8  7,8  - LAMS
  8  7,8  - MALE
  8  7,8  - MANE
  8  7,8  - MANS
  8  7,8  - MASSE
  8  6,8  - MEAL
  8  6,8  - MEAN
  8  5,8  - MESAS
  8  6,3  | MESoN
  8  6,5  | MoLES
  8  7,8  - NAME
  8  7,3  | NE
  8  9,3  | NE
  8  5,8  - NEMA
  8  6,5  | NoMES
  8  6,8  - SEAMS
  8  5,4  | SECS
  8  7,2  | SEE
  8  9,2  | SEE
  8  5,4  - SELF
  8  9,8  | SELS
  8  9,8  | SENE
  8  6,8  - SLAM
  8  8,7  - WEES
  7  8,5  - ALEE
  7  8,5  - ALES
  7  8,5  - ANES
  7  5,6  | CEE
  7  5,6  - CoATS
  7  7,3  | EE
  7  9,3  | EE
  7  6,8  - ELANS
  7  6,4  - ELF
  7  9,8  | EM
  7  9,8  | ESES
  7  8,4  - FEES
  7  8,4  - FEN
  7  8,4  - FESS
  7  7,8  - LAM
  7  7,8  - LANES
  7  6,8  - LEANS
  7  6,8  - LEASES
  7  7,8  | LEE
  7  9,8  | LEE
  7  6,4  | LEoNES
  7  7,8  - MAES
  7  7,8  - MAN
  7  7,8  - MASS
  7  6,3  | MENo
  7  5,8  - MESA
  7  6,5  | MoLE
  7  6,5  | MoLS
  7  6,5  | MoNS
  7  7,8  - NAM
  7  7,8  | NEE
  7  9,8  | NEE
  7  6,4  - NEF
  7  6,5  | NoME
  7  6,5  | NoMS
  7  7,8  - SAME
  7  6,8  - SEAM
  7  9,8  | SEES
  7  8,7  - WEN
  7  6,6  | oMEN
  6  8,5  - ALE
  6  8,5  - ALS
  6  8,5  - ANE
  6  7,8  - EASEL
  6  9,8  | EEL
  6  7,4  - EFS
  6  6,8  - ELAN
  6  9,8  | ELS
  6  9,8  | ENS
  6  6,4  | ENoLS
  6  8,4  - FEE
  6  7,8  - LANE
  6  7,8  - LASES
  6  6,8  - LEAN
  6  6,8  - LEASE
  6  6,3  | LENoS
  6  6,4  | LEoNE
  6  7,8  - MAE
  6  7,8  - MAS
  6  6,5  | MoL
  6  6,5  | MoN
  6  6,5  | MoSS
  6  7,8  | NE
  6  9,8  | NE
  6  6,5  | NoELS
  6  6,5  | NoM
  6  7,8  - SALES
  6  7,8  - SANES
  6  6,8  - SEALS
  6  5,4  | SEC
  6  9,8  | SEL
  6  9,8  | SEN
  6  6,5  | SoME
  6  8,7  - WEE
  5  8,5  - AL
  5  8,8  - ALEE
  5  8,8  - ALES
  5  8,8  - AM
  5  8,5  - AN
  5  8,8  - ANES
  5  7,8  - EASES
  5  7,4  - EF
  5  9,8  | EL
  5  6,4  | EMo
  5  9,8  | EN
  5  6,4  | ENoL
  5  9,8  | ESS
  5  8,4  - FE
  5  7,8  - LASE
  5  7,8  - LASS
  5  6,8  - LEAS
  5  6,3  | LENo
  5  6,5  | LoESS
  5  6,5  | LoNE
  5  6,5  | LoSES
  5  7,8  - MA
  5  6,5  | MoS
  5  6,5  | NoEL
  5  6,5  | NoSES
  5  7,8  - SALE
  5  7,8  - SALS
  5  7,8  - SANE
  5  7,8  - SANS
  5  6,8  - SEAL
  5  9,8  | SEE
  5  6,4  | SLoES
  5  6,5  | SoLES
  5  6,5  | SoM
  5  6,5  | SoNES
  5  8,7  - WE
  5  6,6  | oMS
  4  8,8  - ALE
  4  8,8  - ALS
  4  8,8  - ANE
  4  8,5  - ASS
  4  7,8  - EASE
  4  9,8  | EE
  4  9,8  | ES
  4  6,5  | EoNS
  4  7,8  - LAS
  4  6,8  - LEA
  4  6,5  | LoSE
  4  6,5  | LoSS
  4  6,5  | Mo
  4  7,8  - NAE
  4  6,5  | NoES
  4  6,5  | NoSE
  4  7,8  - SAL
  4  6,8  - SEAS
  4  6,4  | SLoE
  4  6,5  | SoLE
  4  6,5  | SoLS
  4  6,5  | SoNE
  4  6,5  | SoNS
  4  6,6  | oLES
  4  6,6  | oM
  4  6,6  | oNES
  3  8,5  - AE
  3  8,8  - AL
  3  8,8  - AN
  3  8,5  - AS
  3  8,8  - ASS
  3  6,5  | EoN
  3  7,8  - LA
  3  7,8  - NA
  3  6,5  | NoS
  3  7,8  - SAE
  3  6,8  - SEA
  3  6,5  | SoL
  3  6,5  | SoN
  3  6,6  | oLE
  3  6,6  | oNE
  3  6,6  | oNS
  3  6,6  | oSES
  2  8,8  - AE
  2  8,8  - AS
  2  6,5  | Lo
  2  6,5  | No
  2  6,5  | SoS
  2  6,6  | oES
  2  6,6  | oN
  2  6,6  | oSE
  1  6,5  | So
  1  6,6  | oE
  1  6,6  | oS
