 45  8,1  - OYEZ
 45  9,1  - WIZ
 37  9,7  - XI
 30  3,7  - DEOXY
 28 10,6  | LOXED
 28  6,2  | OXEYE
 27  4,7  - DEXY
 27  4,7  - DOXY
 26  6,2  | DEXIE
 26  6,2  | DOXIE
 26  6,2  | OXIDE
 25  5,7  - OXY
 22  9,6  | EXED
 22  5,4  | YOWED
 21  5,4  | DEWY
 21  5,4  | YOWIE
 20  2,5  - DEOXY
 20  4,7  - DEX
 20  3,5  - DEXY
 20  5,4  | DOWIE
 20  3,5  - DOXY
 20 10,6  | LOWED
 20  5,6  | WIDE
 20  9,3  | WO
 20  6,7  - XI
 20  5,4  | YOWE
 20  6,2  | YOWIE
 19  5,5  | OWED
 19  3,7  - OXIDE
 19  5,6  | WYE
 19  5,4  | YEW
 19  5,4  | YOW
 18  5,4  | DEW
 18  5,4  | DOW
 18  6,2  | DOWIE
 18  5,7  - EX
 18  5,7  - OX
 18  5,6  | WED
 18 10,2  - XI
 18  9,3  | YO
 17  9,6  | EX
 17  5,5  | OWE
 17 10,4  | WILED
 17 10,4  | WILY
 17  5,6  | WOE
 16  3,5  - DEWY
 16  9,3  | DO
 16  5,5  | OW
 16  3,5  - OXID
 16  3,7  - OXID
 16  4,5  - OXY
 16  5,6  | WE
 16 10,4  | WELD
 16 10,4  | WILD
 16  5,6  | WO
 15  6,5  | DEOXY
 15 10,4  | WILE
 15  2,5  - YOWED
 15  2,7  - YOWED
 14  7,6  | AXED
 14  6,5  | DEXY
 14 10,5  | ILEX
 14  6,4  | OXEYE
 14 10,4  | YELD
 13  6,5  | DEXIE
 13  9,7  - DO
 13  9,3  - WEB
 13  4,7  - WIDE
 13  4,5  - YEW
 13  4,5  - YOW
 12  4,5  - DEW
 12  4,5  - DOW
 12  6,4  | EXED
 12  6,6  | EXED
 12  9,6  | EYED
 12  3,5  - OWED
 12  3,7  - OWED
 11 10,4  | DELI
 11  6,5  | DEX
 11  8,4  - JO
 11 10,6  | LEX
 11 10,6  | LOX
 11 10,4  | OILED
 11 10,4  | OILY
 11  5,6  - WEASELS
 11  6,4  | WEEDY
 11  6,5  | WEEDY
 11  9,3  - YOB
 11  6,3  | YOWED
 10  7,6  | AWED
 10  7,6  | AXE
 10 10,4  | DEL
 10  6,5  | DEWY
 10  4,5  - DEY
 10  9,6  | EWE
 10  5,5  - OW
 10  4,5  - WED
 10  4,7  - WED
  9  7,6  | AX
  9  9,3  - DEB
  9  9,3  - DIB
  9  6,6  | EX
  9 10,6  | LEWD
  9  5,7  - ODE
  9  4,5  - YOD
  9  4,7  - YOD
  9  6,3  | YOWE
  8  6,7  - DE
  8  9,6  | EYE
  8 10,6  | LOWE
  8 10,6  | LWEI
  8 10,4  | OIL
  8  6,4  | OWED
  8  5,5  - OY
  8  6,4  | WEED
  8  6,5  | WEED
  8  6,3  | WIDE
  8  6,4  | WYE
  8  6,5  | YEW
  7  6,5  | DEW
  7  9,6  | EIDE
  7 10,5  | ELD
  7  6,4  | EYED
  7  6,6  | EYED
  7 10,6  | LOW
  7  6,5  | WED
  7  5,5  - WO
  6  7,6  | AIDE
  6  7,6  | AWE
  6  6,5  | DEY
  6  6,4  | DYE
  6  5,5  - ED
  6  5,7  - ED
  6  6,4  | EWE
  6  6,6  | EWE
  6  5,5  - ID
  6  5,7  - ID
  6 10,6  | LEY
  6 10,6  | LIDO
  6 10,6  | LIED
  6 10,6  | LODE
  6 10,6  | LOID
  6 10,6  | LYE
  6  5,5  - OD
  6  5,7  - OD
  6  6,4  | OWE
  6  6,4  | WEE
  6  6,5  | WEE
  6  6,4  | WOE
  6  5,5  - YO
  5  7,6  | AW
  5  7,6  | AYE
  5  5,5  - DO
  5  9,6  | ED
  5  6,3  | EIDE
  5  6,6  | EIDE
  5 10,5  | EL
  5 10,5  - ET
  5  6,4  | EYE
  5  6,6  | EYE
  5 10,6  | LED
  5 10,6  | LID
  5 10,4  - WE
  5  6,5  | WE
  4  7,6  | ADO
  4  7,6  | AID
  4  7,6  | AY
  4  6,4  | DEE
  4  6,5  | DEE
  4  6,4  | DIE
  4  6,4  | DOE
  4 10,6  | LEI
  4 10,6  | LIE
  4  6,4  | ODE
  4 10,2  - OI
  4 10,4  - YE
  4  6,5  | YE
  3  7,6  | AD
  3 10,4  - DE
  3  6,5  | DE
  3  6,6  | ED
  3 10,6  | LI
  3 10,6  | LO
  2  7,6  | AE
  2  7,6  | AI
  2 10,4  - OE
  2  6,5  | OE
