 40  2,5  | OPUSES
 39  3,1  | QIS
 36  2,6  | FUSES
 36  2,6  | PUSES
 36  2,6  | SPUES
 36  2,6  | SUPES
 35  3,1  - PO
 33  3,1  | PIOUS
 33  3,1  | QI
 33  3,1  | SIPS
 33  9,1  - UPO
 33  9,1  - UPS
 32  2,6  | POSES
 30  3,1  | PISOS
 30  3,1  | SIP
 28  7,6  | SUQS
 27  9,1  - OPS
 27  3,1  | PIU
 26  7,6  | SOUPS
 26  7,6  | SUQ
 25  7,6  | SOUP
 24  3,1  | PISO
 24  3,1  | PISS
 24  9,1  - UP
 23  9,3  - OPS
 22  7,6  | SUPS
 22  4,1  | UMP
 21  2,3  - OF
 21  3,1  | PIS
 21  7,6  | SOPS
 21  3,9  | TUP
 20  2,2  | LOUPS
 20  2,4  | SPOUSE
 20  7,6  | SUP
 19  8,2  | KOPS
 19  7,6  | SOP
 19  7,6  | SOUS
 18  8,2  | KOP
 18  9,1  - OF
 18  9,1  - OP
 18  1,3  - PO
 18  1,3  - SOS
 18  3,9  | TOP
 17  3,1  - SO
 17  7,6  | SOU
 16  2,8  | FEUS
 16  2,5  | FOSSE
 16  2,6  | FUSE
 16  2,5  | POSSE
 16  7,6  | SOS
 16  2,6  | SPUE
 16  2,6  | SUPE
 16  5,5  - ZAPS
 16  9,2  | sUQS
 15  3,1  | FI
 15  4,1  | OMS
 15  3,1  | PI
 15  7,6  | SO
 15  9,1  - US
 15  5,5  - ZAP
 14  2,8  | FESS
 14  2,8  | FEU
 14  2,7  | FOES
 14  2,7  | OPES
 14  2,8  | PESO
 14  2,6  | POSE
 14  9,2  | sUQ
 13  4,6  - JETS
 13  9,2  | sOUPS
 12  2,9  | EFS
 12  2,1  | FLOPS
 12  8,2  | KUSSO
 12  2,8  | PES
 12  3,1  | SIS
 12  1,7  - SOPOR
 12  2,5  | SOUSE
 12  5,5  - ZAS
 12  9,2  | sOUP
 11  2,1  | FLOP
 11  3,4  - PONES
 10  2,9  | EF
 10  3,7  - FOR
 10  3,2  | IFS
 10  8,2  | KOSS
 10  3,4  - PONE
 10  2,10 - SO
 10  2,7  | SUES
 10  2,7  | USES
 10  9,2  | sUPS
  9  2,1  | FLOSS
  9  2,1  | FLUS
  9  3,2  | IF
  9  8,2  | KOS
  9  2,2  | LOUP
  9  9,1  - OS
  9  2,3  - OS
  9  2,1  | PLUS
  9  2,1  | SLOPS
  9  1,3  - SO
  9  1,7  - SPOOR
  8  2,1  | FLU
  8  2,2  | LOPS
  8  9,3  - OF
  8  9,3  - OP
  8  2,7  | OSES
  8  2,7  - POOR
  8  2,1  | SLOP
  8  3,4  - SONES
  8  9,2  | sOPS
  8  9,2  | sUP
  7  2,2  | LOP
  7  5,4  - NEF
  7  5,4  - NESS
  7  4,4  - ONES
  7  3,4  - SONE
  7  9,2  | sUSS
  6  2,9  | ESS
  6  2,7  | FOE
  6  2,8  | OES
  6  3,1  | OI
  6  4,4  - ONE
  6  2,7  | OPE
  6  3,1  | SI
  6  4,1  | UM
  6  9,1  | Us
  6  9,2  | sOP
  6  9,2  | sOUS
  5  2,8  | FE
  5  2,2  | LOSS
  5  4,1  | OM
  5  9,3  - OS
  5  2,8  | PE
  4  2,9  | ES
  4  2,7  | SUE
  4  2,7  | USE
  4  9,2  | sOU
  3  3,2  | IS
  3  2,2  | LO
  3  2,7  | OSE
  3  9,1  | Os
  3  9,2  | sOS
  2  2,8  | OE
  2  3,9  | TO
  2  9,2  | sO
