 28  1,11 - TAV
 26 11,3  - VATU
 24 12,4  - MAUT
 24 12,4  - MUTE
 23  1,10 - UVEA
 23 11,3  - VAU
 22 11,3  - VAT
 21 12,4  - MATE
 21 12,4  - MEAT
 21 12,4  - META
 20  9,3  - UVEA
 19  2,11 - AY
 19 13,1  | UVEA
 19 13,2  | VAU
 18  6,14 - ARTY
 18 12,3  - AVE
 18 11,3  - TAV
 17 11,2  | AVE
 17  7,4  | AVE
 17 11,3  - YA
 16 12,3  - AYE
 16  7,14 - RAVE
 16 13,3  | VAT
 16 11,1  | VATU
 16 13,1  | VATU
 16 13,3  | VET
 16  3,11 | VUM
 16 10,3  - YEA
 15  3,7  - AVER
 15 11,3  - EAU
 15 11,3  - TAU
 15  2,7  - TUYER
 15 10,3  - UTA
 15 11,1  | UVEA
 15  7,3  | UVEA
 15 11,2  | VAU
 15  2,10 - YEA
 14 12,3  - ATE
 14 12,3  - AY
 14 11,3  - EAT
 14 10,3  - ETA
 14 12,5  - IVY
 14 11,3  - TAE
 14 10,3  - TEA
 14  4,7  - VAR
 14 13,3  | YET
 13 13,2  | AVE
 13 11,2  | AYE
 13  7,4  | AYE
 13 11,3  - TA
 13 11,2  | TYE
 13  7,4  | TYE
 13  3,7  - TYER
 13 13,4  | UT
 13  2,10 - UTA
 13 13,2  | YEA
 13  3,7  - YEAR
 12 12,3  - AE
 12  6,14 - ARE
 12  6,14 - ART
 12 12,3  - AT
 12  5,4  | AVE
 12 13,3  | EAT
 12  6,14 - ERA
 12 12,7  - STAY
 12 12,7  - STEY
 12 11,4  | UTE
 12 11,3  | YA
 12  7,5  | YA
 12  4,7  - YAR
 12 11,3  | YE
 12  7,5  | YE
 12  3,11 | YUM
 11 13,4  | AT
 11 13,3  | AY
 11 13,2  | AYE
 11 11,2  | EAU
 11 13,2  | EAU
 11 11,6  | EAU
 11 13,4  | ET
 11  2,10 - ETA
 11 11,2  | TAU
 11 13,2  | TAU
 11  2,10 - TEA
 11  3,7  - TEAR
 11 13,2  | TYE
 11 13,2  | UTA
 11 13,2  | UTE
 11 10,5  | VITA
 11 10,4  - VUM
 11 11,2  | YEA
 11  7,4  | YEA
 10  6,14 | AL
 10 12,3  | AMIDST
 10  6,14 - AR
 10 11,4  | ATE
 10  7,13 - AVE
 10  5,4  | AYE
 10  4,7  - EAR
 10  6,14 | EL
 10  6,14 - ER
 10  9,4  - ETYMA
 10  8,10 | IDEA
 10 12,7  - SAVE
 10  4,7  - TAR
 10  5,4  | TYE
 10 11,2  | UTA
 10  7,4  | UTA
 10 11,2  | UTE
 10  7,4  | UTE
  9  5,7  - AR
  9 11,2  | ATE
  9 13,2  | ATE
  9  7,4  | ATE
  9 13,8  | AVE
  9 11,8  | AY
  9  5,7  | AYE
  9  5,7  - ER
  9 11,2  | ETA
  9 13,2  | ETA
  9  7,4  | ETA
  9  5,7  | EYE
  9 11,2  | TAE
  9 13,2  | TAE
  9  7,4  | TAE
  9 11,2  | TEA
  9 13,2  | TEA
  9  7,4  | TEA
  9 11,5  | TEA
  9 11,5  | TEE
  9  5,4  | UTE
  9 10,8  - VATU
  9  9,4  | VETO
  9 13,3  | YA
  9  3,10 - YA
  9 13,3  | YE
  9  5,5  | YE
  9 10,4  - YUM
  8 11,3  | AE
  8  7,5  | AE
  8  5,4  | ATE
  8  7,13 - AYE
  8  8,10 | IDE
  8 12,4  - MAY
  8  7,14 - RATE
  8 12,7  - STYE
  8 11,3  | TA
  8  7,5  | TA
  8  5,4  | TAE
  8  4,6  - TUFA
  8 10,4  - YAM
  7 13,3  | AE
  7  5,5  | AE
  7 11,4  - AMU
  7  9,4  | AUTO
  7  7,13 - AY
  7 13,8  | AYE
  7  7,13 - EAU
  7 11,4  - EMU
  7 12,4  - MUT
  7 12,4  - MY
  7  7,14 - REV
  7 12,7  - SUET
  7 13,3  | TA
  7  3,10 - TA
  7 10,4  - TAME
  7 12,8  - TAV
  7  9,4  - TEAM
  7 11,8  | UT
  7 10,8  - VAT
  7 10,8  - VET
  6  5,6  - AFT
  6 10,5  | AIT
  6 11,5  - AIT
  6  7,13 - ATE
  6 13,8  | AY
  6  7,13 - EAT
  6  5,6  - EFT
  6  7,13 - ETA
  6 12,4  - MAE
  6 12,4  - MAT
  6 12,4  - MET
  6 12,4  - MU
  6 12,7  - SATE
  6 12,7  - SEAT
  6 12,7  - SETA
  6 10,4  - TAM
  6 10,8  - TUTU
  6 12,8  - TUTU
  6 11,4  - UM
  6  8,13 | YE
  6 10,3  | YETI
  6 10,8  - YETT
  5 11,8  | AE
  5  7,13 - AE
  5 11,4  - AM
  5 11,8  | AT
  5  7,13 - AT
  5 13,8  | ATE
  5  5,6  - EF
  5 11,4  - EM
  5 11,8  | ET
  5  7,13 - ET
  5 10,3  | ETUI
  5  6,6  - FA
  5  6,6  - FE
  5 10,6  | IT
  5 12,4  - MA
  5 12,4  - ME
  5  4,9  | PA
  5  7,14 - RAY
  5  7,14 - RYA
  5  7,14 - RYE
  5 12,7  - SAY
  5  8,7  - SOT
  5 12,7  - STY
  5 12,8  - TAUT
  5 12,8  - TYE
  5 10,8  - YET
  4 11,5  | AE
  4 13,8  | AE
  4  8,13 | AE
  4 11,5  - AI
  4 13,8  | AT
  4  7,14 - RUE
  4  7,14 - RUT
  4 12,7  - SAU
  4 12,7  - SUE
  4 10,8  - TATE
  4 12,8  - TATE
  4 12,8  - TAU
  4 12,8  - TEAT
  4 10,4  | TUI
  4 10,8  - TUT
  4 12,8  - TUT
  4 11,8  - UTA
  4 11,8  - UTE
  3  7,13 | ARE
  3 11,8  - ATE
  3 10,8  - ATT
  3 11,8  - ATT
  3 10,8  - EAT
  3  7,13 | ERE
  3 11,8  - ETA
  3 12,5  - IT
  3  7,14 - RAT
  3  7,14 - RET
  3 12,7  - SAE
  3 12,7  - SAT
  3 12,7  - SEA
  3 12,7  - SET
  3 12,8  - TAE
  3 10,8  - TAT
  3 12,8  - TAT
  3 12,8  - TEA
  3 10,8  - TET
  3 12,8  - TET
  3 11,8  - UT
  2 10,5  | AI
  2 11,8  - AT
  2 11,8  - ET
  2  7,14 - RE
  2 12,8  - TA
  2 10,5  | TI
