 19  8,5  - FAH
 18  6,2  | DRAWS
 18  6,2  | WARDS
 16  6,2  | DRAGS
 16  6,2  | GRADS
 16  6,8  - HAJ
 16  6,2  | HARDS
 14 11,7  | GREW
 14  6,8  - RAJ
 13  9,8  | AI
 13 11,7  | DREW
 13 11,8  | HEW
 13  8,8  - JA
 13  9,4  | WAS
 12 11,8  | DEW
 12  9,4  | GAS
 12  9,4  | HAS
 12 10,3  | WHAM
 11 11,7  | AWED
 11 10,5  - HA
 10 11,7  | AGED
 10 11,7  | AHED
 10 10,5  - AW
 10 10,7  - AW
 10  4,7  - DAH
 10 11,7  | GAED
 10 11,7  | HAED
 10  9,4  | RAS
 10 10,3  | WARM
 10 11,8  | WED
 10  4,5  - WHA
  9 10,5  - AG
  9 10,7  - AG
  9 10,5  - AH
  9 10,7  - AH
  9  9,5  | AS
  9  8,5  - FA
  9 11,8  | GED
  9 10,3  | GRAM
  9 10,3  | HARM
  9  6,3  | HAWS
  9  4,7  - RAH
  9  6,3  | WAGS
  9  6,4  | WASH
  8 10,5  - AD
  8 10,7  - AD
  8 11,7  | AGER
  8  5,7  - AH
  8  7,7  - AN
  8  6,3  | DAWS
  8 10,3  | DRAM
  8 11,9  | EH
  8 10,4  | GAM
  8  6,4  | GASH
  8  6,3  | HAGS
  8 10,4  | HAM
  8 10,10 - OH
  8  7,6  | PA
  8  7,9  | RAW
  8  6,3  | WADS
  7 10,5  - AR
  7 10,7  - AR
  7  6,3  | DAGS
  7  6,3  | DAHS
  7 10,4  | DAM
  7  6,4  | DASH
  7  6,3  | GADS
  7 11,8  | HER
  7 10,5  | HM
  7  7,9  | RAG
  7  7,9  | RAH
  7  6,3  | RAWS
  7 11,8  | RED
  7  6,3  | WARS
  6  6,3  | ADDS
  6 10,4  | ARM
  6 11,7  | AWE
  6  6,3  | DADS
  6 11,9  | ED
  6  6,3  | GARS
  6  5,5  - HA
  6 10,10 - OD
  6  7,9  | RAD
  6  6,3  | RAGS
  6 10,4  | RAM
  6  6,4  | RASH
  6  6,6  | SAW
  6 11,7  | WAE
  6  6,4  | WAS
  5 11,7  | AGE
  5  6,4  | AGS
  5  6,4  | AHS
  5 10,5  | AM
  5  6,5  | ASH
  5 11,7  | GAE
  5  6,4  | GAS
  5 11,7  | HAE
  5  6,4  | HAS
  5 10,6  | MA
  5  6,3  | RADS
  5  6,6  | SAG
  5  6,6  | SHA
  5 11,8  | WE
  4  6,4  | ADS
  4 11,9  | ER
  4 11,8  | HE
  4 10,10 - OR
  4  6,6  | SAD
  4  6,6  | SH
  3 11,7  | ARE
  3  6,4  | ARS
  3 11,8  | DE
  3  6,4  | RAS
  2 11,8  | AE
  2  6,5  | AS
  2 11,8  | RE
