 42  4,4  - BINGO
 26 15,4  | CREDOS
 24  4,2  - BINGO
 21  3,11 - BONGS
 21  4,6  - GIBSONS
 20  3,11 - BIGOS
 20  3,11 - BIOGS
 20  8,1  | BISONS
 20  9,6  | INS
 20  9,6  | ONS
 19  2,11 - BINGOS
 19  2,11 - BOINGS
 19  6,6  - BONGS
 19  3,11 - GONGS
 19  9,13 | ONE
 18  6,6  - BIGOS
 18  6,6  - BIOGS
 18  8,1  | BISON
 18  2,11 - GOINGS
 18  3,11 - NOGGS
 17  4,9  | COIGN
 17  9,13 | OSE
 16  6,4  - BIO
 16 13,1  | BIS
 16  7,12 | BO
 16  4,12 | BOIL
 16 13,1  | BOS
 16  6,6  - GONGS
 16  9,7  | IS
 16  6,4  - OBI
 16  9,7  | OS
 16  8,3  | SNIB
 16  8,3  | SNOB
 15  4,11 - BIGS
 15  4,11 - BOGS
 15  4,11 - GIBS
 15  7,12 | GO
 15  4,11 - GOBS
 15 13,1  | INS
 15  6,13 - JIB
 15  6,13 - JOB
 15 13,1  | ONS
 15  5,8  | ZAGS
 14  7,4  - BI
 14  5,6  - BINGOS
 14  4,11 - BINS
 14  6,2  - BIO
 14  7,4  - BO
 14  5,6  - BOINGS
 14  8,1  | BOSS
 14  4,11 - GIGS
 14  4,11 - IGGS
 14  6,13 - JIG
 14  6,13 - JOG
 14  4,11 - NIBS
 14  7,12 | NO
 14  4,11 - NOBS
 14  6,6  - NOGGS
 14 13,1  | NOS
 14  6,2  - OBI
 14  8,3  | SIBS
 14  8,3  | SIGN
 14  8,3  | SING
 14  8,3  | SNOG
 14  8,3  | SOBS
 14  8,14 - SOEVER
 14  8,3  | SONG
 14  5,8  | ZAG
 14  5,8  - ZETAS
 13  4,11 - BIOS
 13  4,9  | CIONS
 13  4,9  | COINS
 13  4,11 - GINS
 13  5,6  - GNOSIS
 13  5,6  - GOINGS
 13  6,13 - JIN
 13  9,14 | NE
 13  9,14 - NEVER
 13  4,11 - NOGS
 13  4,11 - OBIS
 13  7,12 | SO
 12  5,11 - BIS
 12  5,6  - BISONS
 12  5,11 - BOS
 12  4,9  | CION
 12  4,9  | COBS
 12  4,9  | COIN
 12 15,4  | CREDO
 12  7,4  - GO
 12 13,2  | IS
 12 14,8  - NO
 12 13,2  | OS
 12  8,3  | SIB
 12  8,3  | SOB
 12  5,8  | ZAS
 11  4,9  | CIGS
 11  4,9  | COGS
 11 11,9  - FEODS
 11  4,11 - IONS
 11  6,13 - JO
 11 13,3  | SI
 11  6,6  - SNIBS
 11  6,6  - SNOBS
 11 13,3  | SO
 10  6,14 - AIS
 10  5,14 - BA
 10  5,14 | BI
 10  4,9  | CONI
 10  4,9  | CONS
 10  5,11 - INS
 10  8,12 | NISI
 10  7,4  - NO
 10  4,12 | NOIL
 10  5,11 - NOS
 10  5,11 - ONS
 10  6,6  - SIGNS
 10  6,6  - SINGS
 10  8,3  | SINS
 10  6,6  - SNOGS
 10  6,6  - SONGS
 10  8,3  | SONS
  9  7,6  - BIGS
  9  7,6  - BOGS
  9  8,13 - BOP
  9  4,9  | COB
  9  7,6  - GIBS
  9  7,6  - GOBS
  9  8,3  - SOUNDS
  8  7,6  - BINS
  8  4,9  | CIG
  8  4,9  | COG
  8  7,6  - GIGS
  8  8,13 - GIP
  8  7,6  - IGGS
  8  6,11 - IS
  8  7,6  - NIBS
  8  7,6  - NOBS
  8  7,4  - OI
  8  6,11 - OS
  8  7,4  - SI
  8  8,3  | SIN
  8  7,4  - SO
  8  8,3  | SON
  8  7,7  | STOTIN
  7  6,14 - AI
  7  7,2  - BI
  7  7,6  - BIOS
  7  7,2  - BO
  7  7,6  - BOSS
  7  4,9  | CON
  7  7,6  - GINS
  7  9,6  | IB
  7  7,14 | IB
  7 14,15 - IS
  7  8,13 - NIP
  7  7,6  - NOGS
  7  7,6  - OBIS
  7 14,15 - OS
  7  7,6  - SIBS
  7  7,6  - SOBS
  7  4,12 | SOIL
  6  8,1  | BIS
  6  8,6  - BIS
  6  8,1  | BOS
  6  8,6  - BOS
  6  4,9  | CIS
  6  4,9  | COS
  6  7,2  - GO
  6  8,13 | OBI
  6 13,4  - SIC
  6  8,13 - SIP
  6  8,3  | SIS
  6  8,13 - SOP
  6  8,3  | SOS
  5  8,14 | BI
  5  9,6  | IN
  5  7,6  - IONS
  5  4,13 | NIL
  5  7,2  - NO
  5  9,6  | ON
  5  9,13 - OP
  5  9,3  | OS
  5  9,4  - SAT
  5  7,6  - SINS
  5  7,6  - SONS
  5 15,11 | SORTS
  5  7,8  | TOTS
  4 11,7  - ID
  4  8,1  | INS
  4  8,6  - INS
  4  9,6  | IS
  4  8,1  | NOS
  4  8,6  - NOS
  4 11,7  - OD
  4  7,2  - OI
  4  9,6  | OI
  4  4,13 | OIL
  4  8,1  | ONS
  4  8,6  - ONS
  4  9,6  | OS
  4  7,2  - SI
  4  8,3  | SI
  4  7,2  - SO
  4  8,3  | SO
  4  4,13 | SOL
  4  7,7  | STOT
  3  8,1  | SIS
  3  8,6  - SIS
  3  8,1  | SOS
  3  8,6  - SOS
  2  8,2  | IS
  2  9,6  - IS
  2  8,14 | OI
  2  8,2  | OS
  2  9,6  - OS
  2  8,14 | SI
