 52  5,10 - BRAWNS
 52  5,10 - BROWNS
 40  5,10 - BARONS
 40  5,10 - BATONS
 40  6,10 - BRANTS
 40  5,10 - ROWANS
 37 10,1  | OW
 36  6,10 - BARNS
 36  6,10 - BRANS
 36  6,10 - BRANT
 36  6,10 - TOWNS
 36  6,10 - WARNS
 30 10,2  | BO
 30 10,2  | WO
 28  6,10 - TRONAS
 24  5,10 - BRAWN
 24  5,10 - BROWN
 24  6,10 - ROANS
 24  6,2  - SATARA
 24  6,10 - TARNS
 24  6,10 - TRANS
 24  6,10 - TRONA
 22 10,8  | STOA
 20  6,2  | BRAWs
 20  6,2  | BROWs
 20  4,10 - STROWN
 20  6,2  | SWABs
 20  6,2  | SWOBs
 20  6,6  | sWABS
 20  6,6  | sWOBS
 19 10,5  | BEAST
 19 10,5  | BESOT
 19 10,5  | WEBS
 18  5,10 - BARON
 18  5,10 - BATON
 18  7,8  | BOWS
 18  7,8  | BRAW
 18  7,8  | BROW
 18  5,10 - ROWAN
 18  7,8  | SWAB
 18  7,8  | SWOB
 18  5,10 - SWORN
 18  7,8  | WABS
 18  7,10 - WANTS
 18  7,10 - WONTS
 17  7,8  | BOW
 17  7,8  | WAB
 16  6,1  | ABORTs
 16  4,6  - ABsOLVED
 16  7,10 - AWNS
 16  7,10 - BANS
 16  6,10 - BARN
 16 10,5  | BETS
 16  6,1  | BOARTs
 16  6,1  | BOASTs
 16  6,10 - BORN
 16  6,10 - BRAN
 16  7,10 - OWNS
 16  6,1  | SABOTs
 16  5,2  - SABRA
 16  6,10 - SAWN
 16  8,10 - SNAW
 16  8,10 - SNOB
 16  8,10 - SNOW
 16  6,1  | SOWARs
 16  6,10 - SOWN
 16  6,1  | STRAWs
 16  6,1  | STROWs
 16  6,10 - SWAN
 16  6,1  | TABORs
 16 10,9  | TAO
 16  6,10 - TOWN
 16  7,10 - WANS
 16  7,10 - WANT
 16  6,10 - WARN
 16 10,5  | WETS
 16  7,10 - WONS
 16  7,10 - WONT
 16  6,10 - WORN
 16  6,1  | WORSTs
 16  6,6  | sABOTS
 16  6,6  | sOWARS
 16  6,6  | sTRAWS
 16  6,6  | sTROWS
 15  7,8  | BARS
 15  7,8  | BAST
 15  7,8  | BATS
 15  7,8  | BOAR
 15  7,8  | BOAS
 15  7,8  | BOAT
 15  7,8  | BORA
 15  7,8  | BORT
 15  7,8  | BOTA
 15  7,8  | BOTS
 15  7,8  | BRAS
 15  7,8  | BRAT
 15  7,8  | BROS
 15  9,1  - COZ
 15  7,8  | OBAS
 15  8,11 - STAB
 15  8,11 - STAW
 15  8,11 - STOB
 15  8,11 - STOW
 15  7,8  | SWAT
 15  7,8  | SWOT
 15  7,8  | TWAS
 15  7,8  | TWOS
 15  7,8  | WARS
 15  7,8  | WART
 15  7,8  | WAST
 15  7,8  | WATS
 15  7,8  | WORT
 15  7,8  | WOST
 15  7,8  | WOTS
 14  7,8  | BAR
 14  7,8  | BAS
 14  6,2  | BASTs
 14  7,8  | BAT
 14  7,8  | BOA
 14  6,2  | BOARs
 14  6,2  | BOATs
 14  6,2  - BORA
 14  6,2  | BORAs
 14  6,2  | BORTs
 14  7,8  | BOS
 14  7,8  | BOT
 14  6,2  - BOTA
 14  6,2  | BOTAs
 14  7,8  | BRA
 14  6,2  | BRASs
 14  6,2  | BRATs
 14  7,8  | BRO
 14  9,10 - NAB
 14  9,10 - NAW
 14  9,10 - NOB
 14  9,10 - NOW
 14  7,8  | OBA
 14  6,2  - SOBA
 14  6,2  | SOBAs
 14  6,2  | SORBs
 14  6,2  | STABs
 14  6,2  | STOBs
 14  6,2  | STOWs
 14  6,2  | SWATs
 14  6,2  | SWOTs
 14  9,11 - TAB
 14  5,5  - TABU
 14  9,11 - TAW
 14  9,11 - TOW
 14  6,2  | TROWs
 14  7,8  | TWA
 14  7,8  | TWO
 14  7,8  | WAR
 14  6,2  | WARTs
 14  7,8  | WAS
 14  6,2  | WASTs
 14  7,8  | WAT
 14 10,5  | WEB
 14  6,2  | WORTs
 14  7,8  | WOS
 14  7,8  | WOT
 14  6,6  | sABOT
 14  6,6  | sOBAS
 14  6,6  | sORBS
 14  6,6  | sOWAR
 14  6,6  | sTABS
 14  6,6  | sTOBS
 14  6,6  | sTOWS
 14  6,6  | sTRAW
 14  6,6  | sTROW
 14  6,6  | sWART
 14  6,6  | sWATS
 14  6,6  | sWOTS
 13  7,8  | BA
 13  7,8  | BO
 13  7,8  | OW
 13 10,5  | REBS
 13 10,5  | TEWS
 13  7,8  | WO
 12  9,2  - ABA
 12  4,8  - ABROAD
 12  5,10 - ARSON
 12  9,2  - AWA
 12  3,5  - BORA
 12  3,7  - BORA
 12  3,5  - BOTA
 12  3,7  - BOTA
 12  7,8  | ORBS
 12  7,10 - RANTS
 12  7,8  | RAWS
 12  7,8  | ROBS
 12  7,8  | ROWS
 12 10,9  | SA
 12  7,10 - SANTO
 12 10,9  | SO
 12  7,8  | SOBA
 12  7,10 - SONAR
 12  7,8  | SORB
 12  7,8  | STAB
 12  7,8  | STAW
 12  7,8  | STOB
 12  7,8  | STOW
 12 10,9  | TA
 12  7,8  | TABS
 12  7,8  | TAWS
 12 10,9  | TO
 12  7,8  | TOWS
 12  7,8  | TROW
 11 10,5  | BES
 11 10,5  | BET
 11  7,6  | OARS
 11  7,6  | OAST
 11  7,6  | OATS
 11  7,6  | OOTS
 11  7,8  | ORB
 11  7,8  | RAW
 11  7,8  | ROB
 11  7,8  | ROW
 11  7,8  | SAB
 11  7,8  | SAW
 11  7,8  | SOB
 11  7,8  | SOW
 11  7,8  | TAB
 11  7,8  | TAW
 11  7,8  | TOW
 11 10,5  | WET
 10 10,5  | AERO
 10  8,10 - ANTS
 10  5,2  - AORTA
 10  6,5  | AsSORT
 10  7,11 - BATTS
 10 10,5  - BE
 10 10,5  | BE
 10  7,11 - BOTAS
 10  7,11 - BOTTS
 10  5,8  - BROADS
 10 10,6  | EAST
 10 10,6  | EROS
 10 10,6  | ERST
 10  7,10 - RANT
 10 10,5  | RETS
 10  6,10 - ROAN
 10  6,1  | ROASTs
 10  3,7  - SATORI
 10  8,10 - SNOT
 10  6,10 - SORN
 10  5,2  - SORTA
 10  7,10 - TANS
 10  6,10 - TARN
 10 10,5  | TEAS
 10  7,10 - TONS
 10  6,10 - TORN
 10  7,11 - WATTS
 10 10,5  - WE
 10 10,5  | WE
  9  5,11 - ABORTS
  9  5,11 - BOARTS
  9  6,3  | BOWs
  9  6,8  - BRADS
  9  5,8  - BROAD
  9  9,9  - ITS
  9  7,6  | OAR
  9  7,8  | OARS
  9  7,8  | OAST
  9  7,6  | OAT
  9  7,8  | OATS
  9  7,6  | OOS
  9  7,6  | OOT
  9  7,8  | ORTS
  9  7,8  | OSAR
  9  7,8  | RATO
  9  7,8  | RATS
  9  7,8  | ROTA
  9  7,8  | ROTS
  9  7,8  | SOAR
  9  3,5  - SOBA
  9  3,7  - SOBA
  9  7,8  | SORA
  9  7,8  | SORT
  9  7,8  | STAR
  9  7,8  | STOA
  9  7,8  | TAOS
  9  7,8  | TARO
  9  7,8  | TARS
  9  7,8  | TORA
  9  7,8  | TORS
  9  7,8  | TSAR
  9  6,3  | WABs
  9  6,8  - WOADS
  9  6,6  | sWAB
  9  6,6  | sWOB
  8  5,11 - ABORT
  8  8,10 - ANT
  8  7,8  - BADS
  8  6,11 - BATTS
  8  5,11 - BOART
  8  5,11 - BOAST
  8  6,11 - BOATS
  8  6,3  | BOAsTS
  8  6,11 - BORTS
  8  6,11 - BOTTS
  8  6,8  - BRAD
  8  6,11 - BRATS
  8  9,3  - FOG
  8  9,10 - NOR
  8  9,10 - NOS
  8  9,10 - NOT
  8  7,8  | OAR
  8  6,2  | OASTs
  8  7,8  | OAT
  8  8,10 - ONS
  8  7,8  | ORA
  8  7,8  | ORS
  8  7,8  | ORT
  8 10,8  | OS
  8  7,8  | RAS
  8  7,8  | RAT
  8  6,2  | RATOs
  8 10,5  | REB
  8  7,8  | ROT
  8  6,2  - ROTA
  8  6,2  | ROTAs
  8  5,11 - SABOT
  8  6,2  | SAROs
  8  7,8  | SAT
  8  6,2  | SOARs
  8  6,2  - SORA
  8  6,2  | SORAs
  8  6,2  | SORTs
  8  7,8  | SOT
  8  6,2  | STARs
  8  6,11 - STATOR
  8  6,2  - STOA
  8  6,2  | STOAs
  8  5,11 - SWART
  8  7,8  | TAO
  8  7,8  | TAR
  8  5,1  - TAROC
  8  6,2  | TAROs
  8  7,8  | TAS
  8 10,5  | TEW
  8  7,8  | TOR
  8  6,2  - TORA
  8  6,2  | TORAs
  8  6,11 - TORTAS
  8  6,2  | TRASs
  8  6,2  | TSARs
  8  9,11 - TWA
  8  6,11 - TWATS
  8  9,11 - TWO
  8  7,8  - WADS
  8  6,11 - WARTS
  8  6,11 - WATTS
  8  6,8  - WOAD
  8  5,11 - WORST
  8  6,11 - WORTS
  8  6,3  | WORsTS
  8  6,6  | sAROS
  8  6,6  | sOARS
  8  6,6  | sORAS
  8  6,6  | sORTA
  8  6,6  | sORTS
  8  6,6  | sTARS
  8  6,6  | sTOAS
  7  4,5  - ABO
  7  4,7  - ABO
  7  7,10 - AWN
  7  7,8  - BAD
  7  7,10 - BAN
  7  6,11 - BAST
  7  6,3  | BASsO
  7  7,11 - BATS
  7  6,11 - BATT
  7  7,11 - BATT
  7  6,4  | BAsSO
  7  6,4  | BAsTS
  7  4,5  - BOA
  7  4,7  - BOA
  7  6,11 - BOAT
  7  6,3  | BOAsT
  7  7,10 - BON
  7  6,11 - BORT
  7  7,11 - BOTA
  7  7,11 - BOTS
  7  6,11 - BOTT
  7  7,11 - BOTT
  7  4,5  - BRA
  7  4,7  - BRA
  7  6,11 - BRAT
  7  6,3  | BRAsS
  7  4,5  - BRO
  7  4,7  - BRO
  7 10,6  | ERS
  7  4,5  - OBA
  7  4,7  - OBA
  7  7,8  | OR
  7  7,8  | OS
  7  7,11 - OTTAR
  7  7,10 - OWN
  7  7,11 - RATOS
  7  7,11 - ROTAS
  7  7,8  | SA
  7  5,7  - SARI
  7  7,8  | SO
  7  5,7  - SORI
  7  2,5  - SORTA
  7  2,7  - SORTA
  7  6,11 - SWAT
  7  6,11 - SWOT
  7  7,8  | TA
  7  7,8  | TO
  7  6,1  - TORC
  7  5,7  - TORI
  7  4,5  - TWA
  7  4,7  - TWA
  7  6,11 - TWAT
  7  4,5  - TWO
  7  4,7  - TWO
  7  7,8  - WAD
  7  7,10 - WAN
  7  6,11 - WART
  7  6,11 - WAST
  7  7,11 - WATS
  7  6,11 - WATT
  7  7,11 - WATT
  7  6,4  | WAsTS
  7  7,10 - WON
  7  6,11 - WORT
  7  6,3  | WORsT
  7  6,11 - WOST
  7  7,11 - WOTS
  6  7,2  - ABA
  6  6,3  | ABOs
  6  6,3  | ARBs
  6  7,1  - ARC
  6  7,2  - AWA
  6  5,5  - BA
  6  5,7  - BA
  6  7,2  - BAA
  6  6,3  | BARs
  6  6,3  | BASs
  6  7,11 - BAT
  6  6,3  | BATs
  6  6,4  | BAsS
  6  6,4  | BAsT
  6  5,5  - BO
  6  5,7  - BO
  6  7,2  - BOA
  6  6,3  | BOAs
  6  6,3  | BOSs
  6  7,11 - BOT
  6  6,3  | BOTs
  6  6,4  | BOsS
  6  7,2  - BRA
  6  6,3  | BRAs
  6  6,3  | BROs
  6  9,10 - NA
  6  9,10 - NO
  6  7,2  - OBA
  6  6,3  | OBAs
  6  6,3  | ORBs
  6  7,1  - ORC
  6  3,5  - RATO
  6  3,7  - RATO
  6  6,3  | RAWs
  6  6,8  - ROADS
  6  6,3  | ROBs
  6  7,1  - ROC
  6  3,5  - ROTA
  6  3,7  - ROTA
  6  6,3  | ROWs
  6  6,3  | SABs
  6  7,1  - SAC
  6  6,3  | SAWs
  6  6,3  | SOBs
  6  3,5  - SORA
  6  3,7  - SORA
  6  6,3  | SOWs
  6  8,11 - STAR
  6  8,11 - STAT
  6  3,5  - STOA
  6  3,7  - STOA
  6  8,11 - STOA
  6  8,11 - STOT
  6  6,3  | TABs
  6  3,5  - TARO
  6  3,7  - TARO
  6  5,11 - TAROTS
  6  6,3  | TAWs
  6  6,8  - TOADS
  6  3,5  - TORA
  6  3,7  - TORA
  6  6,3  | TOWs
  6  7,2  - TWA
  6  6,3  | TWAs
  6  6,3  | TWOs
  6  6,3  | WARs
  6  7,11 - WAT
  6  6,3  | WATs
  6  6,4  | WAsT
  6  5,5  - WO
  6  5,7  - WO
  6  7,11 - WOT
  6  6,3  | WOTs
  6  6,4  | WOsT
  6  6,6  | sABS
  6  6,6  | sAWS
  6  6,6  | sOBA
  6  6,6  | sOBS
  6  6,6  | sORB
  6  6,6  | sOWS
  6  6,6  | sTAB
  6  6,6  | sTAW
  6  6,6  | sTOB
  6  6,6  | sTOW
  6  6,6  | sWAT
  6  6,6  | sWOT
  5  6,4  | ABs
  5  8,8  - ADOS
  5  6,4  | ASsORT
  5  8,2  - BA
  5  6,4  | BAs
  5  6,4  | BOs
  5 10,6  | EW
  5 10,5  | OES
  5  6,8  - ORAD
  5  7,8  - RADS
  5 10,5  | RES
  5 10,5  | RET
  5  6,8  - ROAD
  5  5,11 - ROAST
  5  6,3  | ROAsTS
  5  6,11 - SORTA
  5  5,11 - START
  5  5,11 - STOAT
  5  7,8  - TADS
  5  9,11 - TAO
  5  9,11 - TAR
  5  5,11 - TAROT
  5  6,11 - TARTS
  5  9,11 - TAS
  5  9,11 - TAT
  5 10,5  | TEA
  5  6,8  - TOAD
  5  5,11 - TOAST
  5  9,11 - TOR
  5  6,11 - TORTA
  5  6,11 - TORTS
  5  9,11 - TOT
  5  6,8  - TRAD
  5  6,11 - TROTS
  5  6,4  | WAs
  5  6,4  | WOs
  5  6,6  | sAB
  5  6,6  | sAW
  5  6,6  | sOB
  5  6,6  | sOW
  4  8,8  - ADO
  4  8,8  - ADS
  4 10,5  - AE
  4 10,5  | AE
  4  7,11 - ARTS
  4  7,8  - OAD
  4  6,11 - OAST
  4  7,11 - OATS
  4  6,4  | OAsTS
  4 10,5  - OE
  4 10,5  | OE
  4  7,7  - OI
  4  7,6  | OO
  4  4,5  - ORA
  4  4,7  - ORA
  4  7,11 - ORTS
  4  7,6  | OS
  4  7,8  - RAD
  4  7,10 - RAN
  4  7,11 - RATO
  4  7,11 - RATS
  4 10,5  - RE
  4 10,5  | RE
  4  6,3  | ROAsT
  4  7,11 - ROTA
  4  7,11 - ROTS
  4  7,8  - SAD
  4  7,10 - SAN
  4  7,7  - SI
  4  7,10 - SON
  4  6,11 - SORT
  4  6,11 - STAT
  4  6,11 - STOT
  4  7,8  - TAD
  4  7,10 - TAN
  4  4,5  - TAO
  4  4,7  - TAO
  4  6,11 - TART
  4  7,11 - TATS
  4 10,5  - TE
  4 10,5  | TE
  4  7,10 - TON
  4  6,11 - TORT
  4  6,11 - TOST
  4  7,11 - TOTS
  4  6,3  | TRAsS
  4  6,11 - TROT
  4  6,5  | TsARS
  3  8,10 - AN
  3  7,11 - ART
  3  6,3  | ARTs
  3  7,11 - ATT
  3  8,11 - ATT
  3  6,3  | OARs
  3  7,11 - OAT
  3  6,3  | OATs
  3  6,4  | OAsT
  3  8,10 - ON
  3  7,2  - ORA
  3  7,11 - ORT
  3  6,3  | ORTs
  3  6,4  | OSsA
  3  6,5  | OsAR
  3  6,5  | OsSA
  3  7,11 - RAT
  3  6,3  | RATs
  3  7,11 - ROT
  3  6,3  | ROTs
  3  5,5  - SA
  3  5,7  - SA
  3  7,11 - SAT
  3  5,5  - SO
  3  5,7  - SO
  3  7,11 - SOT
  3  6,3  | SOTs
  3  5,5  - TA
  3  5,7  - TA
  3  6,3  | TAOs
  3  6,3  | TARs
  3  6,3  | TASs
  3  7,11 - TAT
  3  6,4  | TAsS
  3  5,5  - TO
  3  5,7  - TO
  3  6,3  | TORs
  3  6,3  | TOSs
  3  7,11 - TOT
  3  6,4  | TOsS
  3  6,5  | TsAR
  3  6,6  | sOAR
  3  6,6  | sORA
  3  6,6  | sORT
  3  6,6  | sOTS
  3  6,6  | sTAR
  3  6,6  | sTOA
  2  8,2  - AA
  2  6,4  | ARs
  2  6,4  | ASs
  2  8,11 - AT
  2  6,5  | AsS
  2 10,6  | EO
  2 10,6  | ER
  2 10,6  | ES
  2 10,6  | ET
  2  9,9  - IS
  2  9,9  - IT
  2  6,4  | ORs
  2  6,4  | RAs
  2  8,2  - SA
  2  6,4  | SOs
  2  8,2  - TA
  2  9,11 - TA
  2  6,4  | TAs
  2  9,11 - TO
  2  6,6  | sAT
  2  6,6  | sOS
  2  6,6  | sOT
  1  6,5  | As
  1  6,5  | Os
  1  6,6  | sA
  1  6,6  | sO
