9,0:begaze=40
6,7:ba=20
6,7:be=20
7,7:ab=19
9,2:gaze=15
6,7:ae=14
6,4:ag=14
8,7:bag=14
8,7:beg=14
6,3:zeal=14
9,3:zee=12
7,2:beaut=11
7,3:abut=10
7,4:bute=10
6,5:alba=9
6,5:algae=9
6,4:galea=9
5,5:page=9
6,5:alga=8
6,3:baal=8
6,4:bale=8
8,5:soba=8
6,5:alb=7
6,4:bal=7
7,4:but=7
6,3:egal=7
6,4:gala=7
6,4:gale=7
9,2:agee=6
6,5:alae=6
9,3:bee=6
6,4:gal=6
7,4:gut=6
8,5:sob=6
7,5:uta=6
7,5:ute=6
9,3:age=5
9,3:gae=5
9,3:gee=5
6,4:aal=4
6,5:ala=4
6,5:ale=4
