6,0:RANT=30
6,0:RENT=30
7,0:ANT=25
6,0:RAN=25
6,0:NET=23
7,0:AN=20
1,0:ANTRE=20
7,0:EN=20
8,0:NA=20
7,0:ETA=19
8,4:QINTAR=19
6,0:RAT=19
6,0:RET=19
8,0:EON=18
8,0:TON=18
2,0:ANTE=17
2,0:ETNA=17
8,0:NOR=15
8,0:NOT=15
7,0:AT=14
7,0:ET=14
2,0:RATE=14
8,0:TA=14
2,0:TARE=14
4,2:TEN=14
5,6:ANE=13
5,5:ANEAR=12
5,5:ANTAE=12
5,5:ANTRA=12
5,5:ANTRE=12
5,5:ARENA=12
5,2:EN=12
4,2:NET=12
3,4:RANT=12
3,4:RENT=12
8,0:ROE=12
8,0:ROT=12
8,0:TOE=12
8,0:TOR=12
7,5:YENTA=12
5,0:ANE=11
4,4:ANT=11
1,2:ANTRE=11
5,6:ATE=11
5,6:ETA=11
2,4:NEAT=11
3,4:NEAT=11
9,3:NIDATE=11
8,2:EAU=10
6,6:NA=10
6,6:NE=10
4,2:RET=10
9,3:RIDENT=10
4,0:TARE=10
7,5:YEARN=10
7,5:YEN=10
2,2:ANTE=9
1,4:ANTE=9
0,4:ANTRE=9
5,0:ARE=9
4,4:EAT=9
5,0:ERA=9
4,4:ETA=9
3,0:NEAR=9
9,3:NIDE=9
8,0:NO=9
4,0:RAN=9
3,4:RAN=9
4,0:TAN=9
3,4:TAN=9
4,0:TEN=9
3,4:TEN=9
7,5:YARN=9
7,5:YEAN=9
9,3:AIDER=8
5,0:AN=8
4,4:AN=8
5,6:AN=8
3,2:ANE=8
4,4:ASTERN=8
5,0:EN=8
4,4:EN=8
5,6:EN=8
5,2:ER=8
5,2:ET=8
1,4:ETNA=8
6,0:NA=8
5,4:NA=8
2,4:NAE=8
6,0:NE=8
3,4:NET=8
9,0:RAN=8
2,2:RATE=8
7,1:SEN=8
4,5:STANE=8
4,5:STERNA=8
6,6:TA=8
9,0:TAN=8
2,2:TARE=8
3,0:TEAR=8
7,5:YARE=8
7,5:YEAR=8
9,3:AIDE=7
9,1:AN=7
2,4:ANE=7
4,0:EAR=7
3,4:EAT=7
6,5:INERT=7
6,5:INTER=7
3,2:NAE=7
4,2:NE=7
4,2:NETS=7
6,4:NITER=7
6,4:NITRE=7
9,2:NU=7
3,4:RAT=7
1,4:RATE=7
6,0:RENT=7
3,4:RET=7
6,4:RIANT=7
9,3:RIDE=7
4,5:SANER=7
4,5:SNARE=7
4,5:STERN=7
4,0:TAR=7
1,4:TARE=7
4,0:TEA=7
3,4:TEA=7
6,4:TINEA=7
7,5:YAR=7
7,5:YEA=7
7,5:YET=7
6,0:AE=6
9,3:AE=6
9,3:AID=6
3,0:ANE=6
4,2:ANES=6
4,2:ANTS=6
5,0:AR=6
3,2:ARE=6
2,4:ARE=6
4,4:ASTER=6
4,4:AT=6
5,4:AT=6
5,6:AT=6
3,2:ATE=6
2,4:ATE=6
5,0:ER=6
2,4:ERA=6
4,2:ERNS=6
5,0:ERRATA=6
4,4:ET=6
5,6:ET=6
2,4:ETA=6
6,5:IRATE=6
3,0:NAE=6
6,0:NEAR=6
6,0:NEAT=6
5,4:RATAN=6
6,0:RE=6
9,3:RE=6
9,3:RID=6
4,5:SANE=6
4,5:SENT=6
4,5:STARE=6
5,4:TA=6
3,2:TAE=6
2,4:TAE=6
4,2:TANS=6
2,4:TEA=6
6,0:TEEN=6
6,0:TEN=6
4,2:TENS=6
6,0:TERN=6
8,0:TO=6
6,3:TRINE=6
7,0:TSAR=6
4,2:AE=5
6,4:AIRN=5
5,5:ANTA=5
5,5:ANTE=5
3,0:ARE=5
4,2:ARES=5
4,2:ARTS=5
3,0:ATE=5
4,2:ATES=5
5,4:EARN=5
4,2:EARS=5
4,2:EATS=5
6,1:EN=5
3,0:ERA=5
4,2:ERAS=5
6,1:ERN=5
3,0:ETA=5
4,2:ETAS=5
9,4:IDEA=5
4,0:NA=5
3,4:NA=5
4,0:NE=5
3,4:NE=5
5,3:NEAR=5
5,3:NEAT=5
6,0:NEE=5
4,3:NEST=5
6,0:NET=5
6,4:NITE=5
8,1:ON=5
6,3:RAIN=5
5,4:RANT=5
4,2:RATS=5
4,2:RE=5
5,1:REATA=5
5,3:REATA=5
6,3:REIN=5
4,3:RESAT=5
6,0:RETE=5
4,2:RETS=5
7,1:SAE=5
7,1:SAT=5
4,5:SATE=5
7,1:SEA=5
4,5:SEAR=5
4,5:SEAT=5
7,1:SER=5
4,5:SERA=5
7,1:SET=5
4,5:SETA=5
4,5:STAR=5
3,0:TAE=5
6,3:TAIN=5
5,4:TARN=5
4,2:TARS=5
3,0:TEA=5
6,0:TEAR=5
4,2:TEAS=5
6,4:TINE=5
4,2:TRES=5
4,0:AE=4
3,4:AE=4
6,4:AIN=4
6,4:AIRT=4
5,3:ANA=4
5,5:ANA=4
5,5:ANE=4
6,3:ANI=4
5,5:ANT=4
5,5:AREA=4
4,3:ARSE=4
6,1:EAR=4
4,3:EAST=4
6,1:EAT=4
4,3:ENS=4
6,1:ERA=4
6,1:ERE=4
5,0:ERN=4
4,3:ERST=4
6,1:ETA=4
5,4:NAE=4
6,4:NIT=4
5,1:RAN=4
5,4:RAN=4
4,3:RASE=4
5,4:RATE=4
4,0:RE=4
3,4:RE=4
6,0:REE=4
4,3:REST=4
6,0:RET=4
6,4:RIN=4
6,4:RITE=4
4,5:SEN=4
4,0:TA=4
3,4:TA=4
5,4:TAN=4
5,4:TARE=4
6,0:TEA=4
5,3:TEAR=4
6,0:TEE=4
6,4:TIER=4
6,4:TIN=4
6,4:TIRE=4
4,4:TSAR=4
7,5:YA=4
7,5:YE=4
6,4:AIR=3
6,4:AIT=3
5,5:AN=3
5,0:ARE=3
5,5:ARE=3
4,3:ARS=3
5,0:ART=3
5,5:ART=3
5,5:ATE=3
5,4:EAR=3
5,4:EAT=3
6,1:ER=3
5,0:ERA=3
5,3:ERA=3
5,0:ERR=3
4,3:ERS=3
6,1:ET=3
5,3:ETA=3
6,5:IN=3
6,5:IRE=3
9,0:NA=3
5,4:NA=3
6,0:NE=3
8,1:OE=3
8,1:OR=3
6,3:RAI=3
4,3:RAS=3
5,1:RAT=3
5,4:RAT=3
6,3:REI=3
4,3:RES=3
5,1:RET=3
6,4:RIA=3
4,5:SAE=3
4,5:SAT=3
4,5:SEA=3
4,5:SER=3
4,5:SET=3
5,4:TAE=3
5,4:TAR=3
4,3:TAS=3
5,3:TEA=3
6,4:TIE=3
9,0:AA=2
5,4:AA=2
5,5:AA=2
6,0:AE=2
5,5:AE=2
6,4:AI=2
5,0:AR=2
5,5:AR=2
7,0:AS=2
4,4:AS=2
5,5:AT=2
5,0:ER=2
7,0:ES=2
4,4:ES=2
6,5:IT=2
6,0:RE=2
5,1:RE=2
9,0:TA=2
5,4:TA=2
6,4:TI=2
