 42 12,1  | UPHELD
 33 12,1  | PULED
 30 12,1  | PALED
 27 12,1  | DUPE
 27 12,1  | HALED
 27  1,15 - PATH
 27 12,1  | PULE
 24 10,1  | APHIDS
 24 12,1  | PALE
 24  3,15 - THUD
 22 10,1  | PLAIDS
 21 12,1  | HADE
 21 12,1  | HALE
 21  1,15 - LATH
 21 12,1  | LUDE
 21 10,3  - PAH
 21  1,7  - PULED
 21  3,15 - TUP
 20  2,11 | DHAL
 20 10,1  | HALIDS
 20  1,7  - PALED
 20  2,14 - PILAU
 19 10,3  - PAD
 19 13,2  | PURDAH
 18 12,1  | DALE
 18 10,1  | DULIAS
 18 12,3  - HAP
 18 12,1  | LADE
 18  1,15 - LATU
 18 10,2  | PAILS
 18  1,9  | PHUT
 18 10,1  | PULI
 18  3,15 - TAP
 17  3,5  | DAHL
 17 10,3  - HAD
 17  1,7  - HALED
 17  2,12 | HAP
 17  1,9  | PHAT
 17  7,1  | PLAN
 17  9,1  | PULA
 17  1,7  - PULE
 17 10,6  | SADDHU
 16 12,3  - DAHL
 16 12,3  - DAP
 16 10,8  | DUP
 16 10,2  | HAILS
 16 13,2  | HARP
 16 12,3  - HAUL
 16 10,1  | PADI
 16  3,5  | PAH
 16  1,7  - PALE
 16 10,2  | PHI
 16  1,9  | PLAT
 16 13,2  | PURDA
 16  5,12 | WHUP
 15 10,8  | DAP
 15  3,5  | DHAL
 15  2,12 | HAH
 15 10,3  - LAD
 15  3,5  | PUD
 15 13,2  | PURL
 15  5,12 | WHAP
 14 12,3  - DAH
 14 10,8  | DAHL
 14  3,5  | DUAL
 14 12,3  - HAD
 14  9,1  | HULA
 14  6,1  | LUAU
 14 10,3  - PA
 14  3,5  | PAD
 14  3,6  | PAH
 14 13,2  | PARD
 13 10,7  - ALP
 13 10,7  - AULD
 13  3,5  | DUH
 13 10,8  | DUH
 13  1,7  - DUPE
 13  1,7  - HADE
 13  1,7  - HALE
 13  1,9  | HALT
 13  1,9  | HAUT
 13 13,2  | HURL
 13  3,4  | PULA
 13 10,6  | SADHU
 12  1,8  | ADULT
 12 11,3  - AH
 12  3,4  | AULD
 12  3,5  | DAH
 12  3,6  | DAH
 12 10,8  | DAH
 12 12,3  - DAL
 12 10,3  - HA
 12  3,5  | HAD
 12 13,2  | HARD
 12 13,2  | HARL
 12  3,7  - HEP
 12  3,4  | HULA
 12  9,3  - PA
 12  2,14 | PA
 12  3,6  | PAD
 12  3,6  | PAL
 12 13,3  | PRAHU
 12 13,4  | RALPH
 12  3,15 - TAD
 12  3,15 - TAU
 12  6,2  | ULU
 12  7,3  | UNAU
 12  2,15 - UTA
 11 10,7  - AH
 11 12,2  | ALEPH
 11 13,3  - ALP
 11 13,2  | DURAL
 11  3,6  | HAD
 11  3,4  | LAUD
 11  1,7  - LUDE
 11  3,7  - PEH
 11  1,14 - PHIAL
 11  2,7  - PLED
 11 13,2  | PUR
 11 11,2  | PURL
 11  7,1  | ULAN
 11 13,3  | URP
 11  5,12 | WHA
 10 11,3  - AD
 10  9,3  - AH
 10  3,7  | AH
 10 10,2  | AHI
 10  2,7  - APED
 10  3,6  | DAL
 10  1,7  - DALE
 10  1,9  | DAUT
 10 10,8  | DHAL
 10 10,8  | DUD
 10 10,2  | DUI
 10  9,3  - HA
 10 12,3  - HA
 10  2,14 | HA
 10 11,2  | HARP
 10 12,3  | HELP
 10  2,7  - HUED
 10 11,2  | HURL
 10 10,3  - LA
 10  3,5  | LAD
 10  3,6  | LAD
 10  1,7  - LADE
 10 13,2  | LARD
 10  1,10 - LATI
 10 13,2  | PAR
 10 12,3  | PEDAL
 10 12,2  | PLEAD
 10  5,12 | WAP
 10  5,12 | WAUL
 10  5,12 | WUD
  9 10,7  - AD
  9 13,3  - AH
  9  2,7  - AHED
  9 10,7  - AL
  9 10,8  | DAD
  9 10,8  | DAL
  9 10,8  | DUAD
  9 10,8  | DUAL
  9  2,7  - DUEL
  9 13,2  | DURA
  9 12,4  | EPHA
  9  2,7  - HAED
  9 12,3  | HEAP
  9 10,3  | HIPS
  9 12,3  | LEHUA
  9 11,2  | PARD
  9  1,10 | PATH
  9  3,7  - PED
  9  2,7  - PLEA
  9 12,2  | PLED
  9 13,3  | PRAU
  9 11,2  | PUR
  9  3,6  | UH
  9  1,8  - UPDO
  9 11,3  | URP
  8  3,7  | AD
  8  3,6  | AH
  8  9,3  - AL
  8  3,7  | AL
  8 12,2  | APED
  8  2,13 - AR
  8 10,3  | DIPS
  8 11,2  | DURA
  8  2,12 | HA
  8 11,2  | HARD
  8 11,2  | HARL
  8 12,3  | HELD
  8 12,3  | HEP
  8  2,14 - HIP
  8 12,2  | HUED
  8  9,3  - LA
  8  2,14 | LA
  8 12,3  | LEAP
  8  2,14 - LIPA
  8 10,3  | LIPS
  8  1,14 - PAID
  8  1,14 - PAIL
  8 12,3  | PEAL
  8 12,3  | PEH
  8  1,14 - PHI
  8  1,10 | PHT
  8  1,15 - PHT
  8  2,14 - PIAL
  8 12,2  | PLEA
  8  7,2  | PUN
  8  1,12 | THUD
  8  5,12 | WAD
  7 13,3  - AD
  7 12,2  | AHED
  7 13,3  - AL
  7  3,7  - DEL
  7  2,14 - DIP
  7 12,2  | DUEL
  7  4,7  - EH
  7 12,2  | HAED
  7  1,14 - HAIL
  7  1,8  - HALO
  7 12,3  | HEAD
  7 12,3  | HEAL
  7  2,14 - HILA
  7  7,2  | HUN
  7 11,2  | LARD
  7  1,10 | LATH
  7  3,7  - LED
  7  3,7  - LEU
  7 12,3  | LEUD
  7  2,14 - LIP
  7  3,6  | PA
  7  7,2  | PAN
  7 11,2  | PAR
  7  3,7  - PEA
  7 12,3  | PED
  7 10,3  | PIAS
  7  2,14 - PIU
  7  1,10 | PUT
  7  1,15 - PUT
  7 13,4  | RAP
  7 10,6  | SUDD
  7  1,12 | TUP
  7  2,8  - UPO
  7 11,3  | URD
  7 13,3  | URD
  6  3,6  | AD
  6 12,2  | APE
  6  2,7  - APE
  6  2,8  - APO
  6  1,10 | APT
  6  1,15 - APT
  6 12,3  | DEAL
  6  2,14 - DIAL
  6  7,2  | DUN
  6 12,4  | EDH
  6  3,6  | HA
  6  2,14 - HID
  6 12,2  | HUE
  6  2,7  - HUE
  6  1,10 | HUT
  6  1,15 - HUT
  6  1,14 - LAID
  6 13,2  | LAR
  6  1,10 | LATU
  6 12,3  | LEAD
  6 10,3  | LIDS
  6  1,10 | PAT
  6  1,15 - PAT
  6 12,3  | PEA
  6  2,14 - PIA
  6 13,4  | RAH
  6  3,15 - TA
  6  1,12 | TAP
  5  9,2  | AHA
  5  1,14 - AHI
  5 10,3  | AIDS
  5 10,3  | AILS
  5  7,2  | DAN
  5 12,3  | DEL
  5 12,2  | DUE
  5  2,7  - DUE
  5  1,14 - DUI
  5  2,8  - DUO
  5  4,7  - ED
  5  4,7  - EL
  5 12,4  | ELD
  5 12,2  | HAE
  5  2,7  - HAE
  5  2,8  - HAO
  5  1,10 | HAT
  5  1,15 - HAT
  5  3,6  | LA
  5 11,2  | LAR
  5  3,7  - LEA
  5 12,3  | LED
  5 12,3  | LEU
  5  2,14 - LID
  5  9,3  | PA
  5 10,3  | PI
  5  2,14 - PI
  5 13,4  | RAD
  5  2,8  - UDO
  4  2,8  - ADO
  4  2,14 - AID
  4  2,14 - AIL
  4  9,2  | ALA
  4 12,2  | ALE
  4  2,7  - ALE
  4  1,10 | ALT
  4  1,15 - ALT
  4 12,4  | EAU
  4 12,4  | EH
  4  9,3  | HA
  4 12,3  | HE
  4  3,7  - HE
  4 10,3  | HI
  4  2,14 - HI
  4  3,8  - HO
  4 10,4  | IDS
  4  1,10 | LAT
  4  1,15 - LAT
  4 12,3  | LEA
  4 10,6  | SAD
  4  1,12 | TAD
  4  1,12 | TAU
  4  7,3  | UN
  4  1,11 | UTA
  3  7,3  | AN
  3 11,3  | AR
  3 12,3  | DE
  3  3,7  - DE
  3  3,8  - DO
  3 12,4  | ED
  3 12,4  | EL
  3  3,14 - ID
  3  9,3  | LA
  3 10,3  | LI
  3  2,14 - LI
  3  3,8  - LO
  3  1,11 | UT
  3  2,15 - UT
  2  9,3  | AA
  2 12,3  | AE
  2  3,7  - AE
  2 10,3  | AI
  2  2,14 - AI
  2 13,3  | AR
  2  1,11 | AT
  2  2,15 - AT
  2  1,12 | TA
