 35  4,4  - QATS
 28  2,6  | STAGS
 27  3,7  | WASTS
 26  5,2  - QAT
 26  2,5  | QATS
 24  2,5  | QAT
 24  2,6  | STOATS
 23  4,8  - STY
 22 10,8  | SAGE
 21  6,8  - YAPS
 20 10,9  | AGE
 20  2,6  | STATS
 20  2,6  | STOAS
 20  2,6  | STOAT
 20  2,6  | STOTS
 18 10,8  | GATE
 18  8,8  - PST
 17  1,8  - TAOS
 15  5,9  | AT
 15  8,1  - SCAG
 15  1,6  - TAO
 14  9,1  - COG
 14  4,2  - GAST
 14  4,4  - GAST
 14  2,4  | GASTS
 14  4,4  - GATS
 14  4,4  - GOAS
 14  4,2  - GOAT
 14  4,4  - GOAT
 14  2,4  | GOATS
 14 11,8  | QAID
 14  5,4  - QAT
 14 10,8  | SATE
 14  2,10 - STAGE
 14  4,2  - TOGA
 14  2,10 - TOGAE
 14  2,7  | TOGAS
 13  4,9  - GOX
 13  3,8  - OS
 13  3,6  | SWAGS
 12 10,9  | ATE
 12  8,5  - BIOG
 12 11,1  | GAES
 12  2,4  | GAST
 12  5,2  - GAT
 12  2,5  | GATS
 12  5,2  - GOA
 12  2,4  | GOAT
 12 11,1  | GOES
 12  5,2  - GOT
 12  7,2  | QAT
 12  4,4  - STAG
 12  2,6  | STAG
 12  2,3  | STOATS
 12  3,6  | SWAG
 12 10,9  | TAE
 12  2,7  | TAGS
 12  2,3  | TOASTS
 12 10,9  | TOE
 12  2,7  | TOGA
 12  2,7  | TOGS
 12  3,7  | WAGS
 12  3,7  | WOGS
 12  9,2  - hAO
 12  9,2  - hAT
 11 11,1  | GAE
 11  3,4  - GASTS
 11  3,4  - GOATS
 11  3,4  - SAGOS
 11  4,9  - SAX
 11  4,9  - SOX
 11  3,4  - STAGS
 11  4,9  - TAX
 11  3,4  - TOGAS
 11  3,7  | WAG
 11  3,7  | WOG
 10  7,1  - ASCOT
 10  5,9  - AX
 10  8,5  - BIAS
 10  8,5  - BIOS
 10  2,5  | GAT
 10  2,5  | GOT
 10  4,2  - OAST
 10  2,4  | OASTS
 10  4,2  - OSSA
 10  5,9  - OX
 10  4,4  - SAGS
 10  7,1  - SOCAS
 10  2,4  | STATS
 10  4,2  - STOA
 10  2,10 - STOAE
 10  2,3  | STOAT
 10  2,4  | STOTS
 10  7,1  - TACOS
 10  4,4  - TAGS
 10  1,8  - TAO
 10  2,10 - TASSE
 10  2,3  | TOAST
 10  2,7  | TOAST
 10  4,4  - TOGA
 10  4,4  - TOGS
  9  8,1  - ACTS
  9  8,5  - BIO
  9  9,4  - LAS
  9  9,4  - LAT
  9  9,4  - LOT
  9  3,4  - OASTS
  9  8,1  - OCAS
  9 10,5  | OD
  9  5,4  - SAG
  9  8,1  - SCAT
  9  8,1  - SCOT
  9  3,4  - STOAS
  9  3,4  | STOWS
  9  3,6  | SWATS
  9  3,6  | SWOTS
  9  5,4  - TAG
  9  5,4  - TOG
  8 10,10 | AE
  8  6,4  - AG
  8 11,1  | AGES
  8 10,10 - AI
  8 10,2  | AL
  8  9,1  - CAT
  8  9,1  - COS
  8  9,1  - COT
  8  2,4  | OAST
  8  4,4  - OAST
  8  5,2  - OAT
  8  4,4  - OATS
  8  2,5  | OATS
  8 10,10 | OE
  8 10,10 - OI
  8  4,4  - OSSA
  8  5,2  - SAT
  8  3,5  | SAWS
  8  5,2  - SOT
  8  4,4  - SOTS
  8  2,5  | SOTS
  8  3,5  | SOWS
  8  2,4  | STAT
  8  2,6  | STAT
  8  3,4  | STAW
  8  4,4  - STOA
  8  2,6  | STOA
  8  2,4  | STOT
  8  2,6  | STOT
  8  3,4  | STOW
  8  3,6  | SWAT
  8  3,6  | SWOT
  8  1,6  - TA
  8  4,4  - TAOS
  8  2,7  | TAOS
  8  4,4  - TASS
  8  2,7  | TASS
  8  2,5  | TATS
  8  2,7  | TATS
  8  3,5  | TAWS
  8 10,10 | TE
  8 10,10 - TI
  8  4,4  - TOSS
  8  2,7  | TOSS
  8  2,4  | TOST
  8  2,7  | TOST
  8  2,5  | TOTS
  8  2,7  | TOTS
  8  3,5  | TOWS
  8  3,6  | TWAS
  8  3,6  | TWOS
  8  3,7  | WAST
  8  3,7  | WATS
  8  3,7  | WOST
  8  3,7  | WOTS
  8  6,8  - YAP
  8  9,2  - hA
  7 11,1  | AGE
  7  5,4  - AGS
  7 10,8  - AS
  7  5,4  - GAS
  7  5,4  - GAT
  7  5,4  - GOA
  7  5,4  - GOT
  7  4,7  | IOTAS
  7 10,8  - OS
  7  7,1  - SACS
  7  3,5  | SAW
  7  7,1  - SOCA
  7  3,5  | SOW
  7  7,1  - TACO
  7  3,5  | TAW
  7 11,1  | TOEAS
  7  3,5  | TOW
  7  3,7  | WAS
  7  3,7  | WAT
  7  3,7  | WOS
  7  3,7  | WOT
  6  8,1  - ACT
  6  7,1  | AGAS
  6  6,2  - AT
  6 11,1  | ATES
  6  2,5  | ATT
  6  2,6  | ATT
  6  3,10 - GATE
  6 11,2  | GEST
  6 11,2  | GETA
  6 11,2  | GETS
  6  1,8  - GO
  6  7,1  | GOAS
  6  7,1  | GOAT
  6  4,7  | IOTA
  6 10,3  | LA
  6  9,4  - LA
  6 10,3  | LO
  6  9,4  - LO
  6  2,5  | OAT
  6  8,1  - OCA
  6 11,1  | OSES
  6  7,1  - SAC
  6  3,10 - SAGE
  6  2,5  | SAT
  6 11,2  | SEGO
  6 11,2  | SEGS
  6  2,5  | SOT
  6  7,1  | STAG
  6 11,7  | STAID
  6  6,2  - TA
  6  2,5  | TAT
  6 11,2  | TEGS
  6 11,1  | TOEA
  6 11,1  | TOES
  6  2,5  | TOT
  6  3,6  | TWA
  6  3,6  | TWO
  5  7,1  | AGA
  5  4,10 - AGE
  5  5,4  - ASS
  5 11,1  | ATE
  5  3,6  | AW
  5 11,3  | EGO
  5  4,10 - GAE
  5  7,2  | GAS
  5  7,2  | GAT
  5 11,2  | GET
  5  7,1  | GOA
  5  8,9  - HA
  5  8,9  - HO
  5  4,7  | ITS
  5  5,4  - OAT
  5 11,1  | OSE
  5  3,6  | OW
  5 11,1  | SAE
  5  7,2  | SAG
  5 11,8  | SAID
  5  5,4  - SAT
  5 11,2  | SEG
  5  5,4  - SOS
  5  5,4  - SOT
  5 11,1  | TAE
  5  7,2  | TAG
  5  2,7  | TAG
  5  5,4  - TAS
  5 11,2  | TEG
  5 11,1  | TOE
  5  2,7  | TOG
  5  3,7  | WO
  4  7,3  | AG
  4  6,4  - AS
  4  6,4  - AT
  4  2,6  | AT
  4 10,8  | AT
  4  4,7  | IS
  4  4,7  | IT
  4  6,4  - OS
  4  3,10 - SATE
  4 11,2  | SEAS
  4 11,2  | SEAT
  4 11,2  | SETA
  4 11,2  | SETS
  4  1,8  - SO
  4  6,4  - TA
  4  1,8  - TA
  4 10,8  | TA
  4 11,2  | TEAS
  4  1,8  - TO
  3  7,2  | AAS
  3  4,10 - ATE
  3 11,3  | EAT
  3 11,3  | ESS
  3 11,3  | ETA
  3  7,2  | OAT
  3 11,2  | OES
  3  4,10 - OSE
  3  4,10 - SAE
  3  7,2  | SAT
  3 11,2  | SEA
  3 11,2  | SET
  3  4,10 - TAE
  3  7,2  | TAO
  3  2,7  | TAO
  3  7,2  | TAS
  3  2,7  | TAS
  3  2,7  | TAT
  3 11,2  | TEA
  3  4,10 - TOE
  3  2,7  | TOT
  2  7,2  | AA
  2  7,3  | AA
  2 10,9  - AA
  2 11,2  | AE
  2  5,10 - AE
  2  7,3  | AS
  2  7,3  | AT
  2 11,3  | ES
  2 11,3  | ET
  2 11,2  | OE
  2  5,10 - OE
  2  7,2  | TA
  2  2,7  | TA
  2 10,9  - TA
  2 11,2  | TE
  2  5,10 - TE
  2  2,7  | TO
