 19  6,9  - HOW
 19  5,5  | WHIZ
 16  5,6  | WIZ
 14  6,6  | WOE
 13  6,9  - HOI
 13  7,9  - IWI
 13  7,5  | WHIT
 13  8,9  - WHO
 12  8,7  - HOW
 12  8,9  - HOW
 12  7,9  - OW
 12  6,9  - WO
 11  6,6  | HIE
 11  6,6  | HOE
 11  6,5  | HOWE
 10  6,7  - HI
 10  6,9  - HI
 10  6,9  - HO
 10  7,9  - OH
 10  8,9  - WO
  9  8,7  - HOI
  9  8,9  - HOI
  9  8,5  | WHOA
  9  7,6  | WITH
  8  8,7  | HAW
  8  6,7  | HEW
  8  8,7  - HI
  8  8,9  - HI
  8  8,7  - HO
  8  8,9  - HO
  8  8,9  - IWI
  8  6,6  | OWE
  8  8,6  | WHA
  7  8,7  | HAH
  7  6,7  | HEH
  7  7,8  | THIO
  6  8,5  | OHIA
  6  6,7  - OI
  6  6,9  - OI
  6  7,9  - OI
  6  7,8  | TOW
  6  7,8  | TWO
  6  7,6  | WIT
  6  7,6  | WOT
  5  8,8  | AHI
  5  8,8  | AW
  5  6,8  | EW
  5  8,7  | HAO
  5  7,6  | HIT
  5  7,6  | HOT
  5  7,8  | THO
  5  6,7  | WE
  4  8,8  | AH
  4  6,8  | EH
  4  8,7  | HA
  4  6,7  | HE
  2  8,8  | AI
  2  6,8  | EO
  2  7,7  | IT
  2  6,7  | OE
  2  7,8  | TI
  2  7,8  | TO
