 52  2,1  | AECIUM
 42  3,1  | DATUM
 40  2,2  | ACEDIA
 36  3,1  | MUTED
 33  3,1  | MATED
 32  9,3  - AIM
 28  3,4  - AM
 28  3,4  - EM
 27  9,1  | UKE
 26  9,3  - AID
 26  2,1  | MUCID
 24  2,1  | MACED
 24  3,1  | MUTE
 21  3,1  | MATE
 21  3,1  | META
 21  3,1  | MITE
 21  3,1  | MUT
 20  2,2  | ACME
 20  2,3  | CAME
 20  2,1  | MACE
 20  1,6  - MEDIAE
 20  5,6  - MEDIAE
 20  2,1  | MICA
 20  2,1  | MICE
 19 10,3  - AM
 19 10,3  - EM
 18  2,6  - AMIDE
 18  8,1  | ANEMIA
 18  2,3  | CUED
 18  2,1  | DUCE
 18  2,1  | DUCI
 18  6,6  - EDEMA
 18  2,1  | MAC
 18  3,1  | MAT
 18  3,1  | MET
 18  2,1  | MIC
 18  8,2  | NAMED
 18  6,4  - WAME
 17 10,1  - AM
 17  4,3  | AMIDE
 17  5,5  | AMIDE
 17  8,1  | ANIMA
 17  8,1  | ANIME
 17  5,5  | MEDIA
 17 10,1  - MU
 16  2,2  | ACED
 16  2,2  | ACID
 16  3,4  - AD
 16  2,1  | AECIA
 16  4,3  | AMID
 16  2,3  | CADE
 16  2,3  | CADI
 16  2,3  | CAID
 16  2,3  | CEDI
 16  2,1  | DACE
 16  4,2  | DAME
 16  2,1  | DICE
 16  3,4  - ED
 16  2,2  | ICED
 16  3,4  - ID
 16  5,5  | MAUD
 16  5,6  | MAUD
 16  7,6  | MAUD
 16  1,1  | MEOU
 16  8,2  | NAME
 16  8,2  | NEMA
 16  3,3  | TUMID
 15  4,3  | AMIA
 15  5,5  | AMID
 15  4,3  | AMIE
 15  4,3  | AMU
 15  8,1  | ANADEM
 15  4,2  | DAM
 15  3,1  | DATA
 15  3,1  | DATE
 15  3,1  | DITA
 15  3,1  | DITE
 15  5,5  | MADE
 15  5,5  | MAID
 15  5,6  | MAID
 15  7,6  | MAID
 15  5,5  | MEAD
 15  5,6  | MEAD
 15  7,6  | MEAD
 15  5,6  | MEDIA
 15  7,6  | MEDIA
 15  7,1  - MU
 15  8,2  | NAM
 15  8,2  | NIM
 15  3,3  | TAMED
 15  3,3  | TEDIUM
 15  3,3  | TIMED
 15  8,1  | UNAIMED
 14  9,3  - AA
 14  5,5  | ADIEU
 14  9,3  - AE
 14  9,3  - AI
 14  4,3  | AMA
 14  4,3  | AMI
 14  5,5  | AMIA
 14  5,5  | AMIE
 14  5,5  | AMU
 14  1,1  | DUOMI
 14  2,2  | ECU
 14 10,1  - MA
 14  5,5  | MAD
 14  5,6  | MADE
 14  7,6  | MADE
 14 10,1  - ME
 14  5,5  | MED
 14 10,1  - MI
 14  3,2  - UM
 14  8,1  | UNMADE
 13  8,3  - AA
 13 10,3  - AD
 13  8,3  - AI
 13  4,3  | AM
 13  5,5  | AMA
 13  5,5  | AMI
 13  5,6  | AMIDE
 13  5,5  | DAME
 13  5,6  | DUMA
 13  7,6  | DUMA
 13 10,3  - ED
 13 10,3  - ID
 13  9,2  | KAME
 13  9,2  | KAMI
 13  7,1  - MA
 13  5,5  | MAE
 13  4,2  | MAUD
 13  7,1  - ME
 13  3,5  - MEDIA
 13  3,5  - MEDII
 13  7,1  - MI
 13  5,6  | MUD
 13  7,6  | MUD
 13  8,2  | NEUM
 12  2,2  | ACE
 12  5,6  | AIMED
 12  3,2  - AM
 12  5,5  | AM
 12  5,6  | AMID
 12  5,5  | DAM
 12  5,6  | DAME
 12  7,6  | DAME
 12  5,6  | DIME
 12  7,6  | DIME
 12  3,1  | DIT
 12  3,2  - EM
 12  2,2  | ICE
 12  6,5  - IDEM
 12  8,1  | INDUE
 12  5,5  | MA
 12  5,6  | MAD
 12  7,6  | MAD
 12  4,2  | MADE
 12  5,5  | ME
 12  4,1  | MEAD
 12  5,6  | MED
 12  7,6  | MED
 12  5,6  | MID
 12  7,6  | MID
 12  3,5  - MIDI
 12  8,2  | NUDIE
 12  6,4  - WADE
 12  6,4  - WADI
 12  6,4  - WIDE
 12  6,4  - WUD
 11 10,1  - AD
 11  4,3  | ADIEU
 11  4,3  | AIMED
 11  5,5  - AIMED
 11  7,4  | ED
 11  6,5  - IMIDE
 11  3,2  | ITEM
 11  9,2  | KADI
 11  4,2  | MAD
 11  5,6  | MAE
 11  7,6  | MAE
 11  5,6  | MU
 11  7,6  | MU
 11  8,2  | NUDE
 11  3,3  | TAME
 11  3,3  | TIME
 11  6,4  - WAD
 11  6,4  - WED
 10 10,3  - AA
 10  3,4  - AA
 10  5,6  | ADIEU
 10 10,3  - AE
 10  3,4  - AE
 10 10,3  - AI
 10  3,4  - AI
 10  5,6  | AMIA
 10  5,6  | AMIE
 10  2,3  | CUM
 10  5,6  | DAM
 10  7,6  | DAM
 10  5,6  | DIM
 10  7,6  | DIM
 10  1,2  | DOUMA
 10  6,5  - IMID
 10  9,2  | KUE
 10  5,6  | MA
 10  7,6  | MA
 10  4,2  | MAID
 10  5,6  | ME
 10  7,6  | ME
 10  2,5  - MEDII
 10  5,6  | MI
 10  7,6  | MI
 10  8,2  | NADA
 10  8,2  | NIDE
 10  1,3  | ODEUM
 10  1,3  | ODIUM
 10  3,3  | TAM
 10  3,3  | TEM
  9  3,6  - ADEEM
  9  4,6  - ADEEM
  9  3,6  - AIMED
  9  3,1  | AIT
  9  4,5  - AMIDE
  9  5,6  | AMU
  9  2,3  | CAM
  9  7,1  - DA
  9  7,1  - DE
  9  7,1  - DI
  9  1,2  | DOUM
  9  1,1  | DUO
  9  3,1  | EAT
  9  4,6  - EDEMA
  9  5,6  | EMU
  9  7,6  | EMU
  9  4,5  - IMIDE
  9  9,2  | KED
  9  9,2  | KID
  9  5,6  - MEDIA
  9  8,2  | NAIAD
  9  8,2  | NED
  9  1,1  | UDO
  9  8,1  | UNDE
  9 10,2  | YUM
  8 10,1  - AA
  8  3,2  - AD
  8  5,5  | AD
  8 10,1  - AE
  8 10,1  - AI
  8  5,6  | AIDE
  8  4,3  | AIM
  8  5,6  | AIM
  8  5,6  | AMA
  8  5,6  | AMI
  8  4,5  - AMID
  8  3,2  | ATMA
  8  2,3  | CUD
  8  5,5  | DA
  8  3,6  - DAME
  8  5,5  | DE
  8  7,5  | DE
  8  4,6  - DEEM
  8  5,6  - DEEM
  8  3,6  - DEME
  8  5,6  - DEME
  8  5,5  - DIME
  8  3,6  - DIME
  8  1,2  | DOME
  8  5,6  | DUE
  8  7,6  | DUE
  8  5,6  | DUI
  8  7,6  | DUI
  8  4,2  | EAU
  8  3,2  - ED
  8  4,6  - EMEU
  8  6,6  - EMEU
  8  1,1  | EMO
  8  3,2  - ID
  8  4,6  - IDEM
  8  4,5  - IMID
  8  9,2  | KAE
  8  9,2  | KAI
  8  9,2  | KEA
  8  3,6  - MADE
  8  4,2  | MAE
  8  4,5  - MAID
  8  5,6  - MEAD
  8  4,6  - MEED
  8  5,6  - MEED
  8  5,5  - MIDI
  8  1,2  | MODE
  8  1,2  | MODI
  8  1,2  | MOUE
  8  3,3  | TEAM
  8  8,1  | UNAI
  8  6,4  - WAE
  8 10,2  | YAM
  8 10,2  | YAUD
  7  7,1  - AA
  7  4,3  | AD
  7  4,5  - ADIEU
  7  3,6  - ADIEU
  7  7,1  - AE
  7  7,1  - AI
  7  4,3  | AIDE
  7  5,6  | AM
  7  4,5  - AMIA
  7  4,5  - AMIE
  7  3,6  - AMIE
  7  2,3  | CAD
  7  2,3  | CUE
  7  5,6  | DIE
  7  7,6  | DIE
  7  5,5  - DIM
  7  1,2  | DOM
  7  5,6  | EM
  7  7,6  | EM
  7  6,6  - EMU
  7  6,5  - IMU
  7  9,2  | KA
  7  9,2  | KI
  7  5,6  - MED
  7  5,5  - MID
  7  1,2  | MOAI
  7  1,2  | MOD
  7 10,1  | MY
  7  3,3  | TIDE
  6  3,2  - AA
  6  5,5  | AA
  6  1,1  | ADO
  6  5,5  | AE
  6  4,3  | AID
  6  5,6  | AID
  6  5,5  - AIM
  6  4,1  | AMA
  6  4,5  - AMI
  6  5,6  | DA
  6  7,6  | DA
  6  5,6  | DE
  6  7,6  | DE
  6  5,6  | DI
  6  7,6  | DI
  6 10,1  | DYE
  6  5,6  | EAU
  6  7,6  | EAU
  6  4,6  - EME
  6  6,6  - EME
  6  3,2  | ETUI
  6  6,5  - IDEA
  6  4,6  - MAE
  6  1,2  | MOA
  6  8,2  | NAE
  6  3,3  | TAD
  6  3,3  | TAU
  6  3,3  | TED
  6  3,3  | TIED
  5  5,6  | AD
  5  5,5  - AIDE
  5  3,6  - AIDE
  5  8,1  | AND
  5 10,1  | AYE
  5  4,6  - DUE
  5  4,5  - DUI
  5  5,6  | ED
  5  7,6  | ED
  5  3,6  - EIDE
  5  6,6  - EIDE
  5  6,6  - EM
  5  8,1  | END
  5  4,6  - IDEA
  5  3,6  - IDEE
  5  4,6  - IDEE
  5  4,2  | MA
  5  5,6  - ME
  5  7,1  | MI
  5  5,5  - MI
  5  1,2  | MO
  5  1,3  | ODEA
  5  1,3  | OM
  5  1,3  | OUD
  5  3,3  | TUI
  5  6,4  - WE
  5 10,2  | YEA
  4  4,3  | AA
  4  5,6  | AA
  4  4,3  | AE
  4  5,6  | AE
  4  4,3  | AI
  4  5,6  | AI
  4  5,5  - AID
  4  8,1  | ANA
  4  8,1  | ANE
  4  8,1  | ANI
  4 10,1  | AY
  4  4,6  - DEE
  4  5,6  - DEE
  4  5,5  - DIE
  4  4,6  - DIE
  4  1,2  | DOE
  4  6,6  - EAU
  4  6,5  - IDE
  4  4,6  - IDE
  4  8,2  | NU
  4  1,3  | OAD
  4  1,3  | ODA
  4  1,3  | ODE
  4  3,3  | TAE
  4  3,3  | TAI
  4  3,3  | TEA
  4  3,3  | TIE
  4  8,1  | UN
  4  3,2  | UTA
  4  3,2  | UTE
  4 10,2  | YA
  4 10,2  | YE
  4 10,2  | YI
  3  8,1  | AN
  3  3,2  | ATE
  3  4,2  | DA
  3  5,6  - DE
  3  7,1  | DI
  3  5,5  - DI
  3  1,2  | DO
  3  6,6  - ED
  3  8,1  | EN
  3  3,2  | ETA
  3  6,5  - ID
  3  8,1  | IN
  3  8,2  | NA
  3  8,2  | NE
  3  8,2  | NI
  3  1,3  | OD
  3  3,2  | UT
  2  4,2  | AA
  2  5,6  - AE
  2  7,1  | AI
  2  5,5  - AI
  2  3,2  | AT
  2  5,6  - EE
  2  6,6  - EE
  2  1,2  | EO
  2  3,2  | ET
  2  3,2  | IT
  2  1,3  | OE
  2  1,3  | OI
  2  3,3  | TA
  2  3,3  | TE
  2  3,3  | TI
