 61 12,5  | BELCHING
 30  8,8  | TANGIBLE
 28  6,10 - BEGIN
 28  6,10 - BEING
 28  9,7  - GIB
 28  8,8  | TABLING
 27 10,6  | BENIGN
 26  9,7  - BEG
 26  9,7  - BIG
 26  9,7  - LIB
 26  9,7  - NEB
 26  9,7  - NIB
 25  6,10 - BINGE
 24 12,4  | BLENCH
 23  8,10 - BEGIN
 23  6,10 - NEIGH
 22  9,7  - BEL
 22  8,4  | GENITAL
 22  8,10 - GIBE
 22  6,10 - HINGE
 22 12,6  | LECHING
 22  9,7  - LEG
 22  9,7  - NEG
 22  8,8  | TAGLINE
 21  6,10 - BEG
 21  4,10 - BEGIN
 21  6,10 - BIG
 21  8,10 - BILGE
 21 10,6  | BINGE
 21  8,10 - BINGE
 21 11,6  | GHIBLI
 21  8,10 - GIB
 21  6,10 - GIBE
 21  9,5  | IGNOBLE
 20  8,10 - BEG
 20  9,5  | BELONG
 20 10,6  | BENNI
 20  8,10 - BIG
 20  7,10 - BILGE
 20  6,10 - BINE
 20  7,10 - BINGE
 20  6,10 - BLIN
 20 12,7  | ECHING
 20  9,7  - GEL
 20  6,10 - GIB
 20  5,10 - GLIB
 20  9,6  | GLOBIN
 20  8,8  | TANGLE
 19  7,9  | BEGIN
 19  8,10 - BEING
 19  6,10 - BEN
 19  6,10 - BIN
 19 11,3  | GHIBLI
 19  6,10 - GLIB
 19  9,7  | GOBLIN
 19  7,10 - HINGE
 19  8,10 - NEB
 19  7,10 - NEIGH
 19  8,10 - NIB
 19  8,10 - NIGH
 18  5,9  - BEGAN
 18  4,10 - BEING
 18  7,10 - BEING
 18  8,10 - BILE
 18  7,9  | BILGE
 18  4,10 - BILGE
 18  5,10 - BILGE
 18  8,10 - BINE
 18  7,9  | BINGE
 18  4,10 - BINGE
 18  5,10 - BINGE
 18  9,6  | BIOGEN
 18 12,8  | CLING
 18 10,6  | HINGE
 18  4,10 - INGLE
 18  6,10 - INGLE
 18  8,10 - INGLE
 18  6,10 - NIGH
 18  7,10 - NIGH
 18  9,7  - NIL
 18  9,8  | OBLIGE
 18  8,8  | TABLE
 17 10,4  | BEGIN
 17  7,9  | BEING
 17  5,10 - BEING
 17  8,10 - BEL
 17  9,5  | BELON
 17  8,10 - BEN
 17 11,7  | BILGE
 17  8,10 - BIN
 17 11,7  | BINGE
 17  5,10 - BLIN
 17  8,10 - BLIN
 17 10,7  - EH
 17 12,4  | GENIC
 17  6,10 - GLEN
 17  8,10 - GLIB
 17 11,4  | HEILING
 17  4,10 - HINGE
 17  5,10 - HINGE
 17  9,7  | HOLING
 17  7,10 - INGLE
 17  6,10 - LIB
 17  7,10 - LING
 17  6,10 - NEB
 17  5,10 - NEIGH
 17  6,10 - NIB
 16  7,9  | BEG
 16 11,5  | BEGIN
 16  5,10 - BEGIN
 16  7,10 - BEGIN
 16  7,9  | BIG
 16 10,6  | BINE
 16  9,7  | BOGLE
 16  9,7  | BOING
 16  8,10 - ELHI
 16  6,10 - GEN
 16  6,10 - GHI
 16 11,7  | GIBE
 16  6,10 - GIEN
 16  6,10 - GIN
 16  5,10 - GLEN
 16 11,6  | GLIB
 16  9,6  | GLOBE
 16  6,10 - HEIL
 16 11,6  | HEILING
 16  6,10 - HEN
 16  6,10 - HIN
 16  7,9  | HINGE
 16 10,6  | LINEN
 16  6,10 - LING
 16  8,10 - NEG
 16  8,10 - NEIGH
 16  9,7  | NOBLE
 16  9,8  | OBELI
 16  9,8  | OHING
 15  7,7  - BEG
 15 10,6  | BEN
 15 10,3  | BENIGN
 15 11,7  | BIG
 15  5,7  - BILE
 15  7,9  | BILE
 15  4,7  - BILGE
 15 10,6  | BIN
 15  5,7  - BINE
 15  7,9  | BINE
 15  4,7  - BINGE
 15  7,9  | BLIN
 15  9,7  | BOGIE
 15 12,8  | CHIEL
 15  8,10 - ENG
 15  8,10 - GEL
 15  8,10 - GEN
 15 11,7  | GIB
 15  5,7  - GIBE
 15  8,10 - GIN
 15  5,9  - GLEAN
 15  8,10 - GLEN
 15  9,6  | GLOB
 15 11,7  | HIEING
 15 11,7  | HINGE
 15  9,7  | HOEING
 15  6,10 - LEG
 15  5,10 - LING
 15  9,7  | LOGIN
 15  7,7  - NEB
 15 10,8  | NEB
 15  6,10 - NEG
 15 10,8  | NIB
 15 10,8  | NIGH
 15  7,9  | NIGH
 14  7,9  - BANE
 14 11,6  | BEING
 14  7,9  | BEL
 14 12,5  | BELCH
 14  7,9  | BEN
 14 12,5  | BENCH
 14 11,7  | BILE
 14  7,9  | BIN
 14 11,7  | BINE
 14  6,9  - BLAH
 14 11,6  | BLINI
 14  9,6  | BLOG
 14  5,10 - ELHI
 14  9,6  | ELOIGN
 14  8,10 - GHI
 14  5,10 - GIBE
 14  7,10 - GIBE
 14  6,10 - GIE
 14  7,10 - GIEN
 14  8,10 - GIEN
 14  6,7  - GLEN
 14  7,10 - HEIL
 14  6,10 - HIE
 14 11,5  | HIEING
 14  4,7  - HINGE
 14  9,7  | HONGI
 14  4,7  - INGLE
 14  9,4  | LEGION
 14  7,9  | LIB
 14  5,9  - LIGAN
 14  6,10 - LINE
 14  7,9  | NEB
 14 11,6  | NEIGH
 14  7,9  | NEIGH
 14  7,9  | NIB
 14 11,7  | NIGH
 14 11,5  | NIHIL
 14 11,7  | NIHIL
 13  9,7  - BE
 13 10,5  | BEING
 13  7,7  - BEL
 13  7,7  - BEN
 13  9,7  - BI
 13  5,10 - BILE
 13  7,10 - BILE
 13 11,7  | BIN
 13  5,10 - BINE
 13  7,10 - BINE
 13  9,6  | BIOG
 13 10,5  | BLIN
 13 11,6  | BLIN
 13  9,7  | BONG
 13 12,8  | CHILE
 13 12,8  | CHINE
 13 10,7  - EL
 13 10,9  - EN
 13  6,10 - ENG
 13  7,9  - GANE
 13  6,7  - GIEN
 13  5,10 - GIEN
 13  4,9  - GLEBA
 13  9,7  | GOB
 13  9,7  | HOB
 13 10,7  | INGLE
 13  7,7  - LEG
 13  6,9  - LIANE
 13 11,7  | LIB
 13 12,6  | LICHEN
 13  6,10 - LIEN
 13  7,10 - LIEN
 13  6,10 - LIN
 13  7,9  | LING
 13  9,7  | LOBE
 13  9,7  | LONGE
 13  7,7  - NEG
 13 11,7  | NIB
 13  8,10 - NIL
 12  7,9  - BAH
 12  4,9  - BELGA
 12 10,5  | BENNI
 12  9,4  | BINGO
 12 11,4  | BLINI
 12  9,7  | BOG
 12 12,8  | CLINE
 12  7,7  - GEL
 12 10,6  | GEN
 12  7,7  - GEN
 12  8,10 - GIE
 12 10,6  | GIN
 12 10,5  | GLEN
 12  7,9  | HEIL
 12 10,6  | HEN
 12  7,7  - HEN
 12  7,9  | HEN
 12 11,7  | HILI
 12 10,6  | HIN
 12  7,9  | HIN
 12  9,7  | HONG
 12  7,9  - LANE
 12  7,9  | LEG
 12  6,7  - LIEN
 12  5,10 - LIEN
 12 10,4  | LINEN
 12 10,6  | LING
 12 11,7  | LING
 12  9,7  | LOB
 12 10,8  | NEG
 12  7,9  | NEG
 12 10,8  | NEIGH
 12  9,7  | NOB
 12  9,8  | OGLE
 11  8,10 - BE
 11  6,9  - BEAN
 11  7,10 - BEG
 11  8,10 - BI
 11  7,10 - BIG
 11  9,7  | BOLE
 11  9,7  | BONE
 11  9,6  | EBON
 11  8,7  - EH
 11 11,5  | GENII
 11  9,7  - GI
 11  7,10 - GIB
 11 11,7  | GIEN
 11 11,7  | GIN
 11  9,7  - HE
 11  9,7  - HI
 11 11,7  | HIN
 11  9,7  | HOG
 11 11,8  | INGLE
 11  6,10 - LEI
 11  6,10 - LIE
 11  5,7  - LINE
 11  7,9  | LINE
 11  5,10 - LINE
 11  7,10 - LINE
 11 10,6  | LINN
 11  9,7  | LOGE
 11  9,7  | LONG
 11 12,6  | NICHE
 11  9,8  | OBE
 11  9,8  | OBI
 11  9,8  | OLEIN
 10  8,9  - ANE
 10  7,9  - BAN
 10  7,9  | BE
 10  7,10 - BEL
 10  7,10 - BEN
 10  7,9  | BI
 10 12,6  | BICE
 10  7,10 - BIN
 10  6,9  - BLAE
 10  9,7  | BOIL
 10  9,7  | BON
 10 12,8  | CHIN
 10 11,5  | ELHI
 10  7,10 - ENG
 10  5,9  - GENA
 10 11,6  | GHI
 10  5,9  - GLIA
 10  9,7  | GONE
 10 11,6  | HEIL
 10  9,5  | HELO
 10  7,9  | HIE
 10  5,9  - HILA
 10  9,7  | HOLE
 10  9,7  | HONE
 10 12,6  | INCH
 10 12,6  | LECH
 10  7,10 - LIB
 10 12,6  | LICH
 10  7,9  | LIEN
 10  7,9  | LIN
 10 10,6  | LINE
 10 11,7  | LINE
 10  4,9  - LINGA
 10  9,4  | LINGO
 10  9,7  | LOG
 10  7,9  - NAH
 10  7,10 - NEB
 10  7,10 - NIB
 10  7,9  | NIL
 10 10,6  | NINE
 10 10,8  | NINE
 10  9,7  | NOG
 10  9,7  | NOH
  9 11,7  | BI
  9  8,7  - EL
  9  6,9  - ELAN
  9  9,6  | ELOIN
  9  8,7  - EN
  9  9,6  | ENOL
  9  7,9  - GAN
  9  7,10 - GEL
  9  7,10 - GEN
  9 11,4  | GENII
  9  8,10 - GI
  9 11,7  | GIE
  9 10,5  | GIEN
  9  7,10 - GIN
  9  9,4  | HELIO
  9  7,10 - HEN
  9 11,7  | HIE
  9 11,5  | HILI
  9  7,10 - HIN
  9  9,7  | HON
  9  6,9  - LEAN
  9  7,10 - LEG
  9  9,7  - LI
  9 11,7  | LIEN
  9 10,6  | LIN
  9 11,7  | LIN
  9 10,5  | LINN
  9  9,6  | LION
  9  9,7  | LONE
  9  9,7  - NE
  9  7,10 - NEG
  9 11,7  | NIL
  9 10,8  | NIL
  8  8,9  - AH
  8  7,9  - BAE
  8  7,7  - BE
  8  7,10 - BE
  8  7,10 - BI
  8 12,8  | CEIL
  8 12,8  | CHI
  8 12,8  | CIG
  8 12,8  | CINE
  8  8,6  | ENTAIL
  8  6,7  - GIE
  8  7,10 - GIE
  8  7,9  | HE
  8  7,9  | HI
  8 12,6  | HIC
  8  6,7  - HIE
  8  7,10 - HIE
  8 12,7  | ICH
  8  7,9  | LEI
  8  9,5  | LENO
  8 12,6  | LICE
  8  7,9  | LIE
  8 10,5  | LIEN
  8  7,10 - LIN
  8  9,5  | LINO
  8  9,7  | LOIN
  8 12,6  | NICE
  8  7,10 - NIL
  8  9,7  | NOEL
  8  9,7  | NOIL
  8  9,8  | OH
  7  8,6  | BETA
  7 12,8  | CEL
  7  8,10 - EH
  7  7,10 - EN
  7  9,7  | EON
  7  7,9  - GAE
  7 11,7  | GI
  7  7,10 - GI
  7  7,9  - HAE
  7  7,7  - HE
  7  7,10 - HE
  7 11,7  | HI
  7  7,10 - HI
  7  9,7  | HOE
  7  9,7  | HOI
  7  7,10 - IN
  7 10,6  | INN
  7  9,7  | ION
  7  7,10 - LEI
  7  6,7  - LIE
  7 11,7  | LIE
  7  7,10 - LIE
  7  8,10 - NE
  7  9,8  | OLE
  7  9,8  | ONE
  7  8,8  | TANG
  6  8,9  - AN
  6  9,6  | BIO
  6  8,10 - EL
  6  8,10 - EN
  6 10,7  | ENG
  6  8,6  | GETA
  6 12,7  | ICE
  6  5,9  - ILEA
  6  8,10 - IN
  6  7,9  | LI
  6  7,10 - LI
  6  7,9  - NAE
  6  7,7  - NE
  6  7,9  | NE
  6  7,10 - NE
  6  9,8  | OIL
  6  9,8  | ON
  6  8,8  | TAB
  5  7,9  - BA
  5  9,7  | BO
  5  9,6  | EGO
  5 11,8  | IN
  5 10,7  | INN
  5 11,6  | LEI
  5 11,7  | LI
  5  8,8  | TAEL
  5  8,8  | TAG
  5  8,8  | TAIL
  5  8,8  | TAIN
  5  8,8  | TALE
  5  8,8  | TALI
  4  8,9  - AE
  4  8,9  - AI
  4  9,7  | GO
  4  7,9  - HA
  4  9,7  | HO
  4  6,9  - LEA
  4  9,8  | OE
  4  9,8  | OI
  4  8,8  | TAN
  3 10,7  | EN
  3  8,7  | ETA
  3 10,7  | IN
  3  7,9  - LA
  3  9,7  | LO
  3  7,9  - NA
  3 10,8  | NE
  3  9,7  | NO
  3  8,8  | TAE
  3  8,8  | TAI
  2  9,7  | EO
