 41 13,1  - TAJ
 29  5,11 - JUNTA
 27  8,15 - TRANK
 27  8,15 - TRUNK
 24 12,15 - KARN
 24 12,15 - KART
 24 12,15 - KNAR
 24 12,15 - KNUR
 24 12,15 - KUNA
 22 11,14 - JEAN
 21  6,13 - JURAT
 20 13,1  - TAN
 20 13,1  - TAR
 20 13,1  - TAU
 19  8,11 - JARL
 19  5,13 - JUNTA
 18  8,13 - JAR
 18  8,13 - JUN
 18  6,13 - JURA
 18  8,13 - JUT
 18 12,1  - UTA
 16  6,11 - JURA
 16  1,2  - NA
 16  1,2  - TA
 15 14,1  - AN
 15 14,1  - AR
 15 14,1  - AT
 15  9,15 - JAUK
 15  9,15 - JUNK
 13 10,12 | AJAR
 13  9,14 - JANE
 13  9,14 - JUTE
 13  1,6  - RAN
 13  1,6  - RAT
 13 13,1  - TA
 13  1,6  - TAN
 12  2,6  - AN
 12  2,6  - AT
 12  5,7  | ERRANT
 12 14,9  | INTURN
 12  2,1  | YAR
 11  8,13 - NUT
 11  8,13 - RAN
 11  8,13 - RAT
 11  8,13 - RUN
 11  8,13 - RUT
 11  8,13 - TAN
 11  8,13 - TAR
 11  8,13 - TUN
 11  6,13 - TUNA
 10  9,13 - AN
 10  9,13 - AR
 10  9,13 - AT
 10 11,14 - JET
 10 11,14 - JEU
 10  1,6  - NA
 10 13,14 | NA
 10 11,14 - RERAN
 10 11,14 - RERUN
 10  1,6  - TA
 10 13,14 | TA
 10  7,13 - TAU
 10 11,14 - TERRA
 10  9,13 - UN
 10  9,13 - UT
 10  1,2  | UTA
 10  7,13 - UTA
  9 14,1  | AX
  9  2,5  | BRANT
  9  2,5  | BRUNT
  9  2,5  | BURAN
  9  2,5  | BURNT
  9 13,7  | DEVON
  9  5,8  - NA
  9  1,3  | TA
  9  5,8  - TA
  9  6,11 - TUNA
  9  4,7  | VAUNT
  8 12,1  - AT
  8  1,2  | AT
  8  2,5  | BARN
  8  2,5  | BRAN
  8  2,5  | BRAT
  8  2,5  | BRUT
  8  2,5  | BUNA
  8  2,5  | BUNT
  8  2,5  | BURA
  8  2,5  | BURN
  8  2,5  | BURR
  8 12,13 - EARN
  8 12,14 - EARN
  8 12,13 - ETNA
  8 12,14 - ETNA
  8  8,13 - NA
  8  9,15 - NARK
  8  7,14 - NATURE
  8 11,14 - NEAR
  8 11,14 - NEAT
  8  1,4  - NU
  8  8,13 - NU
  8 10,15 - RAKU
  8  9,15 - RANK
  8  8,14 - RANTER
  8 11,14 - REAR
  8 11,14 - RENT
  8  2,3  - RODENT
  8  8,13 - TA
  8  9,15 - TANK
  8 11,14 - TEAR
  8 11,14 - TERN
  8  9,15 - TURK
  8  8,14 - TURNER
  8 12,1  - UT
  8  1,2  | UT
  8  7,11 - UTA
  8  4,7  | VATU
  7  8,14 - ANTRE
  7 10,15 - ARK
  7 10,15 - AUK
  7  2,5  | BAN
  7  2,5  | BAR
  7  2,5  | BAT
  7  2,5  | BRA
  7  2,5  | BRR
  7  2,5  | BUN
  7  2,5  | BUR
  7  2,5  | BUT
  7 12,15 - KAT
  7  9,12 | MART
  7  9,12 | MAUN
  7  9,12 | MAUT
  7  9,12 | MURA
  7  9,12 | MURR
  7  8,11 - NA
  7  9,14 - RATER
  7  8,11 - TA
  7  8,14 - TARRE
  7  9,14 - TRUER
  7  9,14 - TUNER
  7  8,14 - URARE
  7  8,14 - URATE
  7  4,7  | VAN
  7  4,7  | VAR
  7  4,7  | VAT
  7  4,7  | VAU
  7  7,1  | YAR
  6 10,12 | ANTA
  6  9,14 - ANTE
  6 10,12 | AUNT
  6 10,12 | AURA
  6  2,5  | BA
  6 12,13 - EAR
  6 12,14 - EAR
  6 12,13 - EAT
  6 12,14 - EAT
  6 12,13 - EAU
  6 12,14 - EAU
  6 12,13 - ERA
  6 12,14 - ERA
  6 12,13 - ERN
  6 12,14 - ERN
  6 12,13 - ERR
  6 12,14 - ERR
  6 12,13 - ETA
  6 12,14 - ETA
  6 12,15 - KA
  6  9,12 | MAN
  6  9,12 | MAR
  6  9,12 | MAT
  6  9,12 | MUN
  6  9,12 | MUT
  6  9,14 - RARE
  6  9,14 - RATE
  6 10,14 - RUER
  6  9,14 - RUNE
  6  9,14 - TARE
  6  1,3  - TRODE
  6  9,14 - TRUE
  6  9,14 - TUNE
  6 10,14 - UREA
  5 10,12 | ANA
  5 10,14 - ANE
  5 10,12 | ANT
  5 10,14 - ARE
  5 11,1  | ART
  5 10,12 | ART
  5 10,14 - ATE
  5 13,4  | HA
  5 14,9  | INRUN
  5 14,9  | INURN
  5  9,12 | MA
  5  9,12 | MU
  5 14,11 - NA
  5 10,14 - NAE
  5 14,11 - NU
  5  2,3  | RUB
  5 10,14 - RUE
  5  6,5  | SAGA
  5 10,14 - TAE
  5  9,10 | TAM
  5 11,1  | URN
  5 10,14 - UTE
  5  7,1  | YA
  4  5,7  | EARN
  4 12,13 - EN
  4 12,13 - ER
  4 12,13 - ET
  4  5,7  | ETNA
  4  4,2  - IN
  4 12,2  | NAG
  4  5,2  | NE
  4  9,8  | OAT
  4  9,8  | ORT
  4  9,8  | OUT
  3 12,1  | AN
  3  5,7  | EAR
  3  5,7  | EAT
  3  5,7  | EAU
  3  5,7  | ERA
  3  5,7  | ERN
  3  5,7  | ERR
  3  5,7  | ETA
  3 14,9  | INN
  3 11,14 - NET
  3 11,14 - RET
  3 11,14 - TEA
  3 11,14 - TEN
  3 12,1  | UN
  2 10,12 | AA
  2 11,14 - AE
  2 13,1  | AI
  2 10,12 | AN
  2 11,1  | AR
  2 10,12 | AR
  2 10,12 | AT
  2  5,7  | EN
  2 12,14 - EN
  2  5,7  | ER
  2 12,14 - ER
  2  5,7  | ET
  2 12,14 - ET
  2  3,5  | IN
  2  3,5  | IT
  2 11,14 - NE
  2 11,14 - RE
  2 13,1  | TI
