 45 10,2  | DIP
 42  3,5  | JA
 42  3,5  - JE
 41 10,2  | SIP
 39 11,3  | SPIV
 36 10,2  | DIS
 36  9,3  - QIS
 36  4,10 - SPIV
 35 11,3  | SPIC
 34  4,10 - SPIC
 33  6,8  - DIPSO
 33  8,4  - JUS
 32 11,3  | PICS
 30  3,5  | DAPS
 30  2,10 - DISC
 30  3,5  | PADS
 29 11,3  | DISC
 29 11,3  | VIDS
 28  2,10 - VIS
 27  3,5  | DAP
 27  3,5  | PAD
 27 10,2  | SI
 26  2,10 - CIS
 26 11,3  | DIPS
 26  2,10 - PIS
 26  1,10 - SIC
 26  4,10 - SIC
 26  1,10 - SIP
 26  4,10 - SIP
 25  7,8  - PISO
 24  9,8  - DOC
 24  6,6  | SPIVS
 24  6,10 - SPIVS
 23  3,5  | PAS
 23  8,7  | SPIV
 22  2,10 - DIS
 22  2,10 - IDS
 22  9,8  - SOP
 22  8,7  | SPIC
 22  6,6  | SPICS
 22  6,10 - SPICS
 21  9,8  - DOS
 20  9,8  - DO
 20  5,8  | PICS
 20  3,10 - PSI
 20  9,8  - SOD
 20  9,1  | rEQUIrED
 19  8,4  - CUPS
 19  8,4  - CUSP
 19  5,8  | PIC
 19 11,4  | PICS
 19  8,7  | PICS
 19  7,4  - SCUP
 18  5,3  | CIST
 18  3,9  - CLIPS
 18  8,4  - CUP
 18  6,10 - DISCS
 18  3,5  | PA
 18  3,5  - PE
 18  8,7  | PIC
 18  7,4  - SCUDI
 18  1,10 - SI
 18  9,8  - SO
 18  9,1  | rEQUIrES
 17  8,4  - CUDS
 17 11,4  | DIPS
 17  8,5  | PIS
 17 11,6  | PSI
 17  8,4  - PUDS
 17  7,4  - SCUD
 17  8,5  | SIP
 17  7,4  - SPUD
 16  3,9  - CLIP
 16  8,4  - CUD
 16  5,8  | DIPS
 16  5,8  | DISC
 16 10,3  | IS
 16  3,10 - IS
 16  5,8  | PIS
 16  8,4  - PUD
 16  4,10 - SI
 16 11,4  | VIDS
 15  3,6  | ASP
 15  5,8  | DIP
 15  8,7  | DIPS
 15  8,7  | DISC
 15  5,8  | PI
 15  8,7  | PIS
 15  8,7  | PSI
 15  8,4  - PUS
 14  6,2  - AIDED
 14  4,4  | BEFOOLS
 14  8,7  | DIP
 14  1,2  | GAMESTERS
 14  5,3  | PI
 14  8,7  | PI
 14 11,4  | PIC
 13  3,6  | ADS
 13  8,4  - DUCI
 13  8,4  - DUPS
 13  8,6  | IDS
 13  4,9  - LISP
 13  5,8  | SIC
 13  5,8  | SIP
 13  5,6  | TIP
 13  7,1  | YIPS
 13  9,1  - rIP
 12  6,2  - AIDES
 12 11,4  | DIP
 12  5,8  | DIS
 12  8,4  - DUP
 12  1,2  - GIDS
 12  8,5  | PI
 12  8,7  | SIC
 12  8,7  | SIP
 12  7,1  | YIP
 11  8,7  | DIS
 11  2,6  | HID
 11  9,10 | ID
 11 11,5  | IDS
 11  3,8  - JO
 11  9,3  - QI
 11 11,4  | SIC
 11 11,4  | SIP
 11  6,6  | SPIV
 11 11,4  | VID
 10  3,6  | AD
 10  3,8  - COPS
 10  3,7  - DO
 10  8,6  | ID
 10  4,9  - LIPS
 10  7,10 - PICS
 10  7,7  - SCEND
 10  3,9  - SLIP
 10  7,7  - SPEND
 10  6,6  | SPIC
 10  8,7  - VEND
 10  3,8  - VOIDS
  9  3,8  - COP
  9  6,4  | DISCS
  9  8,4  - DUI
  9  3,1  | ED
  9  1,2  - GID
  9  2,6  | HIS
  9  5,3  - ID
  9 11,10 | ID
  9  5,9  | IDS
  9  6,1  | LAVS
  9  8,7  - PEND
  9  7,4  - PIU
  9  5,8  | SI
  9  3,8  - SODIC
  9  8,4  - SUP
  9  7,10 - VIDS
  9 11,4  | VIS
  9  3,8  - VOID
  8  4,4  - BIDS
  8 11,4  | CIS
  8  3,8  - CODS
  8  7,10 - DIPS
  8  6,4  | DISC
  8  8,10 - DISC
  8  3,8  - DOCS
  8  5,9  | ID
  8  8,6  | IS
  8  9,10 | IS
  8  6,1  | LACS
  8  6,1  | LAIC
  8  6,1  | LAPS
  8  6,1  | LAV
  8  4,9  - LIDS
  8  4,9  - LIP
  8  4,8  - ODIC
  8  8,7  - PENS
  8 11,4  | PIS
  8  3,8  - PODS
  8  5,3  | SI
  8  8,7  | SI
  8 11,7  | SI
  8  3,9  - SLID
  7  4,4  - BID
  7  3,8  - COD
  7  8,6  - CrED
  7  3,8  - DOC
  7  5,3  - IS
  7  5,9  | IS
  7  6,1  | LAC
  7  6,1  | LAP
  7  8,7  - PEN
  7  6,4  | PISS
  7  7,10 - PISS
  7  8,10 - PISS
  7  3,8  - POD
  7  3,8  - POIS
  7  6,5  | PSIS
  7  7,10 - PSIS
  7  6,6  | SICS
  7  7,10 - SICS
  7  6,6  | SIPS
  7  7,10 - SIPS
  7  5,6  | TIS
  7  9,4  - UPS
  7  6,4  | VIS
  7  8,10 - VIS
  7  9,1  - rID
  6  3,6  | AS
  6  4,4  - BIS
  6  6,4  | CIS
  6  8,10 - CIS
  6  3,8  - COS
  6  8,7  - DENI
  6  8,7  - DENS
  6 11,4  | DIS
  6  1,8  - EIDOS
  6  1,5  - ES
  6  2,6  | HI
  6 11,5  | ID
  6 11,4  | IDS
  6 11,10 | IS
  6  6,1  | LADS
  6  6,1  | LAID
  6  4,9  - LID
  6  4,8  - OPS
  6  6,4  | PIS
  6  8,10 - PIS
  6  3,8  - POI
  6  6,5  | PSI
  6  7,5  - PSI
  6  9,10 - PSI
  6  8,7  - SEND
  6  2,5  | SH
  6  8,5  | SI
  6  6,6  | SIC
  6  6,6  | SIP
  6  3,7  - SO
  6  3,8  - SOP
  6  1,7  - TI
  6  9,4  - UP
  6  9,6  - rEV
  5  4,4  - BI
  5  8,7  - DEN
  5  6,4  | DISS
  5  7,10 - DISS
  5  8,10 - DISS
  5  9,7  - END
  5  6,5  - ID
  5  6,7  - ID
  5  6,1  | LAD
  5  4,9  - LIS
  5  4,8  - OP
  5 10,8  - OP
  5  8,5  - PI
  5  3,8  - PO
  5  9,6  - rEC
  5  9,6  - rEP
  4  6,4  | DIS
  4  8,10 - DIS
  4  3,8  - DOS
  4  9,7  - ENS
  4  6,4  | IDS
  4  8,10 - IDS
  4  6,5  - IS
  4 11,5  | IS
  4  6,7  - IS
  4  8,6  - IrED
  4  6,1  | LAS
  4  4,9  - LI
  4  4,8  - ODS
  4  4,7  - OI
  4  8,7  - SEN
  4  3,8  - SOD
  4  5,6  | TI
  3  4,1  | AD
  3  3,8  - DO
  3  1,8  - ED
  3  8,6  - IrES
  3  4,8  - OD
  3 10,8  - OD
  3  6,4  | SIS
  3  6,6  | SIS
  3  8,10 - SIS
  3  9,4  - US
  3  9,6  - rED
  2  4,1  | AI
  2  4,1  | AS
  2  1,8  - ES
  2  6,5  | IS
  2  9,10 - IS
  2  8,6  - IrE
  2  4,8  - OI
  2 10,8  - OI
  2  4,8  - OS
  2 10,8  - OS
  2  8,5  - SI
  2  6,6  | SI
  2 10,10 - SI
  2  3,8  - SO
  2  9,6  - rES
