 52  1,11 - YARD
 49  1,11 - YOD
 46  1,11 - DAY
 46  1,11 - DEY
 43  1,11 - YAR
 38  1,9  - DAY
 38  1,9  - DEY
 37  1,11 - RAY
 35  1,9  - RAY
 34  1,11 - DOE
 34  1,11 - DOR
 33  1,9  - YOD
 31  1,11 - RAD
 31  1,11 - RED
 31  1,11 - ROD
 30  2,11 - ORDO
 28  2,11 - AY
 28  2,11 - OY
 27  1,9  - RAD
 27  1,9  - RED
 27  1,9  - ROD
 27  3,9  | YOD
 25  1,11 - EAR
 25  1,11 - OAR
 25  1,11 - ROE
 22  2,11 - AD
 22  2,11 - ED
 22  2,11 - OD
 19  4,2  - ROADEO
 18  2,9  - AY
 18  3,9  | DOE
 18  3,9  | DOR
 18  3,11 - ED
 18  2,9  - OY
 17  5,2  - ADORE
 17  8,10 - OLD
 17  5,2  - RODEO
 17  6,2  - YARE
 17  6,2  - YORE
 16  2,11 - AE
 16  2,11 - AR
 16  2,11 - ER
 16  2,11 - OE
 16  2,11 - OR
 16  6,2  | REDYE
 16  1,9  - YA
 16  6,5  - YAUP
 16  1,9  - YE
 16  1,9  - YO
 15  6,2  - DARE
 15  6,2  - DORE
 15  6,2  - ORDO
 15  6,2  - REDO
 15  3,9  | ROD
 15  6,2  - RODE
 14  2,9  - AD
 14  4,11 - DOER
 14  2,9  - ED
 14 11,8  | EDDY
 14  2,9  - OD
 14  1,11 - YA
 14  1,11 - YE
 14  1,11 - YO
 13  6,2  - AERO
 13 10,3  | AY
 13  1,9  - DE
 13  2,5  - DEARY
 13  2,5  - DERAY
 13  1,9  - DO
 13  4,11 - DOE
 13  3,5  - DORY
 13  3,5  - DRAY
 13  2,5  - READY
 13  7,11 - RESAY
 13  7,5  | YA
 13  3,5  - YARD
 13  7,5  - YUP
 12  6,2  | ADORE
 12 11,9  | DAY
 12 11,9  | DEY
 12 11,9  | DRY
 12  6,2  | ERODE
 12  3,10 | OY
 12  6,4  - RAJ
 12  2,5  - RAYED
 12  3,9  | ROE
 11 10,3  | AD
 11  3,5  - AERY
 11  9,8  - COO
 11  1,11 - DE
 11  4,6  | DEVOIR
 11  1,11 - DO
 11  7,2  - DYE
 11  3,5  - DYER
 11  9,11 - SAY
 11  9,11 - SOY
 11  9,1  | WAY
 11  9,1  | WRY
 11  3,5  - YEAR
 11  9,3  - YOB
 10  1,9  - AE
 10  4,7  | AVOID
 10  7,2  - AYE
 10  4,5  - DAY
 10  4,5  - DEY
 10  4,5  - DRY
 10  6,11 - EYAS
 10  2,5  - OARED
 10  1,9  - OE
 10  2,5  - OREAD
 10  4,7  | OVOID
 10  7,11 - RASED
 10  1,9  - RE
 10  7,11 - RESOD
 10  1,5  - ROADEO
 10  7,11 - ROSED
 10  7,2  - RYE
  9  7,2  - ADO
  9 10,3  | AR
  9  9,3  - DAB
  9 11,9  | DAD
  9  3,5  - DEAR
  9  9,3  - DEB
  9  7,2  - DOE
  9  3,5  - DOER
  9  3,5  - DOOR
  9  3,5  - EYRA
  9  3,10 | OD
  9  7,2  - ODE
  9  3,5  - ORAD
  9  3,5  - OYER
  9  4,5  - RAY
  9  3,5  - READ
  9  3,5  - ROAD
  9  2,5  - RODEO
  9  3,5  - ROOD
  9  4,8  | VOID
  9  9,1  | WAD
  9  9,1  | WED
  9  9,1  | WYE
  9  8,2  - YE
  9  8,2  - YO
  9  4,5  - YOD
  9  2,7  | YODH
  8  1,11 - AE
  8  7,2  - ARE
  8  5,5  - AY
  8  8,2  - DE
  8  4,6  | DEV
  8  8,2  - DO
  8  4,11 - DO
  8  7,11 - DOSER
  8 11,9  | DYE
  8  6,11 - EARS
  8 11,8  | EDDO
  8  6,11 - ERAS
  8  6,11 - EROS
  8  3,5  - ODEA
  8  3,5  - ODOR
  8  1,11 - OE
  8  5,11 - OE
  8  3,5  - ORDO
  8  7,2  - ORE
  8  5,5  - OY
  8  1,11 - RE
  8  3,5  - REDO
  8  7,2  - ROE
  8  9,11 - SAD
  8  9,11 - SOD
  8  4,8  | VAIR
  8  2,7  | YEAH
  7  8,2  - AE
  7  3,5  - AERO
  7  9,3  - ARB
  7  6,11 - ED
  7  2,7  | ODAH
  7 11,8  | ODEA
  7 11,8  | ODOR
  7  8,2  - OE
  7  9,3  - ORB
  7  4,5  - RAD
  7  8,2  - RE
  7  9,3  - REB
  7  4,5  - RED
  7  4,6  | REV
  7  9,3  - ROB
  7  4,5  - ROD
  7  4,5  - RYA
  7  9,1  | WAE
  7  9,1  | WAR
  7  9,1  | WOE
  7  9,1  | WOO
  7  2,8  | YAH
  7  4,5  - YAR
  7  4,5  - YEA
  7  2,8  | YEH
  7  3,9  | YO
  7  8,9  | sAE
  7  8,9  | sEA
  6  5,5  - AD
  6  4,5  - ADO
  6  2,8  | DAH
  6 11,9  | DOE
  6  4,5  - DOR
  6 11,9  | DOR
  6  6,4  | DYE
  6  7,11 - EASY
  6  5,5  - ED
  6  2,8  | EDH
  6  6,11 - ER
  6  6,3  | EYRE
  6 10,6  | LA
  6 10,6  | LO
  6  9,7  - NA
  6  9,7  - NO
  6  5,5  - OD
  6  4,5  - ODA
  6  3,10 | OE
  6  3,10 | OR
  6  8,11 - OSAR
  6  7,11 - ROSY
  6  5,5  - YA
  6  6,3  | YARE
  6  5,5  - YO
  6  6,3  | YORE
  5 10,3  - AB
  5 11,8  | ADD
  5  6,4  | AYE
  5  7,11 - AYS
  5  6,3  | DARE
  5  6,3  | DERE
  5  5,5  - DO
  5  3,9  | DO
  5  6,3  | DORE
  5  7,11 - DOSE
  5  6,3  | DREE
  5  4,5  - EAR
  5  4,5  - ERA
  5  6,4  | EYE
  5  4,5  - OAR
  5 11,8  | ODD
  5  2,9  | OHO
  5  2,8  | OOH
  5  4,5  - ORA
  5  2,8  | RAH
  5  6,3  | REDE
  5  2,9  | RHO
  5  6,3  | RODE
  5  6,4  | RYE
  5  9,11 - SAE
  5  9,11 - SEA
  5  9,11 - SER
  5  9,1  | WE
  5  9,1  | WO
  5  7,11 - YES
  4 11,8  | ADO
  4  7,11 - ADS
  4  2,9  | AH
  4  5,5  - AR
  4  7,11 - ARSE
  4  6,4  | DEE
  4  6,4  | DOE
  4  7,11 - DOS
  4  7,11 - EDS
  4  2,9  | EH
  4  5,5  - ER
  4  2,10 | HA
  4  2,10 | HE
  4  2,10 | HO
  4 11,8  | ODA
  4  6,4  | ODE
  4 11,8  | ODE
  4  7,11 - ODS
  4  2,9  | OH
  4  5,5  - OR
  4  7,11 - RASE
  4  7,11 - ROSE
  4  6,8  | TATE
  4 10,4  - YE
  4  6,5  | YE
  3 11,8  | AD
  3  6,4  | ARE
  3  7,11 - ARS
  3 10,4  - DE
  3  6,5  | DE
  3 11,9  | DE
  3 11,9  | DO
  3 11,8  | ED
  3  6,4  | ERE
  3  7,11 - ERS
  3  4,10 | ID
  3 11,8  | OD
  3  7,11 - OES
  3  6,4  | ORE
  3  7,11 - ORS
  3  8,11 - OSE
  3  7,11 - RAS
  3  6,4  | REE
  3  7,11 - RES
  3  6,4  | ROE
  2 10,4  - AE
  2  6,5  | AE
  2  5,7  | AI
  2  8,11 - AS
  2  8,11 - ES
  2 10,4  - OE
  2  6,5  | OE
  2  5,7  | OI
  2  8,11 - OS
  2 10,4  - RE
  2  6,5  | RE
  2  5,10 | SO
  2  9,11 - SO
