 42  4,8  | MaW
 42  4,8  | MoW
 42  2,11 - WaME
 42  3,11 - aXE
 41  2,11 - MEWl
 40  7,1  - EXEc
 36  4,8  | MaE
 35  7,6  | AXE
 35  4,8  - QOPh
 33  7,6  | AXe
 33  3,11 - EME
 33  3,11 - EWE
 33  2,11 - MEmE
 33  2,11 - MErE
 33  2,11 - MEtE
 33  2,11 - MEzE
 33  3,11 - WEE
 33  2,11 - WErE
 33  2,11 - WhEE
 33  2,11 - aWEE
 33  2,11 - dEME
 33  2,11 - fEME
 33  2,11 - hEME
 33  2,11 - mEME
 33  2,11 - sEME
 33  2,11 - tWEE
 32  7,5  | MAX
 32  4,8  | Ma
 32  4,8  | Mo
 32  7,5  | WAX
 32  2,11 - WEEl
 31  7,5  - bEMIX
 30  3,11 - MaE
 30  3,11 - WaE
 30  3,11 - WeE
 30  3,11 - WoE
 30  3,11 - WyE
 30  3,11 - aWE
 30  3,11 - eME
 30  3,11 - eWE
 30  3,11 - oWE
 29  3,11 - EMe
 29  3,11 - EWe
 29  3,11 - MEl
 29  3,11 - WEe
 28  7,6  | AX
 28  5,7  - ZAX
 28  7,5  | fAX
 28  7,5  | lAX
 28  7,5  | mAX
 28  7,5  | pAX
 28  7,5  | rAX
 28  7,5  | sAX
 28  7,5  | tAX
 28  7,5  | wAX
 28  7,5  | zAX
 27  8,6  | DEX
 27  8,6  | DEXy
 27  7,9  | WEB
 26  7,6  | AgEE
 26  8,6  | DeX
 26  9,1  | EMU
 26  9,5  - MIX
 25  7,3  | SEWAgE
 25  7,9  | WeB
 24  7,5  - nEWIE
 23  7,5  | MAgE
 23  9,5  | MEtE
 23  7,5  | WAgE
 23  9,1  | aMU
 23 11,1  | aXLE
 23  9,1  | eMU
 22  8,5  - EMIc
 22  8,5  - EMIr
 22  8,5  - EMIt
 22  9,5  | MEt
 21  3,11 - EkE
 21  3,11 - EmE
 21  3,11 - ErE
 21  3,11 - EvE
 21  3,11 - EwE
 21  3,11 - EyE
 21  9,9  - QaT
 21  6,2  - Qi
 21  9,9  | QiS
 21  8,5  - aMIE
 21  3,11 - bEE
 21  3,11 - cEE
 21  3,11 - dEE
 21  3,11 - fEE
 21  3,11 - gEE
 21  3,11 - jEE
 21  3,11 - lEE
 21  3,11 - nEE
 21  3,11 - pEE
 21  3,11 - rEE
 21  3,11 - sEE
 21  3,11 - tEE
 21  3,11 - vEE
 21  3,11 - wEE
 21  3,11 - zEE
 20  7,5  | EAsE
 20 10,9  | EEK
 20  3,11 - EEl
 20  2,9  - EXiNE
 20  4,11 - ME
 20  4,11 - WE
 20  4,2  - WaME
 20  8,5  - aMI
 20  5,2  - aXE
 19  7,6  | AgE
 19  7,6  | ApE
 19  7,6  | AxE
 19  9,8  | EXES
 19 11,1  | MiLE
 19  5,9  - NEXt
 19 11,1  | WiLE
 19 11,1  | WyLE
 18  5,10 - ARaME
 18  8,1  | EXCEeD
 18  9,8  | EXeS
 18  8,9  - EXiT
 18  9,5  | ME
 18  9,5  - MI
 18  9,5  - MIb
 18  9,5  - MIc
 18  9,5  - MId
 18  9,5  - MIg
 18  9,5  - MIl
 18  9,5  - MIm
 18  9,5  - MIr
 18  9,5  - MIs
 18  9,5  - MIx
 18  4,8  - MOPE
 18  4,8  - MOPEd
 18  4,8  - MOPEr
 18  4,8  - MOPEs
 18  4,8  - MOPEy
 18  4,11 - Me
 18  9,5  - WIg
 18  9,5  - WIn
 18  9,5  - WIs
 18  9,5  - WIt
 18  9,5  - WIz
 18  4,11 - We
 18  9,8  | aXES
 18  8,1  | eXCEED
 18  9,8  | eXES
 18  9,8  | oXES
 17 11,1  | MEL
 17  4,8  - MOP
 17  4,8  - MOPe
 17  4,8  - MOPs
 17  4,8  - MOPy
 17  4,8  - WOPs
 17  6,2  - Xi
 17  9,9  | XiS
 17  6,2  - Xu
 17 10,9  | eEK
 17  3,8  - sWOP
 16  8,6  | DEME
 16  8,5  | EDEMa
 16  8,1  | EXCeED
 16 10,9  | EeK
 16  7,5  | MAg
 16  7,5  | MAp
 16  7,5  | MAs
 16  7,5  | MAx
 16  7,5  | WAg
 16  7,5  | WAp
 16  7,5  | WAs
 16  7,5  | WAx
 16  4,11 - aE
 16  4,11 - bE
 16  4,11 - dE
 16  4,11 - fE
 16  4,11 - hE
 16  4,11 - jE
 16  4,11 - mE
 16  4,11 - nE
 16  4,11 - oE
 16  4,11 - rE
 16  1,10 - rEWEAR
 16  4,11 - tE
 16  4,11 - wE
 16  4,11 - yE
 15  8,6  | DEMe
 15  8,6  | DEMo
 15  8,6  | DEMy
 15  8,6  | DEW
 15  8,6  | DEWs
 15  8,6  | DEWy
 15  8,6  | DaME
 15  8,6  | DeME
 15  8,6  | DiME
 15  8,6  | DoME
 15  4,11 - El
 15 11,1  | MeL
 15 11,1  | MiL
 15  5,7  | ZONAE
 15  8,5  | iDEM
 14  8,6  | DaM
 14  8,6  | DaW
 14  8,6  | DeW
 14  8,6  | DiM
 14  8,6  | DoM
 14  8,6  | DoW
 14  8,1  | EMCEeD
 14  5,2  - EME
 14  2,10 - EMbAR
 14  5,2  - EWE
 14  4,2  - MEmE
 14  8,8  | MEmO
 14  8,8  | MEnO
 14  4,2  - MErE
 14  4,2  - MEtE
 14  4,2  - MEzE
 14  5,2  - WEE
 14  4,2  - WErE
 14  4,2  - WhEE
 14  5,7  | ZONAe
 14  5,7  | ZONAl
 14  4,9  | aWE
 14  4,2  - aWEE
 14  4,2  - dEME
 14  2,10 - dEWAR
 14  8,1  | eMCEED
 14  4,2  - fEME
 14  4,2  - hEME
 14  4,2  - mEME
 14  4,9  | oWE
 14  4,2  - sEME
 14  2,10 - sEWAR
 14  2,10 - sMEAR
 14  2,10 - sWEAR
 14  4,2  - tWEE
 13  4,2  - EMEu
 13  7,9  | EbB
 13  9,6  | EtWEES
 13  7,5  - ME
 13  9,2  - MOa
 13  8,9  - MiXT
 13  5,9  - NEWiE
 13  4,9  | aM
 13  4,9  | aW
 13  9,8  | cWMS
 13  4,9  | oM
 13  4,9  | oW
 12  7,6  | Ag
 12  7,6  | As
 12  7,6  | Ax
 12  8,1  | EMCeED
 12  4,9  - ENEMa
 12  4,9  - ENEMy
 12  4,10 | EX
 12  8,8  | EXpO
 12  6,2  - ME
 12  8,10 - ME
 12  5,2  - MaE
 12  5,9  - NEWEl
 12  5,9  - NEWEr
 12  6,2  - WE
 12  8,10 - WE
 12  5,2  - WaE
 12  5,2  - WeE
 12  5,2  - WoE
 12  5,2  - WyE
 12  5,7  - ZAg
 12  5,7  - ZAs
 12  5,7  - ZAx
 12  5,2  - aWE
 12  5,2  - eME
 12  5,2  - eWE
 12  5,2  - oWE
 12  3,9  - rENEW
 12  7,8  | tE
 11  9,8  | EMES
 11  5,2  - EMe
 11  5,2  - EMo
 11  5,2  - EMu
 11  9,8  | EWES
 11  5,2  - EWe
 11  4,10 | ME
 11  9,8  | MEWS
 11  2,8  - MEtOPE
 11  9,2  - MO
 11  9,2  | MU
 11  7,5  - Ma
 11  8,1  | MaCE
 11  3,9  - MaNE
 11  7,5  - Me
 11  7,5  - Mi
 11  8,1  | MiCE
 11  3,9  - MiNE
 11  7,5  - Mo
 11  5,9  - NEMa
 11  5,9  - NEW
 11  5,9  - NEWs
 11  5,9  - NEWt
 11  6,4  - Qi
 11  7,1  | QiS
 11  4,10 | WE
 11  5,2  - WEe
 11  3,9  - WaNE
 11  3,9  - WiNE
 11  4,9  - aNEW
 11 11,1  | aWL
 11  4,9  - kNEW
 11  8,9  - nEXT
 11 11,1  | oWL
 11  8,9  - sEXT
 11  8,9  - tEXT
 11  8,9  - vEXT
 11  7,9  | wEB
 10  8,6  | DEEM
 10  9,8  | EMeS
 10  8,9  - EMiT
 10  9,8  | EMuS
 10  9,8  | EWeS
 10  9,1  | EmU
 10  7,8  | Et
 10  4,10 - MARa
 10  9,9  - MET
 10  4,10 | Ma
 10  8,10 - Ma
 10  4,10 | Me
 10  8,10 - Me
 10  4,10 | Mi
 10  8,10 - Mi
 10  4,10 | Mm
 10  4,10 | Mo
 10  8,10 - Mo
 10  4,10 | Mu
 10  8,10 - Mu
 10  4,10 | My
 10  3,8  - MyOPE
 10  2,9  - WEENEd
 10  9,9  - WET
 10  4,10 | We
 10  8,10 - We
 10  4,10 | Wo
 10  8,10 - Wo
 10  8,5  | aDEEM
 10  9,8  | aWES
 10 10,1  | cOLDISH
 10  9,8  | eMES
 10  9,8  | eWES
 10  4,10 | eX
 10  9,5  - fIX
 10  9,5  - mIX
 10  9,5  - nIX
 10  9,8  | oWES
 10  4,10 | oX
  9  8,6  | DeEM
  9  8,6  | DrEW
  9  2,9  - MEsNE
  9  6,2  - Ma
  9  9,9  | MaS
  9  9,9  - MaT
  9  9,8  | MaWS
  9  6,2  - Me
  9  9,9  - MeT
  9  9,8  | MeWS
  9  6,2  - Mi
  9  9,9  | MiS
  9  6,2  - Mo
  9  9,9  | MoS
  9  9,9  - MoT
  9  9,8  | MoWS
  9  6,2  - Mu
  9  9,9  | MuS
  9  9,9  - MuT
  9  5,9  - NEEM
  9  5,9  - NEEMs
  9  5,9  - NEuME
  9  9,9  | WaS
  9  9,9  - WaT
  9  6,2  - We
  9  9,9  - WeT
  9  3,8  - WhOP
  9  9,9  | WiS
  9  9,9  - WiT
  9  6,2  - Wo
  9  9,9  | WoS
  9  9,9  - WoT
  9  6,4  - Xi
  9  7,1  | XiS
  9 11,1  | dELE
  9  8,9  | oXO
  9 11,1  | pELE
  9 11,1  | tELE
  9  4,8  - tOPEE
  8  8,2  | EChED
  8 11,1  | EEL
  8  4,10 | EM
  8  8,9  - MEET
  8  8,1  | MaC
  8  8,1  | MiC
  8  8,1  | MoC
  8  8,1  | MyC
  8  9,8  | WEES
  8  8,9  - WEET
  8  7,1  | pESEWA
  7  8,3  | CoED
  7  8,3  | CrED
  7  8,3  | CuED
  7  8,6  | DEeM
  7  8,6  | DErM
  7  9,9  | EMS
  7  3,8  - ElOPE
  7 11,3  | LEd
  7 11,3  | LEs
  7 11,3  | LEt
  7  8,9  - MEaT
  7  9,8  | MEdS
  7  8,9  - MEeT
  7  9,8  | MEgS
  7  9,8  | MElS
  7  8,9  - MElT
  7  9,8  | MEmS
  7  9,8  | MEsS
  7  9,8  | MEwS
  7  5,9  - NEeM
  7  5,9  - NEuM
  7  3,10 - WEAR
  7  9,8  | WEbS
  7  9,8  | WEdS
  7  9,8  | WEeS
  7  8,9  - WEeT
  7  8,9  - WEfT
  7  8,9  - WElT
  7  9,8  | WEnS
  7  8,9  - WEnT
  7  8,9  - WEpT
  7  8,9  - WErT
  7  8,9  - WEsT
  7  9,8  | WEtS
  7  8,2  | aCE
  7  4,9  | aE
  7  9,8  | dEWS
  7  9,2  | dUE
  7  9,8  | fEMS
  7  9,8  | gEMS
  7  9,8  | hEMS
  7  9,8  | hEWS
  7  9,2  | hUE
  7  8,2  | iCE
  7  9,8  | jEWS
  7  9,8  | mEMS
  7  9,8  | mEWS
  7  9,8  | nEWS
  7  8,9  - nEWT
  7  4,9  | oE
  7  9,8  | pEWS
  7  9,8  | rEMS
  7  9,8  | sEWS
  7  9,2  | sUE
  7  9,8  | tEWS
  7  9,8  | yEWS
  6  8,6  | DEE
  6  8,6  | DEEd
  6  8,6  | DEEm
  6  8,6  | DEEp
  6  8,6  | DEEr
  6  8,6  | DEEs
  6  8,6  | DEEt
  6  8,6  | DrEE
  6  8,5  | EDgE
  6  8,9  | EMO
  6  7,1  | EMS
  6  5,4  - EMo
  6 11,1  | EeL
  6  5,2  - EkE
  6  9,8  | ElMS
  6  5,2  - EmE
  6  5,2  - ErE
  6  5,2  - EvE
  6  5,2  - EwE
  6  5,2  - EyE
  6  4,10 - MAR
  6  7,1  | MESa
  6  7,1  | MESh
  6  7,1  | MESs
  6  3,10 - MaAR
  6  9,8  | MaES
  6  8,9  - MeET
  6  7,1  | MiSE
  6  7,1  | MuSE
  6  5,8  - OPE
  6  5,8  - OPEd
  6  5,8  - OPEn
  6  5,8  - OPEs
  6  7,3  | ShWA
  6  7,3  | SiMA
  6  7,3  | SoMA
  6  4,10 - WAR
  6  7,1  | WESt
  6  9,8  | WaES
  6  3,10 - WeAR
  6  9,8  | WeES
  6  8,9  - WeET
  6  8,9  - WhET
  6  7,1  | WiSE
  6  9,8  | WoES
  6  9,8  | WyES
  6  9,5  - aIM
  6  5,2  - bEE
  6  5,2  - cEE
  6  4,8  - cOPE
  6  5,2  - dEE
  6  8,8  | dEMO
  6  9,5  - dIM
  6  4,8  - dOPE
  6  4,10 | eM
  6  5,2  - fEE
  6  5,2  - gEE
  6  9,5  - hIM
  6  4,8  - hOPE
  6  8,5  | iDEE
  6  5,2  - jEE
  6  5,2  - lEE
  6  4,8  - lOPE
  6  8,8  | mEMO
  6  9,5  - mIM
  6  4,10 | mM
  6  4,8  - mOPE
  6  5,2  - nEE
  6  9,5  - nIM
  6  4,8  - nOPE
  6  4,10 | oM
  6  4,10 | oW
  6  7,1  | oWSE
  6  5,2  - pEE
  6  4,8  - pOPE
  6  5,2  - rEE
  6  9,5  - rIM
  6  4,8  - rOPE
  6  5,2  - sEE
  6  5,2  - tEE
  6  4,8  - tOPE
  6  5,2  - vEE
  6  5,2  - wEE
  6  5,2  - zEE
  5  8,6  | DeE
  5  8,6  | DiE
  5  8,6  | DoE
  5  8,6  | DuE
  5  8,6  | DyE
  5  8,2  | ECu
  5 11,2  | EL
  5  3,9  - ErNE
  5  9,6  | Es
  5  3,9  - EsNE
  5  9,6  | Et
  5  3,9  - EyNE
  5  7,5  | MA
  5  8,10 | MO
  5  7,1  | MaS
  5  8,9  | MhO
  5  6,4  - Mi
  5  7,1  | MiS
  5  6,4  - Mo
  5  8,9  | MoO
  5  7,1  | MoS
  5  7,1  | MuS
  5  5,9  - NEE
  5  5,9  - NEEd
  5  5,9  - NEEm
  5  5,9  - NEEp
  5 10,2  - OE
  5  5,8  - OPe
  5  5,8  - OPs
  5  5,8  - OPt
  5  8,10 | WO
  5  7,1  | WaS
  5  8,9  | WhO
  5  7,1  | WiS
  5  6,4  - Wo
  5  8,9  | WoO
  5  7,1  | WoS
  5  7,5  - aE
  5  7,5  - bE
  5 11,1  | bEL
  5  4,8  - bOP
  5 11,1  | cEL
  5  4,8  - cOP
  5 11,1  | dEL
  5 11,1  | eEL
  5  8,9  | eMO
  5  7,1  | eMS
  5  9,9  | eMS
  5  7,5  - fE
  5  4,8  - fOP
  5 11,1  | gEL
  5  7,5  - hE
  5  4,8  - hOP
  5  7,2  | iSM
  5  7,5  - jE
  5  4,9  - kNEE
  5  4,8  - kOP
  5  4,8  - lOP
  5  7,5  - mE
  5 11,1  | mEL
  5  4,8  - mOP
  5  7,5  - nE
  5  7,1  | oMS
  5  9,9  | oMS
  5  8,1  | pEC
  5  4,8  - pOP
  5  8,1  | rEC
  5  8,1  | sEC
  5 11,1  | sEL
  5  9,7  - sHE
  5  4,8  - sOP
  5  7,5  - tE
  5 11,1  | tEL
  5  9,7  - tHE
  5  4,8  - tOP
  5  8,9  | tWO
  5  7,5  - yE
  4  8,6  | DEkE
  4  8,6  | DElE
  4  8,6  | DEmE
  4  8,6  | DEnE
  4  8,6  | DErE
  4 10,4  - Do
  4  9,8  | EElS
  4  4,10 | Ed
  4  4,10 | Ef
  4  4,10 | Eh
  4  4,10 | El
  4  4,10 | Em
  4  4,10 | En
  4  4,10 | Er
  4  4,10 | Es
  4  4,10 | Et
  4  4,10 | Ex
  4 11,3  | Lo
  4  5,9  - NEnE
  4  5,9  - NEvE
  4  6,2  - aE
  4  6,2  - bE
  4  8,10 - bE
  4  9,8  | bEES
  4  8,9  - bEET
  4  3,9  - bENE
  4  9,8  | cEES
  4  6,2  - dE
  4  8,10 - dE
  4  9,8  | dEES
  4  8,9  - dEET
  4  3,9  - dENE
  4  6,2  - fE
  4  9,8  | fEES
  4  8,9  - fEET
  4  9,8  | gEES
  4  3,9  - gENE
  4  6,2  - hE
  4  8,10 - hE
  4  6,2  - jE
  4  8,10 - jE
  4  9,8  | jEES
  4  8,9  - kEET
  4  9,8  | lEES
  4  8,9  - lEET
  4  6,2  - mE
  4  8,10 - mE
  4  8,9  - mEET
  4  6,2  - nE
  4  8,10 - nE
  4  3,9  - nENE
  4  6,2  - oE
  4  9,8  | pEES
  4  6,2  - rE
  4  9,8  | rEES
  4  9,8  | sEES
  4  3,9  - sENE
  4  6,2  - tE
  4  8,10 - tE
  4  9,8  | tEES
  4  9,8  | vEES
  4  6,2  - wE
  4  8,10 - wE
  4  9,8  | wEES
  4  8,9  - wEET
  4  6,2  - yE
  4  8,10 - yE
  4  9,8  | zEES
  3  8,6  | DE
  3  8,6  | DEb
  3  8,6  | DEe
  3  8,6  | DEf
  3  8,6  | DEl
  3  8,6  | DEn
  3  8,6  | DEv
  3  8,6  | DEw
  3  8,6  | DEx
  3  8,6  | DEy
  3  4,10 - EAR
  3  8,5  | ED
  3  8,5  | EDh
  3  8,5  | EDs
  3  7,1  | EaSE
  3  9,9  - EaT
  3  9,9  | EdS
  3  9,9  | EfS
  3  9,9  - EfT
  3  9,8  | EkES
  3  9,9  | ElS
  3  7,1  | ElSE
  3  9,8  | EmES
  3  9,9  | EmS
  3  9,9  | EnS
  3  9,9  | ErS
  3  9,8  | EsES
  3  9,9  | EsS
  3  9,8  | EvES
  3  9,8  | EwES
  3  9,8  | ExES
  3  9,8  | EyES
  3  5,9  - NEb
  3  5,9  - NEe
  3  5,9  - NEg
  3  5,9  - NEt
  3  5,9  - NEw
  3 10,2  - Oe
  3  7,3  | SErA
  3  7,3  | SEtA
  3  7,3  | ShEA
  3  4,9  - aNE
  3  4,10 | bE
  3  3,10 - bEAR
  3  3,10 - dEAR
  3  9,5  - dIE
  3 11,2  | eL
  3  4,10 | fE
  3  3,10 - fEAR
  3  9,5  - fIE
  3  3,10 - gEAR
  3  3,10 - hEAR
  3  9,5  - hIE
  3  8,5  | iDE
  3  4,10 | jE
  3  3,10 - lEAR
  3  4,10 | mE
  3  9,2  - mO
  3  9,2  | mU
  3  3,10 - nEAR
  3  9,2  - nO
  3  9,2  | nU
  3  8,5  | oDE
  3  4,10 | oE
  3  4,9  - oNE
  3  3,10 - pEAR
  3  3,10 - rEAR
  3  3,10 - sEAR
  3  4,10 | tE
  3  3,10 - tEAR
  3  9,5  - tIE
  3  4,10 | wE
  3  3,10 - wEAR
  3  4,10 | yE
  3  3,10 - yEAR
  2  8,6  | De
  2  8,6  | Do
  2  7,2  | ES
  2  9,10 | ES
  2  7,2  | ESs
  2 10,9  - ET
  2  7,1  | EdS
  2  7,1  | EfS
  2  8,9  | EgO
  2  6,4  - Eh
  2  7,1  | ElS
  2  8,9  | EmO
  2  7,1  | EmS
  2  7,1  | EnS
  2  7,1  | ErS
  2  7,1  | EsS
  2  8,5  | aD
  2  9,5  | aE
  2  9,5  - aI
  2  4,10 - bAR
  2  9,5  | bE
  2  7,1  | bES
  2  9,9  | bES
  2  9,9  - bET
  2  9,5  - bI
  2  4,10 - cAR
  2  4,10 - eAR
  2  8,5  | eD
  2  4,10 - fAR
  2  9,9  - fET
  2  4,10 - gAR
  2  9,9  - gET
  2  9,5  | hE
  2  7,1  | hES
  2  9,9  | hES
  2  9,9  - hET
  2  9,5  - hI
  2  8,5  | iD
  2  4,10 - jAR
  2  9,9  - jET
  2  4,10 - lAR
  2  7,1  | lES
  2  9,9  | lES
  2  9,9  - lET
  2  4,10 - mAR
  2  9,5  | mE
  2  9,9  - mET
  2  9,5  - mI
  2  9,9  - nET
  2  4,10 - oAR
  2  8,5  | oD
  2  9,5  | oE
  2  7,1  | oES
  2  9,9  | oES
  2  9,5  - oI
  2  7,2  | oSE
  2  4,10 - pAR
  2  7,1  | pES
  2  9,9  | pES
  2  9,9  - pET
  2  7,1  | rES
  2  9,9  | rES
  2  9,9  - rET
  2  9,9  - sET
  2  4,10 - tAR
  2  9,5  | tE
  2  9,9  - tET
  2  9,5  - tI
  2  7,2  | uSE
  2  4,10 - vAR
  2  9,9  - vET
  2  4,10 - wAR
  2  9,9  - wET
  2  4,10 - yAR
  2  7,1  | yES
  2  9,9  | yES
  2  9,9  - yET
  1 10,5  - Id
  1 10,5  - If
  1 10,5  - In
  1 10,5  - Is
  1 10,5  - It
  1  7,3  | Sh
  1  7,3  | Si
  1  7,3  | So
  1  7,5  | aA
  1  7,2  | aS
  1  9,10 | aS
  1 10,9  - aT
  1  7,5  | bA
  1  8,10 | bO
  1  8,10 | dO
  1  7,2  | eS
  1  9,10 | eS
  1 10,9  - eT
  1  7,5  | fA
  1  8,10 | gO
  1  7,5  | hA
  1  8,10 | hO
  1  7,2  | iS
  1  9,10 | iS
  1 10,9  - iT
  1  7,5  | jA
  1  8,10 | jO
  1  7,5  | kA
  1  7,5  | lA
  1  8,10 | lO
  1  7,5  | mA
  1  8,10 | mO
  1  7,5  | nA
  1  8,10 | nO
  1  7,2  | oS
  1  9,10 | oS
  1  7,5  | pA
  1  8,10 | sO
  1  7,5  | tA
  1  8,10 | tO
  1  7,2  | uS
  1  9,10 | uS
  1 10,9  - uT
  1  8,10 | wO
  1  7,5  | yA
  1  8,10 | yO
  1  7,5  | zA
