 18  4,7  | EOSINE
 18  2,10 - HEH
 18  5,7  - HI
 18  7,1  | HONE
 18  9,1  | HONE
 18  1,8  - HONE
 16  4,6  | HEHS
 16 10,2  | HONES
 16  4,5  | HONES
 16  4,7  | HOSEN
 16  2,10 - NOH
 15  8,4  - FOEHN
 14  4,6  | HENS
 14  2,8  - HIE
 14  4,6  | HINS
 14  4,7  | HISN
 14  2,8  - HOE
 14  4,6  | HOISE
 14  4,6  | HONS
 14  4,7  | NOSH
 14  5,7  - OI
 13  4,9  | SINH
 12  4,7  | EOSIN
 12  3,8  - HE
 12  3,8  - HI
 12  4,6  | HIES
 12  3,8  - HO
 12  4,6  | HOES
 12  4,7  | HOSE
 12  8,5  - LOIN
 12  2,8  - NEE
 12  4,6  | NOISE
 12  2,8  - ONE
 12  4,9  | SHINE
 12  4,9  | SHONE
 11 10,8  | DONEE
 11  5,7  | HEW
 11  5,7  | HOW
 11 10,7  - OH
 11  6,6  | QI
 11  4,9  | SHIN
 10 10,8  | DENE
 10 10,8  | DENI
 10 10,8  | DINE
 10 10,8  | DINO
 10 10,8  | DONE
 10 10,9  - EH
 10  4,6  | EONS
 10  4,8  | ESNE
 10  8,4  - FOHN
 10  4,7  | HES
 10  7,2  | HIE
 10  9,2  | HIE
 10  4,7  | HIS
 10  7,2  | HOE
 10  9,2  | HOE
 10  4,7  | HOS
 10  4,6  | IONS
 10  3,8  - NE
 10  3,8  - NO
 10  4,6  | NOES
 10  4,7  | NOSE
 10 10,9  - OH
 10  4,7  | OHS
 10 10,7  - ONE
 10  4,6  | ONES
 10  4,9  | SEINE
 10  4,9  | SHEEN
 10 10,6  | SIDHE
  9 10,8  | DEN
  9 10,8  | DIENE
  9 10,8  | DIN
  9 10,8  | DON
  9  7,3  | HE
  9  9,3  | HE
  9  7,3  | HI
  9  7,3  | HO
  9  5,11 - HO
  9 10,3  | HOISED
  9  7,2  | NEE
  9  9,2  | NEE
  9  5,7  | NEW
  9  5,7  | NOW
  9 10,7  - ON
  9  7,2  | ONE
  9  9,2  | ONE
  9 10,9  - ONE
  9  4,9  | SEEN
  8  3,10 - EH
  8 10,9  - EN
  8  4,7  | ENS
  8 10,9  - EON
  8  8,4  - FEH
  8  8,4  - FINE
  8  8,4  - FINO
  8  8,4  - FOH
  8  8,4  - FOIN
  8 10,3  | HEHS
  8 10,4  | HOSED
  8  6,4  - INFO
  8  4,7  | INS
  8  7,3  | NE
  8  9,3  | NE
  8  5,4  - NEIF
  8  7,3  | NO
  8  5,11 - NO
  8 10,3  | NOISED
  8  4,7  | NOS
  8  3,8  - OE
  8  3,10 - OH
  8  3,8  - OI
  8 10,9  - ON
  8  4,7  | ONS
  8 10,4  | ONSIDE
  8  4,9  | SHOE
  7  8,4  - FEN
  7  8,4  - FIN
  7  8,4  - FON
  7 10,3  | HENS
  7 10,3  | HINS
  7 10,3  | HONS
  7  8,5  - LO
  7 10,4  | NOSED
  7  7,3  | OE
  7  9,3  | OE
  7 10,7  - OE
  7  7,3  | OI
  7  9,5  | OI
  7 10,7  - OI
  7  4,9  | SENE
  7  4,9  | SHH
  7 10,6  | SIDH
  7  4,9  | SINE
  7  4,9  | SONE
  6 10,8  | DEE
  6 10,8  | DIE
  6 10,8  | DOE
  6 10,5  - EH
  6 10,5  - EON
  6  8,4  - FEE
  6  8,4  - FIE
  6  8,4  - FOE
  6  3,10 - HI
  6 10,3  | HIES
  6  3,10 - HO
  6 10,3  | HOES
  6 10,5  - ION
  6 10,9  - OE
  6  4,7  | OES
  6 10,5  - OH
  6 10,9  - OI
  6 10,5  - ONE
  6  4,8  | OSE
  5  7,4  - EF
  5 10,5  - EN
  5 10,3  | EONS
  5  8,4  - FE
  5 10,4  | HES
  5 10,4  | HIS
  5 10,4  | HOS
  5  7,4  - IF
  5 10,5  - IN
  5 10,3  | IONS
  5  3,10 - NO
  5 10,3  | NOES
  5  7,4  - OF
  5  6,9  | OHO
  5 10,4  | OHS
  5 10,5  - ON
  5 10,3  | ONES
  5  5,8  | OW
  5  4,9  | SHE
  5 10,6  | SIDE
  4 10,4  | ENS
  4  4,8  | ES
  4 10,4  | INS
  4  4,8  | IS
  4 10,4  | NOS
  4 10,5  - OE
  4 10,5  - OI
  4  3,10 - OI
  4 10,4  | ONS
  4  4,8  | OS
  4  4,9  | SEN
  4  4,9  | SH
  4  4,9  | SIN
  4 10,6  | SOD
  4  4,9  | SON
  3 10,8  | DE
  3 10,8  | DO
  3 10,4  | OES
  3  4,9  | SEE
  3  4,9  | SEI
  2 10,5  | ES
  2 10,5  | IS
  2 10,5  | OS
  2  4,9  | SI
  2  4,9  | SO
