 45  1,12 - ECHES
 44  8,12 | EPOS
 44  8,12 | OPES
 40  8,11 | SEC
 40  8,11 | SOP
 33  4,1  | COPSE
 32  8,13 | CIS
 32  8,13 | COS
 32  8,13 | PES
 32  8,13 | PIS
 32  8,13 | POS
 32  4,2  - SWEEP
 31 10,7  | EPICS
 31  8,12 | OPE
 31  8,12 | OPS
 30  4,1  | CEPS
 30  4,1  | COPS
 30  4,1  | COWS
 30 10,7  | EPIC
 30  4,1  | PECS
 30  4,1  | PEWS
 30  4,1  | PICS
 30  3,14 - PILIS
 30  3,14 - POLIS
 30  4,1  | POWS
 30  5,2  - WEEP
 30  4,1  | WOPS
 29  8,12 | OP
 28 11,5  | SEPIC
 27  1,14 - CEP
 27  1,14 - COP
 27  1,12 - ECHE
 27 13,1  | SCOPE
 27 13,1  | SEPIC
 27 13,1  | SPICE
 27 13,1  | SWIPE
 25 13,1  | SCOP
 25 13,1  | SCOW
 25 13,1  | SPEC
 25 13,1  | SPEW
 25 13,1  | SPIC
 25 13,1  | SWOP
 24  8,8  - ASPICS
 24 10,8  | PECS
 24 10,8  | PEWS
 24 10,8  | PICE
 24 10,8  | PICS
 24  3,14 - PILI
 24  4,1  | POISE
 24  4,1  | POSSE
 24 10,8  | POWS
 24  5,2  - SEEP
 24  1,14 - SIP
 24  1,14 - SOP
 23  2,14 - IP
 23  2,14 - OP
 23 10,8  | PEC
 23 10,8  | PEW
 23 10,8  | PIC
 23 10,8  | POW
 22  8,8  - ASPIC
 22  7,12 - EPICS
 22  9,3  - MYOPIC
 22  8,12 | OSE
 22 11,5  | SCOPE
 22 10,8  | SEPIC
 22 11,5  | SPICE
 22 11,5  | SWIPE
 21  5,2  - CEES
 21  4,1  | CESS
 21  4,1  | COSS
 21  4,1  | EPOS
 21 10,7  | EPOS
 21  4,1  | ICES
 21  4,1  | OPES
 21  4,1  | OWES
 21  5,2  - PEES
 21  4,1  | PIES
 21  4,1  | PISS
 21  4,1  | POIS
 21  4,1  | PSIS
 21  4,1  | SECS
 21  4,1  | SEWS
 21  4,1  | SICS
 21  4,1  | SIPS
 21  4,1  | SOPS
 21  4,1  | SOWS
 21  5,2  - WEES
 21  4,1  | WISS
 21  4,1  | WOES
 20  1,8  - CAPE
 20  1,8  - CAPO
 20  1,8  - CAPS
 20  1,8  - CAWS
 20  7,12 - EPIC
 20  8,12 | ES
 20  3,12 - HES
 20  5,9  | JOGS
 20  8,12 | OS
 20  1,8  - PACE
 20  1,8  - PACS
 20  1,8  - PAWS
 20  8,13 | PE
 20  8,13 | PI
 20  8,13 | PO
 20 11,5  | SCOP
 20 11,5  | SCOW
 20 11,5  | SICE
 20 11,5  | SIPE
 20 11,5  | SPEC
 20 11,5  | SPEW
 20 11,5  | SPIC
 20 11,5  | SWOP
 20  1,8  - WAPS
 20  1,8  - WASP
 19  3,2  | CORSE
 19 12,1  | EPICS
 19 10,8  | PISCO
 19 11,5  | SEC
 19 11,5  | SEW
 19 11,5  | SIC
 19 13,1  | SICE
 19 11,5  | SIP
 19 13,1  | SIPE
 19 11,5  | SOP
 19 11,5  | SOW
 19  3,2  | WORSE
 18 12,1  | EPIC
 18 13,1  | SEC
 18 13,1  | SEW
 18 13,1  | SIC
 18 10,8  | SICE
 18 13,1  | SIP
 18 10,8  | SIPE
 18 13,1  | SOP
 18 13,1  | SOW
 17  9,3  - MYOPIES
 17  1,13 - OPS
 17 10,8  | SEC
 17 10,8  | SEW
 17 10,8  | SIC
 17 10,8  | SIP
 17  8,11 | SO
 17 10,8  | SOP
 17 10,8  | SOW
 16  8,8  - ASPIS
 16  5,2  - CEE
 16  3,2  | CORS
 16 12,2  - EPIC
 16  9,3  - MYCS
 16  9,3  - MYOPES
 16  1,8  | PE
 16  5,2  - PEE
 16  1,8  | PO
 16 10,8  | POISE
 16  5,3  | PYIC
 16  6,1  | REC
 16  6,1  | REP
 16  6,1  | ROC
 16  6,1  | ROW
 16 12,2  - SCOP
 16 10,8  | SCOPE
 16 12,2  - SCOW
 16 12,2  - SPEC
 16 12,2  - SPEW
 16 12,2  - SPIC
 16 10,8  | SPICE
 16 10,8  | SWIPE
 16 12,2  - SWOP
 16  5,2  - WEE
 16 12,2  - WIPE
 16 12,2  - WISP
 16 12,2  - WOPS
 16  6,13 - ZAPS
 15  1,14 - CIS
 15  1,14 - COS
 15  3,7  | EW
 15  9,3  - MYC
 15  5,3  - OPS
 15  3,7  | OW
 15  1,14 - PES
 15 10,8  | PESO
 15 10,8  | PIES
 15  1,14 - PIS
 15 10,8  | PISO
 15 10,8  | POIS
 15  1,14 - POS
 15 10,8  | POSE
 15 10,8  | SCOP
 15 10,8  | SCOW
 15 13,1  | SEI
 15 10,8  | SPEC
 15 10,8  | SPEW
 15 10,8  | SPIC
 15 10,8  | SWOP
 15  8,7  - WEEPS
 15  1,14 - WIS
 15  1,14 - WOS
 15  6,13 - ZAC
 15  6,13 - ZAP
 14  1,8  - CASE
 14  1,13 - CIS
 14  3,1  | COIRS
 14  1,13 - COS
 14  7,12 - EPOS
 14  7,12 - EWES
 14  9,3  - MYOPE
 14  1,8  - PASE
 14 10,8  | PES
 14  1,13 - PES
 14 10,8  | PIE
 14  3,1  | PIERS
 14 10,8  | PIS
 14  1,13 - PIS
 14 10,8  | POI
 14 10,8  | POS
 14  1,13 - POS
 14 10,8  | PSI
 14 13,1  | SI
 14  8,13 | SI
 14 13,1  | SO
 14  8,13 | SO
 14  1,8  - WAES
 14  8,7  - WEEP
 14  3,1  | WEIRS
 14  1,13 - WIS
 14  1,13 - WOS
 13 12,2  - EPOS
 13  8,14 | ES
 13  8,14 | IS
 13  5,14 - LISP
 13 12,2  - OPES
 13  8,14 | OS
 13 12,2  - OWES
 13 12,2  - OWSE
 13 11,5  | SEI
 13  2,12 | SEIF
 13  2,6  - TOPCoATS
 13 12,2  - WISE
 13 12,2  - WOES
 12  2,8  - ACE
 12  2,8  - APE
 12  2,8  - APO
 12  2,8  - ASP
 12  2,8  - AWE
 12  7,12 - EPE
 12  7,12 - EWE
 12  5,2  | ICY
 12  5,3  - OES
 12  3,6  | OES
 12  1,14 - OES
 12 12,2  - OPE
 12 12,2  - OPS
 12  4,1  | OSES
 12 12,2  - OWE
 12  4,1  | SEIS
 12  3,14 - SOLI
 12  5,2  | SPY
 12 12,2  - WIS
 12 12,2  - WOE
 12 12,2  - WOS
 12  6,13 - ZAS
 11  2,14 - EO
 11 10,7  | ES
 11  2,14 - ES
 11 12,2  - EW
 11  2,15 - FINITES
 11  2,14 - IS
 11  1,13 - OES
 11 12,2  - OP
 11  5,3  - OP
 11  2,14 - OS
 11 12,2  - OW
 11  5,3  - OW
 11 10,8  | PE
 11 10,8  | PI
 11 10,8  | PO
 11  6,1  - ROUILLES
 11 11,5  | SI
 11 11,5  | SO
 11 12,2  - WE
 11 12,2  - WO
 10  3,2  | COR
 10  4,3  - EO
 10  2,13 - ES
 10  7,12 - EW
 10  2,13 - IS
 10  2,13 - OS
 10  1,14 - PE
 10  3,2  | PER
 10  1,14 - PI
 10  3,2  | PIR
 10  1,14 - PO
 10  6,1  | RES
 10  6,1  | ROE
 10  5,2  - SEE
 10 12,2  - SICE
 10 12,2  - SIPE
 10  1,14 - WE
 10  4,2  | WISP
 10  1,14 - WO
  9  2,7  - BOP
  9  2,7  - BOW
  9  1,8  - CAP
  9  1,8  - CAW
  9  5,2  | COY
  9  3,11 - DIGITS
  9  3,6  | EO
  9 12,1  | EPOS
  9  3,7  | ES
  9 12,1  | EWES
  9  7,5  - HANDS
  9  3,7  | IS
  9  5,14 - LIS
  9  1,7  - OBES
  9  1,7  - OBIS
  9  3,6  | OE
  9  3,7  | OE
  9  3,6  | OI
  9  3,7  | OI
  9  3,7  | OS
  9  1,8  - PAC
  9  1,8  - PAW
  9  3,14 | PI
  9 12,2  - SEC
  9 12,2  - SEW
  9 12,2  - SIC
  9 12,2  - SIP
  9 12,2  - SOP
  9 12,2  - SOW
  9  1,1  | SWIG
  9  7,11 | TEASE
  9  1,8  - WAP
  8 10,2  - AIS
  8  1,2  | CIG
  8  1,2  | COG
  8  3,1  | COIR
  8  6,2  - EE
  8  3,3  | ERS
  8  1,7  - OBE
  8  1,7  - OBI
  8  5,3  - OE
  8  5,3  - OI
  8  3,3  | ORS
  8  5,3  - OS
  8  1,2  | PEG
  8  3,1  | PIER
  8  1,2  | PIG
  8  6,1  | RE
  8 10,8  | SEI
  8  2,12 | SI
  8  2,12 | SO
  8  8,7  - WEEI
  8  8,7  - WEES
  8  3,1  | WEIR
  8  1,2  | WIG
  8  1,2  | WOG
  7  8,8  - ASCI
  7  8,8  - ASPS
  7  4,2  | CESS
  7  4,2  | COSS
  7  3,10 | EDHS
  7  1,14 - EO
  7  8,4  - FEES
  7  4,2  | IPSO
  7  1,14 - OE
  7  1,14 - OI
  7  4,2  | OWSE
  7  4,2  | PESO
  7  4,2  | PISO
  7  4,2  | PISS
  7  4,2  | POSE
  7  1,14 - SI
  7  1,14 - SO
  7  4,2  | WISE
  7  4,2  | WISS
  6  2,8  - AIS
  6  8,8  - ASP
  6  2,7  - BES
  6  2,7  - BIO
  6  2,7  - BIS
  6  2,7  - BOS
  6  4,2  | CIS
  6  4,2  | COS
  6  3,3  - EO
  6 12,1  | EPE
  6  7,12 - ESE
  6  7,8  | ET
  6 12,1  | EWE
  6  3,3  - OE
  6 12,2  - OES
  6  3,3  - OI
  6  4,2  | OPS
  6 12,2  - OSE
  6  1,8  - PAS
  6  4,2  | PES
  6  4,2  | PIS
  6  4,2  | POS
  6  4,3  | PSI
  6  1,8  - SAC
  6  1,8  - SAP
  6  1,8  - SAW
  6 12,2  - SEI
  6  5,2  | SOY
  6  6,8  - TEAS
  6  1,8  - WAE
  6  1,8  - WAS
  6  8,7  - WEE
  6  4,2  | WIS
  6  4,2  | WOS
  5 10,2  - AI
  5  2,8  - AW
  5  2,7  - BE
  5  2,7  - BI
  5  2,7  - BO
  5  2,14 | EF
  5 12,2  - EO
  5  7,2  - ES
  5 12,2  - ES
  5  6,3  - ES
  5 12,1  | EW
  5  2,14 | IF
  5  6,3  - IS
  5 11,1  | LI
  5 12,2  - OE
  5  2,14 | OF
  5 12,2  - OI
  5 12,2  - OS
  5  6,3  - OS
  5  5,3  | OY
  5  1,8  - PA
  5  1,2  | SEG
  5  2,12 - SHE
  5 12,2  - SI
  5 10,8  | SI
  5 12,2  - SO
  5 10,8  | SO
  5  8,1  | US
  4  7,12 - EE
  4  7,12 - EO
  4  1,9  - ER
  4  7,12 - ES
  4  1,9  - OR
  4  3,2  | SER
  4  3,2  | SIR
  4  4,10 | TIES
  3  8,8  - ASS
  3 12,1  | ESE
  3  4,2  | ESS
  3  4,3  | ESS
  3  1,6  - ITS
  3  7,1  | OES
  3  4,2  | OES
  3  3,14 | OI
  3  4,3  | OSE
  3  1,8  - SAE
  3  3,14 | SI
  3  4,2  | SIS
  3  4,2  | SOS
  2  2,8  - AE
  2  2,8  - AI
  2  2,8  - AS
  2 12,1  | EE
  2 12,1  | EO
  2  3,3  | ER
  2 12,1  | ES
  2  4,3  | ES
  2  1,6  - ET
  2  4,3  | IS
  2  1,6  - IT
  2  3,3  | OR
  2  4,3  | OS
  2  4,4  | SI
  2  4,4  | SO
  2  2,6  - TE
  2  2,6  - TI
  2  2,6  - TO
