 51  3,1  | LEVIER
 42  7,3  - CELEB
 39  3,1  | BELIER
 39  3,1  | EVILER
 39  3,1  | LIEVER
 39  3,6  | RELIVE
 39  3,6  | REVILE
 39  3,1  | VEILER
 36  3,1  | LIEFER
 36  3,6  | REFILE
 36  3,6  | RELIEF
 25  2,8  | BEEF
 24  2,1  | EVIL
 24  3,3  | FEBRILE
 24  2,1  | VEIL
 22  3,4  | VERBILE
 21  4,2  | LEVIN
 21  4,2  | LIVEN
 20  6,6  | ALIVE
 20  3,5  | BRIEF
 20  3,3  | FIBRE
 20  2,2  | FIL
 19  2,8  | BEL
 19  4,3  | EVEN
 19  2,8  | LEV
 19  6,4  - LOVE
 19  4,6  | NEVE
 19  4,6  | NEVI
 19  4,4  | VINE
 19  1,8  - aLIVE
 18  6,6  | ABELE
 18  5,3  | BELIVE
 18  3,5  | BREVE
 18  4,2  | ELFIN
 18  3,5  | ERVIL
 18  4,2  | LEBEN
 18  1,3  - LEVEL
 18  2,4  | LIEF
 18  3,3  | LIVRE
 17  2,8  | BEE
 17  5,3  | BELIEF
 17  6,4  - FOB
 17  7,4  - OBELI
 16  4,4  | BENE
 16  4,4  | BINE
 16  4,4  - FILO
 16  4,4  | FINE
 16  1,3  - LIBEL
 16  6,4  - LOBE
 16  3,4  | VERB
 16  5,3  - VICE
 15  4,4  | BEN
 15  4,4  | BIN
 15  2,9  | ELF
 15  2,9  | EVE
 15  4,2  | FELINE
 15  4,4  | FEN
 15  4,4  | FIN
 15  6,4  - FOIBLE
 15  7,5  - GIVE
 15  6,4  - LOB
 15  4,6  | NEB
 15  4,6  | NIB
 15  3,6  | REIVE
 15  1,8  - aLEF
 15  1,8  - aLIF
 14  5,3  - BICE
 14  3,5  - EEL
 14  3,4  | FERLIE
 14  3,2  | FEVER
 14  5,3  - FICE
 14  3,2  | FIVER
 14  1,3  - LIVE
 14  7,4  - OBE
 14  7,4  - OBI
 14  7,4  - OLIVE
 14  3,3  | VEER
 14  3,3  | VIER
 13  5,3  | BELIE
 13  2,2  | BI
 13  4,3  | BLIN
 13  4,7  - EF
 13  3,2  | ELVER
 13  1,4  - EVIL
 13  3,2  | FIBER
 13  2,4  | FIE
 13  4,3  - FLIC
 13  3,3  | FLIR
 13  7,5  - GIBE
 13  2,3  | IF
 13  1,3  - LEV
 13  4,4  - LEVO
 13  7,4  - OF
 13  5,4  - VIOL
 13  6,4  - VOLE
 12  3,3  | BEER
 12  3,3  | BIER
 12  3,4  | BIRLE
 12  6,4  - BOLE
 12  3,5  | BREE
 12  3,5  | BRIE
 12  7,3  - CLEF
 12  5,7  - FE
 12  3,2  | FLEER
 12  3,2  | FLIER
 12  3,5  | FREE
 12  7,5  - GIB
 12  7,5  - GLEBE
 12  3,2  | LEVER
 12  1,3  - LIEVE
 12  1,3  - LIFE
 12  3,2  | LIVER
 12  4,6  | NIEVE
 12  3,6  | REEF
 12  3,6  | REIF
 12  3,6  | REVEL
 12  3,6  | RIFLE
 12  3,2  | VILER
 12  3,4  | VIRL
 12  6,4  - VOILE
 12  1,8  - aBELE
 12  1,9  - nEVE
 12  1,9  - nEVI
 11  3,4  | BIRL
 11  2,9  | EF
 11  3,2  | FILER
 11  5,5  | FIVE
 11  7,5  - GLIB
 11  2,8  | LEE
 11  2,1  | LEI
 11  2,8  | LEI
 11  1,3  - LIB
 11  3,2  | LIBER
 11  5,5  | LIEVE
 11  3,2  | LIFER
 11  3,6  | REBEL
 11  3,6  | REFEL
 11  4,3  | VEIN
 11  5,5  | VIBE
 10  2,8  | BE
 10  4,3  | BEEN
 10  6,4  - BOIL
 10  2,8  | EEL
 10  2,6  | EF
 10  1,7  - EF
 10  3,3  | EVER
 10  5,4  - FLOE
 10  6,4  - FOIL
 10  5,3  - LICE
 10  4,4  | LINE
 10  4,6  | NEIF
 10  3,6  | RIVE
 10  1,9  - nIEVE
  9  7,3  - CEIL
  9  7,3  - CEL
  9  2,9  | EEL
  9  4,5  - EL
  9  5,4  | EVIL
  9  3,4  | FERE
  9  5,5  | FIB
  9  3,4  | FIRE
  9  2,2  | LI
  9  2,4  | LIE
  9  1,3  - LIEF
  9  4,4  | LIN
  9  5,5  | LIVE
  9  4,6  | NIL
  9  3,6  | RIFE
  9  5,4  | VEIL
  9  5,5  | VILE
  9  6,4  - VOE
  9  1,8  - aBLE
  9  1,9  - nEB
  9  1,9  - nIB
  8  6,6  | ABLE
  8  6,6  | ALEF
  8  6,6  | ALIF
  8  5,5  | BILE
  8  5,5  | FILE
  8  6,4  - FOE
  8  7,5  - GEL
  8  7,5  - GLEE
  8  3,3  | LEER
  8  5,5  | LIEF
  8  4,3  | LIEN
  8  3,3  | LIER
  8  5,5  | LIFE
  8  7,4  - OLE
  8  3,6  | REEL
  8  3,6  | REV
  8  3,6  | RIEL
  7  6,6  | ALB
  7  6,6  | AVE
  7  7,3  - CEE
  7  2,9  | EL
  7  1,4  - ELF
  7  1,4  - EVE
  7  3,4  | FER
  7  5,5  | FIL
  7  3,4  | FIR
  7  5,5  | LIB
  7  3,4  | LIRE
  7  3,6  | REB
  7  3,6  | REF
  7  3,6  | RIB
  7  3,6  | RIF
  7  3,6  | RILE
  7  5,5  | VIE
  7  1,9  - nEIF
  6  5,4  - BIO
  6  2,6  | EL
  6  1,7  - EL
  6  5,5  | FIE
  6  7,5  - GEE
  6  7,5  - GIE
  6  6,3  - ICE
  6  4,6  | NEE
  6  7,4  - OIL
  6  1,8  - aLB
  6  1,8  - aLEE
  6  1,8  - aVE
  5  6,6  | AB
  5  6,6  | ALEE
  5  5,5  | BI
  5  6,4  - BO
  5  1,4  - EF
  5  3,5  | ERE
  5  5,6  | IF
  5  3,5  | IRE
  5  1,3  - LEE
  5  1,3  - LEI
  5  1,3  - LIE
  5  1,9  - nIL
  4  6,6  | AIL
  4  6,6  | ALE
  4  1,4  - EEL
  4  7,5  - GI
  4  5,4  | LEI
  4  5,5  | LIE
  4  7,4  - OE
  4  7,4  - OI
  4  3,6  | REE
  4  1,8  - aB
  3  6,6  | AL
  3  1,4  - EL
  3  4,5  | EN
  3  3,5  | ER
  3  4,5  | IN
  3  1,3  - LI
  3  5,5  | LI
  3  6,4  - LO
  3  4,6  | NE
  3  3,6  | RE
  3  1,8  - aIL
  3  1,8  - aLE
  3  1,9  - nEE
  2  6,6  | AE
  2  6,6  | AI
  2  1,8  - aL
  1  1,8  - aE
  1  1,8  - aI
  1  1,9  - nE
