 39  1,3  - RuPEES
 36  1,3  - RuPEE
 36  1,3  - SuPER
 36  1,3  - SuPRA
 30  1,3  - PuREES
 30  2,8  - SIP
 30  1,3  - SuPE
 27  1,3  - PuREE
 27  1,3  - PuRSE
 27  1,3  - SuP
 24 10,2  | APEEK
 24  2,9  | OPE
 24  2,8  | SOP
 24 10,2  | SPARK
 24 10,2  | SPEAK
 23  4,4  | REPOSE
 22  7,4  - SEEP
 21  7,5  | ABS
 21  3,7  - JOINS
 21  1,3  - PuRE
 21  1,3  - PuRS
 21  7,4  - SAP
 20  2,9  | OP
 20  2,10 - PA
 20 10,1  | RESEEK
 20  7,4  - SAREE
 19  4,6  | POSE
 19  1,7  | REMAP
 19  5,6  | RIP
 19  7,4  - SEAR
 19  7,4  - SEER
 19  7,4  - SERA
 19  7,4  - SERE
 18  1,3  - AuRES
 18  1,4  | PEER
 18  1,4  | PEES
 18  4,4  | PESO
 18  2,8  - PIS
 18  1,3  - PuR
 18  1,3  - PuS
 18  7,4  - SAE
 18  7,4  - SEA
 18  7,4  - SEE
 18  7,4  - SER
 17  1,9  | MAP
 17  1,4  | PEE
 17  4,5  | PROSE
 16  8,4  - APER
 16  8,4  - APES
 16  8,4  - APSE
 16  8,4  - EPEE
 16  5,6  | RIA
 15  8,4  - APE
 15  8,4  - ASP
 15  1,10 - ERA
 15  1,11 - PASE
 15  1,11 - PASS
 15  4,4  | REPO
 15  1,4  | SEEP
 14  7,9  - APo
 14  4,5  | AROSE
 14  8,7  - AX
 14  4,5  | EROSE
 14  8,5  | GOA
 14  1,11 - PAS
 14  1,11 - PES
 13  8,4  - ARES
 13  8,4  - ARSE
 13  8,4  - EARS
 13  8,4  - EASE
 13  8,4  - ERAS
 13  1,4  | PA
 13  4,3  | PAREO
 13  4,3  | PASEO
 13  1,7  | RAMPS
 13  4,6  | ROSE
 12  1,8  | AMPS
 12  4,5  | APO
 12  8,4  - ARE
 12  8,4  - ARS
 12  1,6  - ATAP
 12  8,4  - EAR
 12  8,4  - ERA
 12  8,4  - ERE
 12  8,4  - ERS
 12  8,2  | PARGO
 12  1,3  - RuES
 12  1,3  - RuSE
 12  1,4  | SEER
 12  2,8  - SIR
 12  1,3  - SuER
 12  1,3  - SuRA
 12  1,3  - SuRE
 11  8,4  - AE
 11  7,8  | APER
 11  7,8  | APES
 11  8,4  - AR
 11  8,4  - AS
 11  7,8  | EPEE
 11  8,4  - ER
 11  8,4  - ES
 11 10,3  | PARK
 11 10,3  | PEAK
 11 10,3  | PEEK
 11 10,3  | PERK
 11  4,6  | PO
 11  1,4  | SAE
 11  1,4  | SEE
 11  2,6  - TAP
 11  2,3  - uPAS
 10  7,8  | APE
 10  1,7  | PAMS
 10  7,9  | PEA
 10  7,9  | PEE
 10  7,9  | PER
 10  7,9  | PES
 10  2,8  - PI
 10  1,4  - PIERS
 10  2,8  | PO
 10  1,7  | RAMEE
 10  1,7  | RAMP
 10  1,4  - RIPES
 10  1,7  | SAMP
  9  4,4  | AERO
  9  1,8  | AMP
  9  1,11 - APSE
  9  1,8  | EMES
  9  3,8  - IS
  9  4,7  | OSE
  9  8,9  | PA
  9  1,7  | PAM
  9  1,4  - PIAS
  9  1,4  - PIER
  9  1,4  - PIES
  9  4,5  | PRO
  9  8,9  - Po
  9  1,11 - RASP
  9  1,4  - RIPE
  9  1,4  - RIPS
  9  1,3  - RuE
  9  8,2  | SARGO
  9  1,4  - SIPE
  9  1,3  - SuE
  9  2,3  - uPS
  8  1,5  | AE
  8  6,9  - AR
  8  7,8  - ARF
  8  6,9  - ER
  8  8,3  | ERGO
  8  1,9  | MAE
  8  1,9  | MAR
  8  1,9  | MAS
  8  7,8  | PEER
  8  7,8  | PEES
  8  7,8  | PREE
  8  7,11 - RAD
  8  7,11 - RED
  8 10,3  | REEK
  8  7,8  - REF
  8  7,11 - SAD
  8  8,3  | SAGO
  8 10,3  | SARK
  8 10,3  | SEEK
  8  7,8  | SEEP
  8  8,3  | SEGO
  8  2,3  - uP
  8  2,3  - uREASE
  8  2,3  - uRPS
  7  1,4  | AE
  7  8,4  | AGO
  7 10,4  | ARK
  7  1,7  | ARMS
  7 10,4  | ASK
  7 10,4  | EEK
  7  8,8  - EF
  7  8,4  | EGO
  7  9,8  - FEU
  7  7,8  | PEE
  7  1,7  | RAMS
  7  1,7  | REMS
  7  7,9  | REP
  7  8,9  | SAE
  7  1,7  | SAME
  7  1,7  | SEME
  7  1,4  - SIREE
  6  1,4  - AIRS
  6  6,11 - AR
  6  1,7  | ARM
  6  1,11 - ARSE
  6  6,11 - AS
  6  2,11 - ASP
  6  1,11 - EASE
  6  1,8  | EME
  6  1,8  | EMS
  6  6,11 - ER
  6  6,11 - ES
  6  1,6  - ETAS
  6  2,4  - IRES
  6  1,4  - PIA
  6  1,4  - PIE
  6  1,4  - PIS
  6  1,7  | RAM
  6  1,11 - RASE
  6  1,7  | REM
  6  1,4  - RIAS
  6  1,4  - RIP
  6  1,4  - RISE
  6  7,4  | SAB
  6  1,4  - SIP
  6  1,4  - SIRE
  6  2,3  - uRASE
  6  2,3  - uREAS
  6  2,3  - uRP
  6  2,3  - uRSAE
  5  8,10 | AA
  5  8,11 - AD
  5  8,10 | AE
  5  1,8  | AM
  5  7,8  | ARES
  5  1,11 - ARS
  5  1,11 - ASS
  5  8,11 - ED
  5  1,8  | EM
  5  1,6  | ER
  5  1,11 - ERS
  5  1,6  | ES
  5  1,11 - ESS
  5  2,4  - IRE
  5  1,9  | MA
  5  1,9  | ME
  5  1,4  - PI
  5  1,11 - RAS
  5  7,8  | REES
  5  1,11 - RES
  5  7,8  | SEER
  5  4,6  | SO
  5  2,6  - TAS
  5  2,3  - uREA
  5  2,3  - uRSA
  5  2,3  - uSER
  4  7,8  | ARE
  4  7,8  | ERE
  4  7,8  | REE
  4  7,9  | REE
  4  7,9  | RES
  4  7,8  | SAE
  4  7,9  | SEA
  4  7,8  | SEE
  4  7,9  | SEE
  4  7,9  | SER
  4  2,8  - SI
  4  2,8  | SO
  3  7,9  | AE
  3  1,4  - AIR
  3  1,4  - AIS
  3  1,5  - AL
  3  2,11 - ASS
  3  6,9  | ATE
  3  1,5  - EL
  3  2,11 - ESS
  3  1,6  - ETA
  3  6,9  | ETA
  3  7,9  | RE
  3  1,4  - RIA
  3  1,4  - SIR
  3  2,3  - uSE
  2  1,4  - AI
  2  2,11 - AS
  2  6,9  | AT
  2  7,10 | ER
  2  7,10 | ES
  2  2,11 - ES
  2  6,9  | ET
  2  2,4  - IS
  2  5,7  | IS
  2  1,4  - SI
  2  6,10 | TA
  2  6,10 | TE
  2  2,3  - uS
