2,8:PAH=48
2,8:PEH=48
2,8:HAP=43
2,8:HEP=43
2,8:PEA=42
1,9:PALEA=36
2,8:HAE=34
2,8:HAO=34
0,4:HEP=30
0,4:HOP=30
1,4:OP=27
0,4:PEH=27
0,4:POH=27
4,4:EPHA=25
2,8:AAH=24
1,4:EH=23
1,4:OH=23
2,9:ALEPH=22
2,9:ALPHA=22
2,4:HOWE=21
2,8:PA=21
0,7:APEX=20
1,9:HELP=20
1,9:HOLP=20
5,4:HOPE=19
1,7:HEX=18
6,4:HOPE=18
5,4:POH=18
2,8:HA=17
6,4:HAP=17
2,8:HE=17
6,4:HEP=17
5,4:HOP=17
6,4:HOP=17
6,4:PAH=17
6,4:PEH=17
6,4:POH=17
2,9:ALOHA=16
0,9:HAOLE=16
3,9:LEAP=16
3,9:LOPE=16
0,9:OPAL=16
1,9:PALE=16
0,9:PEAL=16
2,9:PLEA=16
1,9:POLE=16
2,9:AH=15
2,9:EH=15
2,7:EX=15
6,4:HEAP=15
2,8:HIP=15
2,5:OWE=15
4,4:EH=14
1,9:HALE=14
1,9:HALO=14
0,9:HEAL=14
1,9:HELO=14
5,4:HOE=14
1,9:HOLE=14
3,9:LAP=14
3,9:LOP=14
1,9:PAL=14
1,9:POL=14
5,4:HO=13
6,2:HOPES=13
6,4:OPAH=13
6,4:PEA=13
2,4:POW=13
6,4:HAE=11
6,4:HAO=11
6,4:HOE=11
2,4:HOW=11
6,4:PA=11
1,8:PHI=11
2,8:PIA=11
2,8:PIE=11
2,9:ALAE=10
2,9:ALOE=10
1,8:OHIA=10
2,9:OLEA=10
6,4:OPE=10
2,8:AA=9
2,9:AA=9
2,8:AE=9
2,9:AE=9
6,4:HA=9
1,2:HAAF=9
0,4:HE=9
6,4:HE=9
2,8:HIE=9
0,4:HO=9
6,4:HO=9
2,8:OE=9
2,8:PI=9
1,9:AAL=8
5,2:AHEAD=8
1,8:AHI=8
3,9:LEA=8
4,9:OP=8
6,4:OP=8
4,3:PEEL=8
0,4:AE=7
4,9:AH=7
2,9:ALP=7
6,3:APES=7
5,4:HADE=7
5,3:HEAD=7
4,3:HEEL=7
2,8:HI=7
0,4:OE=7
4,9:OH=7
6,4:OH=7
6,3:OPES=7
5,4:PAD=7
6,3:PEES=7
6,4:PESO=7
1,8:POI=7
5,4:HAD=6
6,3:HAES=6
6,3:HOES=6
1,3:OAF=6
6,4:PES=6
4,9:AA=5
4,9:AE=5
1,4:EF=5
6,4:HES=5
6,4:OE=5
4,9:OE=5
1,4:OF=5
5,5:ADO=4
2,9:ALA=4
2,9:ALE=4
4,4:EEL=4
2,9:OLE=4
2,8:AI=3
2,9:AL=3
2,9:EL=3
3,9:LA=3
3,9:LO=3
6,4:OES=3
2,8:OI=3
