 48  7,3  - JERID
 40  8,1  | LIEF
 39  8,2  | DEF
 39 11,2  | FOILED
 39 11,2  | RIFLED
 39 11,2  | ROLFED
 38 11,2  | FOLDER
 38  8,2  | REF
 37  8,3  | EF
 37  8,3  | OF
 36  8,2  | DELF
 36 11,3  | FILED
 36 11,3  | FLIED
 35  8,1  | FIELD
 35  8,2  | ROLF
 34  8,3  | ELF
 34  8,2  | FOLD
 33 11,3  | FIRED
 33 11,3  | FRIED
 32 11,3  | FILER
 32 11,3  | FLIER
 32 11,3  | LIFER
 31  8,1  | FLED
 30  8,3  | ELD
 30  8,1  | FEOD
 30  8,3  | OLD
 30 11,2  | RIFLE
 30 11,2  | ROILED
 29  8,2  | FED
 29  8,1  | FIORD
 28  8,1  | DIEL
 28  8,1  | DIOL
 28  8,2  | FORD
 28  8,1  | IDOL
 28  8,1  | LIED
 27  8,2  | DEL
 27  8,2  | DOL
 27 11,3  | FIDO
 27 11,3  | FILE
 27 11,3  | FILO
 27 11,3  | FLOE
 27  8,1  | IRED
 27  8,2  | LED
 27 11,3  | LIFE
 27 11,3  | OILED
 27  8,1  | RIEL
 27 11,3  | RILED
 26  9,3  | FELID
 26  9,3  | FILED
 26 11,3  | IDLER
 26  8,2  | LORD
 26 11,3  | OLDER
 26  8,2  | RED
 26  8,2  | ROD
 26  9,2  | ROLFED
 25  9,5  | DEF
 25  9,5  | DIF
 25  8,3  | ED
 25  8,3  | EL
 25  9,3  | FLIED
 25  9,4  | LIEF
 25  8,3  | OD
 24 11,3  | FIRE
 24  9,3  | FIRED
 24  9,2  | FLORID
 24  9,2  | FOILED
 24 11,3  | FORE
 24  9,3  | FRIED
 24 11,3  | FROE
 24 11,2  | OLDIE
 24 11,3  | ORIEL
 24  2,4  - REFILED
 24  9,4  | REIF
 24 11,3  | RIFE
 24  9,2  | RIFLED
 23  8,2  | FER
 23  8,2  | FOR
 23  4,3  - FRIJOLE
 23 11,3  | OILER
 23  9,5  | REF
 23  9,5  | RIF
 22  2,4  - DEFILER
 22  8,1  | DOER
 22  4,4  - FILED
 22  9,3  | FILER
 22  4,4  - FLIED
 22  2,2  | FOLIAR
 22  4,3  - FRIJOL
 22  6,8  - LED
 22  6,8  - LID
 22  8,1  | LIER
 22  9,3  | LIFER
 21 11,3  | DOLE
 21  8,2  | DOR
 21  9,6  | EF
 21  9,5  | FED
 21  1,9  - FER
 21  9,5  | FID
 21  1,9  - FIR
 21  4,4  - FIRED
 21  6,3  - FJELD
 21  9,4  | FLED
 21  9,3  | FLIER
 21  9,2  | FOLDER
 21  1,9  - FOR
 21  4,4  - FREED
 21  4,4  - FRIED
 21 11,3  | IDLE
 21  9,6  | IF
 21 11,3  | LIDO
 21 11,3  | LODE
 21  9,6  | OF
 21  4,3  | ORIOLE
 21  9,2  | ROILED
 20  2,1  | FEDORA
 20  1,11 - FOP
 20  6,8  - OIL
 20  9,3  | OILED
 20  6,8  - RED
 20  3,4  - RELIEF
 20  6,8  - RID
 20  9,3  | RILED
 19  2,4  - DEFILE
 19  6,4  - DEFILE
 19 11,5  | DEFIs
 19  8,3  | ER
 19  4,4  | FEOD
 19  9,4  | FEOD
 19  4,4  - FILER
 19  6,3  - FJORD
 19  4,4  - FLEER
 19  4,4  - FLIER
 19  4,4  | FOOD
 19  4,4  | FOOL
 19  8,3  | OR
 19  4,1  | REFLOOD
 19  6,4  - REFOLD
 19  2,2  | RELOAD
 18  6,4  - DEFIER
 18 11,3  | DIRE
 18  4,5  | DOLE
 18  1,11 - DOPE
 18 11,3  | DORE
 18  2,2  | FLORA
 18  2,2  | FOLIA
 18  4,5  | FORE
 18  5,4  - LIEFER
 18 11,3  | LIRE
 18  4,5  | LODE
 18  1,11 - LOPE
 18 11,3  | LORE
 18 11,3  | ORLE
 18 11,3  | REDO
 18  2,4  - REFILE
 18  6,4  - REFILE
 18 11,3  | RIDE
 18 11,3  | RILE
 18 11,3  | RODE
 18 11,3  | ROLE
 18 11,7  | ROsED
 17  6,4  - DEFER
 17  9,3  | DEFI
 17 11,7  | DOsER
 17  9,5  | FER
 17  9,3  | FIDO
 17  8,1  | FIE
 17  9,3  | FILE
 17  9,3  | FILO
 17  9,5  | FIR
 17  9,4  | FLIR
 17  4,3  | FLOOD
 17  8,1  | FOE
 17  3,4  - FOILED
 17  9,5  | FOR
 17  8,1  | FRO
 17  9,3  | IDLER
 17  9,5  | LED
 17  9,5  | LID
 17  9,4  | LIED
 17  9,3  | LIFE
 17  9,4  | LOID
 17  4,4  | LOOF
 17 11,7  | LOsER
 17  9,3  | OLDER
 17  5,8  - OLE
 17  6,4  - REFED
 17  6,4  - REFEL
 17  3,4  - RIFLED
 17  4,5  | RODE
 17  4,5  | ROLE
 17  3,4  - ROLFED
 16  6,4  - DEFI
 16  6,5  - DELF
 16  4,5  | DORE
 16  7,8  - ED
 16  2,1  | EIDOLA
 16  7,8  - EL
 16  2,5  | FADO
 16  8,2  | FE
 16  2,2  | FERIA
 16  2,4  - FIELDER
 16  5,4  - FIELDER
 16  4,4  - FILE
 16  4,4  - FLEE
 16  9,3  | FLOE
 16  4,4  - FLOE
 16  7,8  - ID
 16  9,4  | IRED
 16  7,3  - JOLE
 16  5,4  - LIEF
 16 11,4  | LIEF
 16  4,5  | LORE
 16  4,6  | ODE
 16  9,3  | OILER
 16  4,6  | OLE
 15  6,4  - DEF
 15 11,5  | DEF
 15  2,7  - DEF
 15  4,4  - DEFER
 15 11,5  | DELIs
 15  8,1  | DIE
 15  8,1  | DOE
 15  1,9  - DOR
 15  6,5  - FEED
 15  6,5  - FEEL
 15  6,5  - FEOD
 15  4,4  - FERE
 15  9,3  | FIRE
 15  4,4  - FIRE
 15 11,4  | FLED
 15  1,7  - FLED
 15  4,3  | FLOOR
 15  3,4  - FOLDER
 15  9,3  | FORE
 15  4,4  - FORE
 15  1,8  - FOWL
 15  4,4  - FREE
 15  9,3  | FROE
 15  4,4  - FROE
 15  8,1  | IDE
 15  8,1  | LIE
 15  1,7  - LIEF
 15  4,4  - LIFER
 15  8,1  | ODE
 15  8,1  | OLE
 15  5,8  - ORE
 15  9,5  | RED
 15  5,4  - REEF
 15  4,4  - REFED
 15  4,4  - REFEL
 15  2,4  - REOILED
 15  1,11 - REPO
 15  9,5  | RID
 15  9,3  | RIFE
 15  9,2  | RIFLE
 15  9,5  | ROD
 15  1,11 - ROPE
 14  8,2  | DE
 14  3,4  - DEFIER
 14  8,2  | DO
 14 11,7  | DOsE
 14  2,5  | FARO
 14  6,4  - FELID
 14 11,4  | FEOD
 14  5,4  - FIELD
 14  6,4  | FREE
 14  4,4  | FRO
 14  8,1  | IRE
 14  3,4  - LIEFER
 14  8,2  | LO
 14  1,11 - LOP
 14 11,7  | LOsE
 14  8,1  | ORE
 14  4,6  | ORE
 14 11,5  | REDOs
 14  1,7  - REEF
 14  6,4  - REF
 14 11,5  | REF
 14  3,4  - RELIED
 14  6,4  - RELIEF
 14  8,1  | ROE
 14  3,4  - ROILED
 14  4,4  | ROOF
 14  5,6  | VODKA
 13  2,4  | DEAF
 13  6,5  | DEFIES
 13  6,4  - DELF
 13  9,3  | DELI
 13  4,4  | DIOL
 13  9,4  | DOER
 13  9,3  | DOLE
 13  9,5  | DOR
 13  9,6  | ED
 13  7,4  - EF
 13 11,6  | EF
 13 11,5  | FED
 13  1,7  - FEED
 13  6,5  - FERE
 13  5,4  - FLED
 13  1,7  - FLEE
 13  6,4  | FOE
 13  4,2  | FOLIO
 13  9,6  | ID
 13  7,3  - JOE
 13  2,4  | LEAF
 13  1,8  - LEWD
 13  9,3  | LIDO
 13  9,4  | LIER
 13  2,4  | LOAF
 13  9,3  | LODE
 13 11,5  | LORIs
 13  9,6  | OD
 13  8,2  | OE
 13 11,6  | OF
 13  4,4  - OILED
 13  9,2  | OLDIE
 13  8,2  | RE
 13  6,5  - REEF
 13  2,7  - REF
 13  6,5  - REIF
 13  4,4  - RILED
 12  2,6  | ADO
 12  6,5  - DEFI
 12 11,4  | DIEL
 12 11,4  | DIOL
 12  5,3  | DRIVE
 12  4,3  | DROOL
 12  5,3  | DROVE
 12  9,5  | FE
 12  6,5  - FED
 12  6,5  | FED
 12  5,4  - FEED
 12  5,4  - FEEL
 12  2,4  - FERLIE
 12  6,4  - FERLIE
 12  4,1  | FOREDO
 12  9,3  | IDLE
 12 11,4  | IDOL
 12 11,4  | LIED
 12  3,4  - LIEDER
 12  5,4  - LIEDER
 12  4,4  - LIFE
 12  2,11 - OPE
 12  5,8  - OR
 12  6,4  | OREIDES
 12  4,4  - ORIEL
 12  2,2  | REDIA
 12  6,4  - RELIED
 12 11,7  | RIsE
 12 11,7  | ROsE
 11  6,5  - DEIL
 11 11,5  | DEL
 11  9,3  | DIRE
 11 11,5  | DOL
 11  4,3  | DOLOR
 11  4,4  | DOOR
 11  9,3  | DORE
 11  3,4  - EDILE
 11  7,4  - EDILE
 11  4,4  - ELDER
 11  7,4  - ELDER
 11  7,4  - ELF
 11  7,5  - ELF
 11  3,4  - ELIDE
 11  7,4  - ELIDE
 11 11,6  | EROs
 11  6,4  - FED
 11  9,7  - FED
 11  6,5  - FEE
 11  6,5  | FEE
 11  6,5  - FER
 11  6,5  | FER
 11 11,5  | FER
 11  2,3  | FILAR
 11  5,4  | FIVE
 11  8,7  - FLED
 11  5,4  - FLEER
 11 11,5  | FOR
 11  4,2  | FORDO
 11  1,7  - FREE
 11  5,4  - FREED
 11  4,4  - IDLER
 11  4,4  | IDOL
 11 11,4  | IRED
 11  7,3  - JE
 11  7,3  - JO
 11 11,5  | LED
 11  2,7  - LED
 11  1,7  - LIED
 11  9,3  | LIRE
 11  9,3  | LORE
 11  2,5  | OAF
 11  4,4  - OLDER
 11  3,4  - OLDIE
 11  5,3  | OLIVE
 11  9,3  | ORLE
 11  2,8  - OWL
 11  9,3  | REDO
 11  1,11 - REP
 11  9,3  | RIDE
 11 11,4  | RIEL
 11  3,4  - RIFLE
 11  9,3  | RILE
 11  9,3  | RODE
 11  9,3  | ROLE
 11 11,9  | sEL
 10  6,5  - DEF
 10  6,5  | DEF
 10  4,4  - DELE
 10  6,4  - DELE
 10  6,5  - DELE
 10  6,4  - DELI
 10  6,5  - DELI
 10  5,4  - DIEL
 10  6,4  | DOER
 10 11,4  | DOER
 10  4,4  - DOLE
 10  6,4  | DREE
 10  1,5  - EF
 10  3,7  - EF
 10  4,4  - EIDER
 10  2,5  | FAD
 10  6,5  - FE
 10  6,5  | FE
 10  9,7  - FEE
 10  6,4  - FEED
 10  6,4  - FEEL
 10  6,4  - FEOD
 10  9,7  - FER
 10  4,3  | FIDO
 10  9,4  | FIE
 10  4,3  | FILO
 10  5,4  - FLEE
 10  8,7  - FLEE
 10  9,4  | FOE
 10  9,4  | FRO
 10  1,7  - IDEE
 10  1,5  - IF
 10  1,7  - IRED
 10  5,9  | KAF
 10  5,4  - LIED
 10 11,4  | LIER
 10  4,4  - LODE
 10  1,8  - LOWE
 10  1,5  - OF
 10  4,6  | OF
 10  4,4  - OILER
 10 11,5  | RED
 10  1,7  - REED
 10 11,5  | ROD
 10  4,2  | RODEO
 10  4,4  | ROOD
  9  2,7  - DEE
  9  6,5  - DEER
  9  1,7  - DEER
  9  9,7  - DEF
  9  6,4  - DEL
  9  4,4  - DERE
  9  6,5  - DERE
  9  4,4  - DIRE
  9  5,4  | DIVE
  9 11,7  | DIs
  9  6,4  | DOE
  9 11,5  | DOR
  9  4,4  - DORE
  9  5,4  | DOVE
  9 11,7  | DOs
  9  4,4  - DREE
  9  1,7  - DREE
  9 11,6  | ED
  9 11,6  | EL
  9  7,4  - ELD
  9  9,6  | ER
  9  9,7  - FE
  9  2,4  | FEAR
  9  8,7  - FEED
  9  8,7  - FEEL
  9  6,4  - FERE
  9  1,8  - FEW
  9  2,4  | FIAR
  9 11,4  | FIE
  9 11,4  | FOE
  9  5,4  - FREE
  9 11,4  | FRO
  9  9,4  | IDE
  9  5,4  - IRED
  9  2,4  | LEAD
  9  6,4  - LED
  9  2,7  - LEE
  9  1,7  - LEER
  9  2,7  - LEI
  9  5,4  | LEVO
  9  6,8  - LI
  9  2,3  | LIDAR
  9  8,7  - LIEF
  9  1,7  - LIER
  9  4,4  - LIRE
  9  5,4  | LIVE
  9 11,7  | LIs
  9  2,4  | LOAD
  9  4,4  - LORE
  9  5,4  | LOVE
  9 11,6  | OD
  9  6,4  | ODE
  9  9,4  | ODE
  9  4,4  | ODOR
  9  9,4  | OLE
  9  4,3  | OLEO
  9  4,3  | OLIO
  9  9,6  | OR
  9  2,3  | OREAD
  9  2,4  - OREIDE
  9  5,4  - OREIDE
  9 11,8  | OsE
  9  2,7  - RED
  9  6,4  - REDE
  9  6,4  - REDO
  9  6,5  | REDOES
  9  5,4  - REED
  9  6,5  - REED
  9  6,4  - REEF
  9  5,4  - REEL
  9  6,5  - REEL
  9  6,4  - REIF
  9  6,5  | RELIES
  9  5,4  - RIEL
  9  4,4  - RIFE
  8  9,5  | DE
  8  6,4  - DEIL
  8  6,5  - DEL
  8  6,5  | DEL
  8  5,4  | DEV
  8  9,4  | DIE
  8  9,5  | DO
  8  9,4  | DOE
  8  4,5  | DOL
  8  6,4  - EEL
  8  7,4  - EIDER
  8  3,4  - ERODE
  8  7,4  - ERODE
  8  2,5  | FAR
  8 11,5  | FE
  8  6,4  - FEE
  8  1,7  - FEE
  8  6,4  - FER
  8  1,7  - FIE
  8  2,3  | FILA
  8  2,3  | FLEA
  8  4,5  | FOR
  8  8,7  - FREE
  8  8,7  | FRO
  8  4,4  - IDLE
  8  2,5  | LAD
  8  9,4  | LEI
  8  5,4  | LEV
  8  9,5  | LI
  8  4,3  | LIDO
  8  9,4  | LIE
  8  9,5  | LO
  8  4,4  | LOO
  8  4,10 | NE
  8  2,10 | NO
  8  4,10 | NO
  8  2,11 - OP
  8  2,4  | ORAD
  8  2,8  - OWE
  8  3,11 - PE
  8  3,11 - PO
  8  2,4  | READ
  8  6,4  - RED
  8  6,5  - REDE
  8  6,5  - REDO
  8  8,7  - REEF
  8  6,5  - REF
  8  6,5  | REF
  8  6,4  - REOIL
  8  5,4  | RIVE
  8  2,4  | ROAD
  8  5,4  | ROVE
  8 11,9  | sEI
  8 11,9  | sER
  7  2,4  | DEAR
  7  6,5  - DEE
  7  6,5  | DEE
  7  5,4  - DEER
  7  6,4  - DEER
  7  9,7  - DEL
  7  6,4  - DERE
  7  1,8  - DEW
  7 11,4  | DIE
  7  8,7  - DIEL
  7  8,8  | DO
  7 11,4  | DOE
  7  5,4  - DOER
  7  1,8  - DOW
  7  5,4  - DREE
  7  7,4  - ED
  7  4,4  - EIDE
  7  7,4  - EIDE
  7  7,4  - EL
  7  7,5  - ELD
  7 11,6  | ER
  7  8,7  - FEE
  7  8,7  - FIE
  7  8,7  - FOE
  7  2,3  | FORA
  7 11,4  | IDE
  7  1,7  - IDE
  7  4,4  - IDEE
  7  5,4  - IDEE
  7  8,7  - IDEE
  7  9,4  | IRE
  7  5,9  | KAE
  7  2,4  | LEAR
  7  9,7  - LED
  7  5,4  - LEER
  7  6,4  - LEER
  7  2,4  | LIAR
  7 11,4  | LIE
  7  8,7  - LIED
  7  5,4  - LIER
  7  8,8  | LO
  7  1,8  - LOW
  7 11,4  | ODE
  7  1,7  - ODE
  7  6,8  - OE
  7  6,8  - OI
  7  5,8  | OKA
  7 11,4  | OLE
  7  1,7  - OLE
  7 11,6  | OR
  7  4,3  | ORDO
  7  6,4  | ORE
  7  9,4  | ORE
  7  4,4  - ORLE
  7  2,5  | RAD
  7  6,8  - RE
  7  4,4  - REDE
  7  4,3  | REDO
  7  2,7  - REE
  7  6,4  - REED
  7  6,4  - REEL
  7  9,7  - REF
  7  5,4  | REV
  7  4,4  - RIDE
  7  4,4  - RILE
  7  4,5  | ROD
  7  4,4  - RODE
  7  6,4  | ROE
  7  9,4  | ROE
  7  4,4  - ROLE
  7  3,8  - WE
  7  3,8  - WO
  6  2,6  | AD
  6  6,5  - DE
  6  6,5  | DE
  6 11,5  | DE
  6  2,7  - DE
  6  6,4  - DEE
  6  1,7  - DEE
  6  9,7  - DEE
  6  8,7  - DEER
  6  1,7  - DIE
  6 11,5  | DO
  6  8,7  - DOER
  6  4,5  | DOR
  6  8,7  - DREE
  6  3,7  - ED
  6  7,4  - EEL
  6  7,5  - EEL
  6  1,5  - EL
  6  5,4  - FEE
  6  5,4  - FIE
  6  5,4  - FOE
  6  8,7  - IDE
  6 11,4  | IRE
  6  8,7  - IRED
  6  2,5  | LAR
  6  6,4  - LEE
  6  1,7  - LEE
  6  9,7  - LEE
  6  8,7  - LEER
  6  6,4  - LEI
  6  9,7  - LEI
  6  1,7  - LIE
  6  8,7  - LIER
  6 11,5  | LO
  6  8,7  | LOO
  6  4,6  | OD
  6  8,7  - ODE
  6  9,5  | OE
  6  9,5  | OI
  6  8,7  - OLE
  6 11,4  | ORE
  6  9,5  | RE
  6  6,5  - RED
  6  6,5  | RED
  6  8,7  - REED
  6  8,7  - REEL
  6  8,7  - RIEL
  6 11,4  | ROE
  6  1,8  - ROW
  5  9,7  - DE
  5  8,7  - DEE
  5  8,7  - DIE
  5  8,7  - DOE
  5  2,5  | EAR
  5  9,7  - EEL
  5  7,5  - EF
  5  6,6  | EF
  5 10,7  - EF
  5  2,9  | EN
  5  2,9  - ER
  5  7,4  - ERE
  5  1,7  - ERE
  5  2,5  | FA
  5  6,4  - FE
  5  2,3  | IDEA
  5  2,3  | ILEA
  5  1,7  - IRE
  5  8,7  - LEE
  5  8,7  - LIE
  5  2,3  | LIRA
  5  2,5  | OAR
  5  9,6  - ODD
  5  2,3  | ODEA
  5 11,5  | OE
  5  2,3  | OLEA
  5  2,9  | ON
  5  2,9  - OR
  5  1,7  - ORE
  5  2,8  - OW
  5 11,5  | RE
  5  9,7  - RED
  5  6,4  - REE
  5  6,5  - REE
  5  6,5  | REE
  5  1,7  - REE
  4  2,6  | AR
  4  5,4  - DEE
  4  5,4  - DIE
  4  5,4  - DOE
  4  7,4  - ER
  4  3,7  - ER
  4  7,5  - ERE
  4  8,7  - ERE
  4  5,4  - IDE
  4  9,6  - IDE
  4  8,7  - IRE
  4 11,8  | Is
  4  2,4  | LEA
  4  5,4  - LEE
  4  6,8  | LES
  4 10,8  - LI
  4  5,4  - LIE
  4 10,8  - LO
  4  2,4  | ODA
  4  5,4  - ODE
  4  9,6  - ODE
  4  6,5  - OE
  4  6,5  | OE
  4  5,4  - OLE
  4  4,6  | OR
  4  8,7  - ORE
  4 11,8  | Os
  4  6,5  - RE
  4  6,5  | RE
  4  2,7  - RE
  4  8,7  - REE
  4  9,7  - REE
  4  8,7  - ROE
  3  6,4  - DE
  3 10,6  - DE
  3  4,5  | DO
  3 10,6  - DO
  3  7,5  - ED
  3  6,6  | ED
  3  9,6  - ED
  3 10,7  - ED
  3  7,5  - EL
  3  6,6  | EL
  3 10,7  - EL
  3  2,4  | ERA
  3  5,4  - ERE
  3  9,6  - ID
  3  5,4  - IRE
  3  2,5  | LA
  3  4,5  | LO
  3  9,6  - OD
  3  9,7  - OE
  3  6,8  | OES
  3  2,4  | ORA
  3  5,4  - ORE
  3  9,7  - RE
  3  5,4  - REE
  3  6,8  | RES
  3  2,4  | RIA
  3  5,4  - ROE
  2  7,5  - ER
  2  6,6  | ER
  2 10,7  - ER
  2  7,8  | ET
  2  7,8  | IT
  2  6,4  - OE
  2  6,4  - RE
