11,3:FA=21
5,13:IF=19
11,3:HA=18
5,13:HI=18
1,1:QI=18
1,2:AH=16
5,11:FOH=16
14,9:HAD=16
14,9:HID=16
8,13:IF=16
8,13:OF=16
9,3:OHIA=16
1,12:OHO=16
4,10:FIZ=15
11,3:HAO=15
2,13:IF=15
2,13:OF=15
2,11:QAID=15
0,13:AHA=14
0,13:AHI=14
6,12:OAF=14
2,13:AH=13
8,13:AH=13
2,13:OH=13
8,13:OH=13
1,0:AHI=12
14,9:AID=12
1,1:FA=12
1,1:HA=11
1,1:HI=11
6,12:OOH=11
0,2:PHI=11
0,12:WHA=11
0,12:WHO=11
14,11:DAH=10
5,12:OF=10
5,11:OOH=10
14,10:AD=9
1,1:AI=9
12,2:HIC=9
11,13:HO=9
14,10:ID=9
13,10:KA=9
13,10:KI=9
1,1:OI=9
0,2:PAH=9
0,2:POH=9
1,8:RAH=9
12,3:AGLEE=8
0,13:AH=8
10,4:AVO=8
2,12:FAD=8
2,12:FID=8
1,13:HO=8
8,13:INFO=8
3,5:LOAF=8
10,13:OF=8
5,12:OH=8
10,4:OVA=8
10,13:AH=7
8,13:AI=7
2,12:HAD=7
2,12:HID=7
2,12:HOD=7
5,8:MORA=7
10,13:OH=7
6,12:OHO=7
8,13:OI=7
0,2:PIA=7
0,2:POI=7
0,9:ABA=6
0,9:ABO=6
9,13:NAH=6
9,13:NOH=6
0,2:PA=6
0,2:PI=6
0,12:WO=6
3,7:AAH=5
3,7:AHA=5
3,7:AHI=5
10,13:AI=5
2,12:AID=5
3,13:FE=5
8,13:INIA=5
6,12:OF=5
10,13:OI=5
1,8:RAI=5
1,8:RIA=5
0,3:UH=5
2,13:AD=4
13,9:AH=4
3,7:AH=4
2,4:AL=4
8,13:ANI=4
3,13:HE=4
5,11:HO=4
2,13:ID=4
2,13:OD=4
6,12:OH=4
5,12:OI=4
12,11:TOO=4
8,13:AN=3
8,13:IN=3
2,5:LA=3
2,5:LI=3
2,5:LO=3
9,13:NA=3
9,13:NO=3
8,13:ON=3
13,9:AA=2
3,7:AA=2
3,13:AE=2
13,9:AI=2
3,7:AI=2
3,13:OE=2
6,12:OI=2
