 54  6,11 - IZARDS
 51  5,11 - DITZY
 48  5,11 - RITZY
 45  6,11 - IZARD
 42  6,11 - IZARS
 42  5,11 - SIZAR
 39  6,11 - IZAR
 36  1,11 - SATYRID
 36  5,8  - YUTZ
 27  4,11 - YAIRDS
 25  7,4  | TZARS
 24  5,11 - DIARY
 24  5,11 - DIRTY
 24  5,11 - DITSY
 24  3,11 - SAYID
 24  5,11 - YIRDS
 22  6,6  - KYARS
 22  6,6  - KYATS
 21  7,4  | DRAYS
 21  4,11 - TRIADS
 21  7,4  | TZAR
 20  7,5  | DAYS
 20  7,4  | TRAYS
 20  7,5  | ZAS
 19  7,5  | RAYS
 18  7,6  | AYS
 18  5,11 - DIRTS
 18  5,11 - DITAS
 18  6,6  - KARST
 18  6,6  - KARTS
 18  3,11 - STAID
 18  2,6  - STARK
 18  7,3  | STRAY
 18  5,10 - TODAYS
 18  2,11 - TSADI
 17  7,4  | DRAY
 17  7,5  | RADS
 17  4,8  - STUDY
 17  7,5  | TADS
 17  3,9  - TZARS
 17  4,8  - YAUDS
 17  7,5  | ZA
 16  7,6  | ADS
 16  7,5  | DART
 16  7,5  | DAY
 16  5,7  - DOZY
 16  5,10 - DOZY
 16  4,8  - SAURY
 16  7,4  | STAY
 16  4,8  - STURDY
 16  7,4  | TRAY
 15  5,11 - AIRTS
 15  3,11 - ASTIR
 15  5,9  | AYS
 15  7,5  | RAY
 15  3,11 - SADI
 15  7,5  | SAY
 15  5,11 - SITAR
 15  5,11 - SIZY
 15  3,11 - STAIR
 15  3,11 - STRIA
 15  7,5  | TARS
 15  2,11 - TARSI
 15  3,9  - TZAR
 14  7,6  | ARS
 14  7,6  | ART
 14  7,6  | AY
 14  5,11 - DITZ
 14  5,8  - DUTY
 14  7,4  | RYAS
 14  7,4  | TRAD
 14  4,8  - YAUD
 13  5,9  | ADS
 13  4,8  - DAUTS
 13  7,5  | RAD
 13  5,11 - RITZ
 13  7,5  | SAD
 13  2,9  - STARRY
 13  7,5  | TAD
 13  7,5  | YAR
 13  5,11 - ZITS
 12  7,6  | AD
 12  5,9  - ARTSY
 12  5,9  | AY
 12  4,7  - AZO
 12  4,10 - AZO
 12  3,6  - DARKY
 12  5,9  - DRAYS
 12  5,9  - DRYS
 12  3,11 - SARI
 12  3,11 - SATI
 12  7,4  | STAR
 12  5,8  - SUDARY
 12  2,10 - TARDO
 12  3,9  - TARRY
 12  5,7  - TODAYS
 12  7,4  | TSAR
 12  5,11 - ZIT
 12  5,7  - ZOA
 12  5,10 - ZOA
 11  4,8  - ADUST
 11  5,7  - DORTY
 11  5,9  - DRY
 11  5,8  - DUSTY
 11  7,5  | RAS
 11  7,4  | RYA
 11  3,6  - SARKY
 11  2,9  - SATYR
 11  3,9  - STARRY
 11  7,5  | TAR
 11  4,9  - TARDY
 11  7,5  | TAS
 11  5,7  - TOADY
 11  5,7  - TODAY
 11  5,8  - TURDS
 11  4,9  - YARDS
 10  5,9  | AD
 10  7,6  | AR
 10  7,6  | AS
 10  3,6  - DARKS
 10  4,8  - DAUT
 10  5,9  - DRATS
 10  5,9  - DRAY
 10  6,6  - KAYS
 10  6,6  - KYAR
 10  6,6  - KYAT
 10  5,8  - RUSTY
 10  6,9  - RYAS
 10  5,8  - SURD
 10  5,9  - TRAYS
 10  5,8  - TURD
 10  6,8  - URDS
 10  7,5  | YA
 10  5,10 | YA
 10  4,6  - YAKS
 10  4,9  - YARD
 10  5,8  - YURTA
 10  5,8  - YURTS
  9  4,6  - DAKS
  9  3,6  - DARK
  9  5,8  - DURAS
  9  5,8  - DURST
  9  6,6  - KAY
  9  5,6  - SKY
  9  4,9  - STRAY
  9  4,9  - TARRY
  9  5,9  - TRY
  9  6,8  - URD
  9  4,6  - YAK
  9  5,8  - YURT
  8  4,6  - ARKS
  8  5,9  - ARTY
  8  5,9  | AS
  8  5,9  | AT
  8  4,11 - DAIRY
  8  4,11 - DAISY
  8  4,6  - DAK
  8  4,9  - DARTS
  8  3,7  - DATOS
  8  5,10 - DORTY
  8  5,9  - DRAT
  8  5,8  - DURA
  8  5,8  - DUST
  8  6,6  - KART
  8  6,6  - KATS
  8  6,9  - RAYS
  8  6,9  - RYA
  8  4,9  - SARD
  8  3,6  - SARK
  8  5,6  - SKAT
  8  3,7  - STROY
  8  4,8  - STUD
  8  5,8  - SUTRA
  8  7,5  | TA
  8  3,6  - TASK
  8  5,10 - TOADY
  8  5,10 - TODAY
  8  5,9  - TRAY
  8  3,7  - TYROS
  8  4,11 - YAIRD
  7  4,6  - ARK
  7  4,6  - ASK
  7  4,9  - DART
  7  3,7  - DATO
  7  5,7  - DOATS
  7  5,7  - DORSA
  7  5,7  - DORY
  7  5,10 - DORY
  7  5,7  - DOTY
  7  5,10 - DOTY
  7  6,6  - KAS
  7  6,6  - KAT
  7  6,7  - ORAD
  7  6,9  - RADS
  7  5,7  - ROADS
  7  5,8  - RUST
  7  5,8  - RUTS
  7  4,7  - RYOTS
  7  4,10 - RYOTS
  7  3,7  - SAROD
  7  5,6  - SKA
  7  4,7  - STORY
  7  4,10 - STORY
  7  3,10 - STROY
  7  5,8  - SURA
  7  2,7  - TARDO
  7  4,8  - TAUS
  7  5,11 - TIDY
  7  5,7  - TOADS
  7  5,7  - TODY
  7  5,10 - TODY
  7  5,9  - TRAD
  7  4,7  - TROYS
  7  4,10 - TROYS
  7  4,6  - TSK
  7  3,7  - TYRO
  7  3,10 - TYROS
  7  6,8  - URSA
  7  6,8  - UTAS
  7  5,11 - YIRD
  7  5,7  - YODS
  7  5,10 - YODS
  6  4,11 - ADITS
  6  5,11 - AIRY
  6  5,9  - ARTS
  6  3,10 - DATOS
  6  5,10 - DOATS
  6  5,10 - DORSA
  6  6,6  - KA
  6  6,7  - ODAS
  6  4,11 - RAIDS
  6  3,7  - RATOS
  6  6,9  - RATS
  6  6,9  - RAY
  6  5,10 - ROADS
  6  5,7  - ROAST
  6  5,7  - ROSY
  6  5,10 - ROSY
  6  5,7  - ROTAS
  6  4,7  - RYOT
  6  4,10 - RYOT
  6  3,10 - SAROD
  6  4,8  - SAU
  6  5,7  - SORTA
  6  5,7  - SOYA
  6  5,10 - SOYA
  6  3,9  - STAR
  6  5,10 | TA
  6  3,7  - TAROS
  6  4,9  - TARS
  6  4,8  - TAU
  6  5,10 - TOADS
  6  5,7  - TORAS
  6  5,7  - TORY
  6  5,10 - TORY
  6  5,7  - TOYS
  6  5,10 - TOYS
  6  4,11 - TRIAD
  6  4,7  - TROY
  6  4,10 - TROY
  6  3,9  - TSAR
  6  3,10 - TYRO
  6  6,8  - UTA
  6  6,8  - UTS
  6  4,9  - YAR
  6  5,7  - YOD
  6  5,10 - YOD
  5  4,11 - ADIT
  5  4,7  - ADOS
  5  4,10 - ADOS
  5  5,11 - AIDS
  5  4,11 - ARID
  5  5,9  - ARS
  5  5,9  - ART
  5  4,11 - DAIS
  5  3,10 - DATO
  5  5,11 - DIRT
  5  5,11 - DITA
  5  5,11 - DITS
  5  5,7  - DOAT
  5  5,10 - DOAT
  5  5,7  - DORS
  5  5,10 - DORS
  5  5,7  - DOST
  5  5,10 - DOST
  5  5,7  - DOTS
  5  5,10 - DOTS
  5  6,7  - OARS
  5  6,7  - OAST
  5  6,7  - OATS
  5  6,10 - ODAS
  5  6,10 - ORAD
  5  6,7  - ORTS
  5  6,7  - OSAR
  5  6,9  - RAD
  5  4,11 - RAID
  5  3,7  - RATO
  5  3,10 - RATOS
  5  5,11 - RIDS
  5  5,7  - ROAD
  5  5,10 - ROAD
  5  5,10 - ROAST
  5  5,7  - RODS
  5  5,10 - RODS
  5  5,10 - ROTAS
  5  4,11 - SAID
  5  5,7  - SODA
  5  5,10 - SODA
  5  5,7  - SORD
  5  5,10 - SORD
  5  5,10 - SORTA
  5  5,7  - SOY
  5  5,10 - SOY
  5  3,7  - TARO
  5  3,10 - TAROS
  5  5,7  - TOAD
  5  5,10 - TOAD
  5  5,7  - TODS
  5  5,10 - TODS
  5  5,10 - TORAS
  5  5,7  - TOY
  5  5,10 - TOY
  5  4,7  - TROD
  5  4,10 - TROD
  4  4,7  - ADO
  4  4,10 - ADO
  4  5,11 - AID
  4  5,11 - AIRS
  4  5,11 - AIRT
  4  5,11 - AITS
  4  5,11 - DIS
  4  5,11 - DIT
  4  5,7  - DOR
  4  5,10 - DOR
  4  5,7  - DOS
  4  5,10 - DOS
  4  5,7  - DOT
  4  5,10 - DOT
  4  6,11 - IDS
  4  6,10 - OARS
  4  6,10 - OAST
  4  6,10 - OATS
  4  6,7  - ODA
  4  6,10 - ODA
  4  6,7  - ODS
  4  6,10 - ODS
  4  6,10 - ORTS
  4  6,10 - OSAR
  4  6,7  - OY
  4  6,10 - OY
  4  4,11 - RAIS
  4  6,9  - RAS
  4  6,9  - RAT
  4  3,10 - RATO
  4  5,11 - RIAS
  4  5,11 - RID
  4  5,7  - ROD
  4  5,10 - ROD
  4  5,7  - ROTA
  4  5,10 - ROTA
  4  5,7  - ROTS
  4  5,10 - ROTS
  4  5,8  - RUT
  4  5,7  - SOAR
  4  5,10 - SOAR
  4  5,7  - SOD
  4  5,10 - SOD
  4  5,7  - SORA
  4  5,10 - SORA
  4  5,7  - SORT
  4  5,10 - SORT
  4  4,11 - STIR
  4  4,7  - STOA
  4  4,10 - STOA
  4  4,7  - TAOS
  4  4,10 - TAOS
  4  4,9  - TAR
  4  3,10 - TARO
  4  5,7  - TOD
  4  5,10 - TOD
  4  5,7  - TORA
  4  5,10 - TORA
  4  5,7  - TORS
  4  5,10 - TORS
  4  5,7  - YO
  4  5,10 - YO
  3  5,11 - AIR
  3  5,11 - AIS
  3  5,11 - AIT
  3  5,9  - AR
  3  5,7  - DO
  3  5,10 - DO
  3  6,11 - ID
  3  6,11 - ITS
  3  6,7  - OAR
  3  6,10 - OAR
  3  6,7  - OAT
  3  6,10 - OAT
  3  6,7  - OD
  3  6,10 - OD
  3  6,7  - ORA
  3  6,10 - ORA
  3  6,7  - ORS
  3  6,10 - ORS
  3  6,7  - ORT
  3  6,10 - ORT
  3  4,11 - RAI
  3  5,11 - RIA
  3  5,7  - ROT
  3  5,10 - ROT
  3  5,11 - SIR
  3  5,11 - SIT
  3  5,7  - SOT
  3  5,10 - SOT
  3  4,11 - SRI
  3  4,7  - TAO
  3  4,10 - TAO
  3  5,11 - TIS
  3  5,7  - TOR
  3  5,10 - TOR
  3  6,8  - US
  3  6,8  - UT
  2  5,11 - AI
  2  6,11 - IS
  2  6,11 - IT
  2  6,7  - OR
  2  6,10 - OR
  2  6,7  - OS
  2  6,10 - OS
  2  5,11 - SI
  2  5,7  - SO
  2  5,10 - SO
  2  5,11 - TI
  2  5,7  - TO
  2  5,10 - TO
