 53  1,9  - MOKE
 53  1,9  - MOVE
 50  1,9  - HOKE
 50  1,9  - HOVE
 50  1,9  - YOKE
 44  1,9  - HOME
 32  1,7  - YOKEMATE
 23  5,7  | MIKE
 21  5,7  | HIKE
 21  5,7  | HIVE
 21  1,7  - MOKE
 21  1,7  - MOVE
 20  1,7  - HOKE
 20  1,7  - HOVE
 20 11,1  | VIDEO
 20  1,7  - YOKE
 19 11,1  | VIDE
 18  5,7  | HIM
 18  1,7  - HOME
 18 11,1  | KID
 18  5,7  - MATEY
 18 11,1  | VID
 17  2,7  - KYE
 17  2,9  - KYE
 17  2,7  - OKE
 17  2,9  - OKE
 16  2,7  - MHO
 15 11,1  | MID
 14  5,8  | IVY
 14  3,7  - ME
 14  3,9  - ME
 14  3,7  - MO
 14  4,2  | MOCK
 13  4,8  | FYKE
 13  4,2  | HECK
 13 11,1  | HIDE
 13  4,2  | HOCK
 13  2,7  - VOE
 13  2,9  - VOE
 13  4,2  | YOCK
 12  3,7  - HE
 12  3,9  - HE
 12 11,1  | HID
 12  5,7  | HIE
 12  3,7  - HO
 12  5,7  - MATE
 12  5,2  | MERK
 12  5,7  | MI
 12  3,7  - YE
 12  3,9  - YE
 12  3,7  - YO
 11 10,7  | HEMAL
 11  2,7  - HOE
 11  2,9  - HOE
 11  3,6  - MEOWEd
 11  4,2  | MYC
 11  5,4  | RHO
 11  5,2  | VERY
 11  4,6  - VOWEd
 11  4,2  | YECH
 11  5,2  | YERK
 10  9,5  - EM
 10  5,7  - HATE
 10  5,2  | HERM
 10  5,7  | HI
 10  4,6  | KEF
 10  4,6  - MEWEd
 10  4,6  - MOWEd
  9  4,3  | ECHO
  9  9,5  - EH
  9  4,8  | FEM
  9  4,6  - HEWEd
  9  8,1  | KEEL
  9  8,1  | KOEL
  9  5,2  | KORE
  9  4,2  | MOC
  9 10,8  | OVAL
  9  5,1  | OVER
  9 10,8  | VEAL
  9  4,6  - YOWEd
  8  4,4  | COY
  8  4,8  | FEH
  8  4,8  | FEY
  8  4,8  | FOH
  8  4,8  | FOY
  8 11,2  | IDEM
  8  5,2  | KOR
  8 10,8  | MEAL
  8  5,2  | MORE
  8  3,7  - OE
  8  3,9  - OE
  8  5,1  | OMER
  7 10,8  | HEAL
  7  8,1  | HEEL
  7  5,2  | HERO
  7  5,1  | HOER
  7  8,2  | MEL
  7  5,2  | MOR
  7  7,9  | OD
  7  7,9  - OI
  7  5,1  | OYER
  7  5,2  | YORE
  6  4,8  | FOE
  6  5,2  | HER
  6  5,6  - OWEd
  5  4,7  | EF
  5  4,8  | FE
  5  4,7  | OF
  4  8,2  | EEL
  4  5,3  | ORE
  4  9,3  | OSE
  3  5,3  | ER
  3  5,3  | OR
  2  5,4  | RE
