 52  8,8  - ZAS
 50 11,7  | FIZ
 38  9,7  | BIZ
 38  9,7  | FIZ
 36  9,1  | ZAS
 35  7,8  - ABOS
 35 11,7  | FABS
 35 11,7  | FIBS
 35 11,7  | FOBS
 35  4,6  | NAZIS
 35  7,8  - OBAS
 35  7,8  - OBIS
 35  4,3  | OF
 34  8,8  - BAS
 34  8,8  - BIS
 34  8,8  - BOS
 34  8,8  - FAS
 34  4,6  | NAZI
 33  9,7  | OBIAS
 32 11,7  | FAB
 32  7,8  - FABS
 32 11,7  | FIB
 32  7,8  - FIBS
 32 11,7  | FOB
 32  7,8  - FOBS
 32 11,1  | ZAS
 31  4,4  | FONS
 31  3,7  - SOFA
 30  6,4  - FOB
 30  4,4  | FON
 30  7,4  - OBIA
 30  6,8  - OBIAS
 29  7,8  - BIAS
 29  7,8  - BIOS
 29  7,8  - BOAS
 29  7,8  - OAFS
 28  8,8  - ABS
 28  8,8  - IFS
 27  9,7  | FABS
 27  9,7  | FIBS
 27  9,7  | FOBS
 27  8,2  | OAF
 27  6,4  - SOB
 26  9,7  | FAB
 26  9,7  | FIB
 26  9,7  | FOB
 26 11,5  | OAFS
 25  8,8  - AIS
 25  2,9  | AZO
 25  1,7  - EFS
 25 11,5  | OAF
 24  8,2  - ZA
 24  1,9  - nAZIS
 23 11,7  | FAS
 23 11,7  | SOBA
 23 11,7  | SOFA
 22  9,8  - AS
 22  9,8  - IS
 22  9,8  - OS
 22 10,8  - SI
 22 10,8  - SO
 22  1,9  - nAZI
 21 11,1  | BASSO
 21  9,7  | BIAS
 21  9,7  | BIOS
 21  9,7  | BOAS
 21 11,1  | FOSSA
 21 11,6  | OF
 20  9,7  | BAS
 20  9,7  | BIO
 20  9,7  | BIS
 20  9,7  | BOA
 20  9,7  | BOS
 20  9,7  | FAS
 20 10,3  | KANJIS
 20 11,7  | SAB
 20 11,7  | SIB
 20 11,7  | SOB
 19  9,7  - BIZ
 19  2,8  | BOAS
 19  9,7  - FIZ
 19  3,7  - SO
 19  5,4  - ZOOS
 18  9,1  | ABS
 18  9,7  | BA
 18  9,1  | BAS
 18  9,7  | BI
 18  9,1  | BIS
 18  9,7  | BO
 18  9,1  | BOS
 18  9,7  | FA
 18  9,1  | FAS
 18  9,7  | FI
 18  9,1  | IFS
 18  4,5  | SNIB
 18  4,5  | SNOB
 18  8,2  | ZAS
 18  6,4  - ZOA
 17  4,3  | AS
 17  9,7  | AZO
 17  2,8  | BAS
 17 11,1  | BASS
 17  2,8  | BOA
 17  2,8  | BOS
 17 11,1  | BOSS
 17  4,1  | FA
 17 11,1  | FOSS
 17  9,2  | ISBA
 17  4,6  | NABIS
 17  4,3  | OS
 16  6,4  | BAAS
 16  5,5  - BAGS
 16  1,1  - BELS
 16  5,5  - FAGS
 16  4,6  | NABS
 16  4,6  | NIBS
 16  4,6  | NOBS
 16  4,2  | SO
 16  2,8  | SOBA
 16  2,8  | SOFA
 15 11,6  | AS
 15  6,4  | BAA
 15  5,5  - BAG
 15  1,1  - BEL
 15  5,5  | BIZ
 15  5,5  | FIZ
 15 11,2  | ISBA
 15  4,6  | NAB
 15  4,6  | NIB
 15  4,6  | NOB
 15  9,7  | OAFS
 15 11,6  | OS
 15  9,7  | SOBA
 15  9,7  | SOFA
 14 11,1  | BAS
 14 11,1  | BIS
 14 11,1  | BOS
 14 11,1  | FAS
 14  3,4  - IFS
 14  9,7  | OAF
 14  9,1  | OSSA
 14  9,7  | SAB
 14  2,8  | SAB
 14  9,7  | SIB
 14  9,7  | SOB
 14  2,8  | SOB
 13  8,1  | ABAS
 13  2,9  | ABO
 13  5,4  - ABOS
 13  2,9  | ABS
 13  8,1  | BAAS
 13  8,1  | BIAS
 13  5,4  - BIOS
 13  8,1  | BOAS
 13  5,4  - BOOS
 13  9,7  - FIB
 13  3,4  - IF
 13  3,1  | LEVIERS
 13  2,9  | OAF
 13  2,9  | OBA
 13  8,1  | OBAS
 13  2,9  | OBI
 13  4,7  - OF
 12  9,7  | ABOS
 12  5,4  - AZO
 12  6,6  | AZO
 12  8,2  - BA
 12  8,2  | BAS
 12  8,2  - BI
 12  8,2  - BO
 12  6,4  - BOA
 12  6,4  - BOS
 12  2,6  | EFS
 12  8,2  - FA
 12  5,7  - FA
 12  8,2  | FAS
 12  8,2  - FI
 12  5,7  - FI
 12  9,7  | OBAS
 12  9,7  | OBIA
 12  9,7  | OBIS
 12 11,1  | OSSIA
 12  4,4  | SON
 12  1,5  - TOEAS
 12  8,1  | ZOA
 12  5,4  - ZOO
 12  1,9  - nABIS
 11  2,9  | AB
 11  9,7  | ABO
 11  9,7  | ABS
 11  8,7  - IBIS
 11 10,6  - JA
 11 10,6  - JO
 11  1,3  - LEVIS
 11  4,6  | NAIFS
 11  9,7  | OBA
 11  9,7  | OBI
 11  8,7  - OBIA
 11  8,7  - OBIS
 11  2,9  | OF
 11  8,2  | ZA
 11  1,8  - aZO
 10  2,8  | BA
 10  9,7  - BIO
 10  9,7  - BIS
 10  2,8  | BO
 10  2,6  | EF
 10  1,7  - EF
 10 11,7  | FA
 10 11,7  | FI
 10  5,5  | FIBS
 10  4,6  | NAIF
 10  8,7  - OBI
 10  5,5  - SAGO
 10  1,1  - SELF
 10  1,9  - nABS
 10  1,9  - nIBS
 10  1,9  - nOBS
  9  8,2  | AAS
  9  9,7  | AB
  9  9,1  | AIS
  9  9,1  | ASS
  9  9,7  - BI
  9  9,7  - FI
  9  5,5  | FIB
  9  7,5  - GAINS
  9  1,3  - LEVA
  9  1,3  - LEVO
  9  9,7  | OF
  9  6,4  - OOS
  9 11,2  | OSSA
  9  5,5  - SAG
  9  9,1  | SIS
  9  9,1  | SOS
  9  1,5  - TOEA
  9  1,9  - nAB
  9  1,9  - nAIFS
  9  1,9  - nIB
  9  1,9  - nOB
  8 11,1  | ABS
  8  8,3  | AI
  8  9,7  | AIS
  8  8,3  | AS
  8  7,5  - GAIN
  8  5,6  | IBIS
  8 11,1  | IFS
  8  5,6  | ISBA
  8  5,4  | OBIAS
  8  2,5  | OES
  8  7,4  - OI
  8  7,4  - OS
  8 11,1  | OSSA
  8  1,8  - aBAS
  8  1,8  - aBOS
  7  6,5  | AAS
  7  6,6  | ABAS
  7  6,6  | ABOS
  7  6,5  - AGO
  7  6,5  - AGS
  7  2,9  | AIS
  7  4,7  - AS
  7  5,5  | BIAS
  7  5,5  | BIOS
  7  2,1  - ELF
  7  5,4  | IBIS
  7  4,6  | NAOI
  7  4,6  | NAOS
  7  5,4  | OBIA
  7  5,4  | OBIS
  7  4,7  - OS
  7  9,7  - SIB
  7  1,9  - nAIF
  6  6,5  | AA
  6  8,1  | ABA
  6  6,6  | ABA
  6  5,4  - ABO
  6  6,6  | ABO
  6  6,6  | ABS
  6  6,5  - AG
  6  8,2  - AI
  6  9,7  | AI
  6  9,7  | AS
  6  8,1  | BAA
  6  5,4  - BIO
  6  5,5  | BIO
  6  5,5  | BIS
  6  8,1  | BOA
  6  5,4  - BOO
  6  5,6  | IFS
  6  4,6  | NOS
  6  8,1  | OBA
  6  5,4  | OBI
  6  9,7  | OI
  6  4,5  | ONS
  6  9,7  | OS
  6  1,1  - SEL
  6  5,7  - SI
  6  9,7  | SI
  6  5,5  | SIB
  6  9,7  | SO
  6  2,2  - YEAS
  5  6,6  | AB
  5  2,5  | AE
  5  2,9  | AI
  5 11,1  | AIS
  5  9,5  - ANI
  5  2,9  | AS
  5 11,1  | ASS
  5 11,2  | ASS
  5  8,2  | BA
  5  5,5  | BI
  5  6,4  - BO
  5  3,5  - EO
  5  8,2  | FA
  5  5,5  | FI
  5  5,6  | IF
  5 10,7  - IF
  5  9,5  - INS
  5  2,5  | OE
  5  2,9  | OI
  5  4,5  | ON
  5  9,5  - ONS
  5  2,9  | OS
  5 11,1  | SIS
  5 11,1  | SOS
  5  1,5  - TAE
  5  1,5  - TOE
  5  2,2  - YEA
  5  2,2  - YES
  5  1,8  - aBA
  5  1,8  - aBO
  5  1,8  - aBS
  4 10,4  - AI
  4  9,7  - AIS
  4  9,5  - AN
  4  2,1  - ELS
  4  2,6  | EO
  4  1,7  - EO
  4  2,6  | ES
  4  1,7  - ES
  4  7,5  - GI
  4  7,5  - GO
  4  9,5  - IN
  4  3,4  - IS
  4  9,5  - ON
  4 11,3  | SI
  4 11,7  | SI
  4 11,7  | SO
  4  2,8  | SO
  4  1,8  - aB
  4  1,9  - nAOI
  4  1,9  - nAOS
  3  6,6  | AAS
  3  9,7  - AI
  3  5,5  | AIS
  3  6,6  | AIS
  3 10,5  - NA
  3  4,6  | NA
  3 10,5  - NO
  3  4,6  | NO
  3  9,7  - OI
  3  9,7  - SI
  3  1,9  - nOS
  2  8,2  | AA
  2  6,6  | AA
  2  5,5  | AI
  2  6,6  | AI
  2  9,2  | AS
  2 11,2  | AS
  2  6,6  | AS
  2  9,2  | IS
  2 11,2  | IS
  2  5,6  | IS
  2 10,7  - IS
  2  5,5  | OI
  2  6,4  - OO
  2  9,2  | OS
  2 11,2  | OS
  2  5,5  | SI
  2  6,4  - SO
  2  1,8  - aAS
  2  1,8  - aIS
  1  1,8  - aA
  1  1,8  - aI
  1  1,8  - aS
  1  1,9  - nA
  1  1,9  - nO
