 42  6,10 - DRIFT
 36  6,10 - THIRD
 22  6,1  | BIRTHS
 22  2,2  | BRIDAL
 22  6,1  | BRITHS
 22  6,10 - DRIB
 22  6,1  | FIRTHS
 22  6,1  | FRITHS
 22  5,10 - ID
 20  2,10 - BE
 20  2,10 | BO
 20  6,10 - DIB
 20  6,10 - DIF
 20  6,1  | DRIFTS
 20  2,2  | TRIBAL
 18  6,2  | BIRDS
 18  6,2  | DRIBS
 18  5,10 - IT
 18  6,1  | THIRDS
 16  6,2  | BRITS
 16  6,10 - DIRT
 16  6,2  | FRITS
 16  2,10 - HE
 16  2,10 | HO
 16  6,2  | RIFTS
 16  6,10 - THIR
 14  6,10 - DIT
 12  2,10 - DE
 12  6,2  | DIRTS
 12  2,10 | DO
 10  6,3  | FIBS
 10  5,6  | NEWSIE
  8  6,3  | BIDS
  8  2,4  | DHAL
  8  6,3  | DIBS
  8  6,3  | DIFS
  8  6,3  | FIDS
  8  6,10 - TI
  7  2,5  | BAL
  7  6,3  | BITS
  7  6,3  | BRIS
  7  6,3  | FIRS
  7  6,3  | FITS
  7  6,5  - IB
  7  7,7  - IB
  7  6,5  - IF
  7  7,7  - IF
  7  6,3  | RIBS
  7  6,3  | RIFS
  7  2,5  | TALI
  7  2,3  | TIDAL
  6  6,4  | BIS
  6  2,4  | DIAL
  6  6,3  | HITS
  6  6,4  | IFS
  6  6,3  | THIS
  6  2,3  | TRIAL
  6  6,8  | mED
  5  2,5  | DAL
  5  6,3  | DITS
  5  6,4  | HIS
  5  6,5  - ID
  5  7,7  - ID
  5  2,4  | RIAL
  5  6,3  | RIDS
  4  6,4  | DIS
  4  6,4  | IDS
  4  6,5  - IT
  4  7,7  - IT
  4  6,8  | mET
  3  6,4  | ITS
  3  6,4  | TIS
  2  6,5  | IS
  2  7,7  | IS
