 36  3,1  | HOTELS
 33  3,1  | HOLES
 33  3,1  | HOSEL
 33  3,1  | HOTEL
 33  3,1  | SHIEL
 27  3,1  | HOLE
 27  3,1  | ISLET
 27  3,1  | SOLEI
 27  3,1  | TILES
 27  3,1  | TOLES
 26  7,1  | HOSE
 25  7,1  | LOSE
 24  3,5  - LIFE
 23  7,2  | OSE
 21  1,3  - HIT
 21  3,1  | HOSE
 21  1,3  - HOT
 21  3,1  | ISLE
 21  3,1  | SHOE
 21  3,1  | SOLE
 21  1,3  - THO
 21  3,1  | TILE
 21  3,1  | TOLE
 18  1,3  - LIT
 18  3,1  | LITE
 18  3,1  | LOSE
 18  1,3  - LOT
 18  4,2  | LOX
 18  3,1  | SLOE
 17  4,2  | SOX
 16  8,5  | HAILS
 16  8,7  - IS
 16  4,3  - OKA
 16  4,3  | OX
 16  1,5  - QIS
 15  3,4  | EOLITHS
 15  7,4  | ETCH
 15  8,5  | HAIL
 15  3,3  | HELIOS
 15  3,3  | HELOTS
 15  7,1  | HO
 15  8,5  | OATHS
 15  1,3  - SIT
 15  3,1  | SITE
 15  1,3  - SOT
 14  3,4  | EOLITH
 14  8,5  | HALOS
 14  8,5  | HALTS
 14  3,3  | HELIO
 14  3,3  | HELOS
 14  3,3  | HELOT
 14  7,1  | LO
 14  8,5  | OATH
 14  2,3  - OH
 14  2,5  - OH
 14 10,6  | ROSHI
 14  2,3  - SH
 14  2,5  - SH
 13  7,6  | CLOTHS
 13  8,5  | HALO
 13  8,5  | HALT
 13  3,3  | HEILS
 13  7,1  | SO
 13  8,5  | TAHSIL
 13  7,1  | TO
 12  7,6  | CLOTH
 12  7,6  | COSH
 12  8,5  | HAST
 12  8,5  | HATS
 12  3,3  | HEIST
 12  3,3  | HELO
 12 10,6  | ROILS
 12 10,6  | ROTLS
 12  3,2  | SHEOL
 12  8,5  | TAILS
 11  8,6  | ASH
 11  7,6  | CHITS
 11  7,6  | COILS
 11  9,1  | GAOLERS
 11  3,3  | HEIL
 11  6,2  - JO
 11  5,3  - KAT
 11  1,5  - OIL
 11  1,5  - SOL
 11  8,5  | TAIL
 11  7,3  | TE
 11  1,5  - TIL
 10  8,6  | ALTHO
 10  7,6  | CHIS
 10  7,6  | CHIT
 10  7,6  | CLOTS
 10  7,6  | COIL
 10  7,6  | COLTS
 10  3,4  | ELHI
 10  3,3  | HEST
 10  3,3  | HETS
 10 10,6  | RIOTS
 10 10,6  | ROTIS
 10  3,3  | TELOI
 10  3,3  | TELOS
  9  8,6  | AILS
  9  7,6  | CLOT
  9  7,6  | COLS
  9  7,6  | COLT
  9  3,4  | ETHOS
  9  8,5  | HAO
  9  8,5  | HAS
  9  8,5  | HAT
  9  3,3  | HES
  9  3,3  | HET
  9  1,5  - HIS
  9  1,5  - HIT
  9  1,5  - HOS
  9  1,5  - HOT
  9  1,5  - OHS
  9  8,5  | TALI
  8  8,6  | AHIS
  8  8,6  | AIL
  8  8,6  | ALIST
  8  8,6  | ALTOS
  8  7,6  | CHI
  8  7,6  | CIST
  8  7,6  | COST
  8  7,6  | COTS
  8  3,4  | ETHS
  8  8,5  | HA
  8  8,5  - HE
  8  3,2  | HIES
  8  2,3  - HO
  8  3,2  | HOES
  8  3,3  | LEIS
  8  3,3  | LEST
  8  3,3  | LETS
  8  1,5  - LIS
  8  1,5  - LIT
  8  1,5  - LOT
  8  8,5  | OAST
  8  8,5  | OATS
  8  3,2  | OLES
  8  3,2  | SHE
  8  8,5  | TAOS
  8  3,3  | TELS
  8  3,2  | THE
  7  8,6  | AHI
  7  8,6  | AHS
  7  8,6  | ALIT
  7  8,6  | ALSO
  7  8,6  | ALTO
  7  8,6  | ALTS
  7  7,6  | COL
  7  3,4  | EH
  7  9,1  - GI
  7  9,1  - GO
  7  3,3  | HE
  7  7,1  - HOG
  7 10,1  | ID
  7  1,5  - ITS
  7  3,3  | LEI
  7  3,3  | LES
  7  3,3  | LET
  7  3,2  | LIES
  7  9,4  - LIP
  7  2,3  - LO
  7  9,4  - LOP
  7 10,1  | OD
  7  3,3  | SEL
  7  1,5  - SIT
  7  1,5  - SOT
  7  3,3  | TEL
  7  1,5  - TIS
  6  8,6  | AITS
  6  8,6  | ALS
  6  8,6  | ALT
  6  7,6  | CIS
  6  7,6  | COS
  6  7,6  | COT
  6  3,4  | ELS
  6  3,4  | ETH
  6  3,2  | HIE
  6  3,2  | HOE
  6  2,5  - IS
  6  2,3  - IT
  6  2,5  - IT
  6  7,1  - LOG
  6  3,2  | OLE
  6  2,5  - OS
  6 10,6  | RHOS
  6  2,3  - SO
  6  3,2  | TIES
  6  2,3  - TO
  6  3,2  | TOES
  5  8,6  | AIS
  5  8,6  | AIT
  5  3,4  | EL
  5  3,2  | LIE
  5  8,5  | OAT
  5  3,3  | OES
  5 10,6  | RHO
  5 10,6  | ROIL
  5 10,6  | ROTL
  5  3,3  | SEI
  5  3,3  | SET
  5  8,5  | TAO
  5  8,5  | TAS
  5  7,1  - TOG
  4  8,6  | AH
  4  8,3  - HO
  4  3,2  | OSE
  4 10,6  | RIOT
  4 10,6  | ROTI
  4 10,6  | ROTS
  4  8,5  | TA
  4  8,5  - TE
  4  3,2  | TIE
  4  3,2  | TOE
  3  8,6  | AL
  3  3,4  | ES
  3  3,4  | ET
  3  8,3  - LO
  3  3,3  | OE
  3 10,6  | ROT
  3  3,3  | TE
  2  8,6  | AI
  2  8,6  | AS
  2  8,6  | AT
  2  8,3  - SO
  2  8,3  - TO
